V/MediaPlayer-JNI( 8856): isPlaying: 1
V/MediaPlayer-JNI( 8856): isPlaying: 1
V/MediaPlayer-JNI( 8856): isPlaying: 1
V/MediaPlayer-JNI( 8856): isPlaying: 1
V/MediaPlayer-JNI( 8856): isPlaying: 1
V/MediaPlayer-JNI( 8856): isPlaying: 1
V/MediaPlayer-JNI( 8856): isPlaying: 1
V/MediaPlayer-JNI( 8856): isPlaying: 1
V/MediaPlayer-JNI( 8856): isPlaying: 1
V/MediaPlayer-JNI( 8856): isPlaying: 1
V/MediaPlayer-JNI( 8856): isPlaying: 1
V/MediaPlayer-JNI( 8856): isPlaying: 1
V/MediaPlayer-JNI( 8856): isPlaying: 1
V/MediaPlayer-JNI( 8856): isPlaying: 1
V/MediaPlayer-JNI( 8856): isPlaying: 1
V/MediaPlayer-JNI( 8856): isPlaying: 1
V/MediaPlayer-JNI( 8856): isPlaying: 1
V/MediaPlayer-JNI( 8856): isPlaying: 1
V/MediaPlayer-JNI( 8856): isPlaying: 1
V/MediaPlayer-JNI( 8856): isPlaying: 1
V/MediaPlayer-JNI( 8856): isPlaying: 1
V/MediaPlayer-JNI( 8856): isPlaying: 1
V/MediaPlayer-JNI( 8856): isPlaying: 1
V/MediaPlayer-JNI( 8856): isPlaying: 1
V/MediaPlayer-JNI( 8856): isPlaying: 1
V/MediaPlayer-JNI( 8856): isPlaying: 1
V/MediaPlayer-JNI( 8856): isPlaying: 1
V/MediaPlayer-JNI( 8856): isPlaying: 1
V/MediaPlayer-JNI( 8856): isPlaying: 1
V/MediaPlayer-JNI( 8856): isPlaying: 1
V/MediaPlayer-JNI( 8856): isPlaying: 1
V/MediaPlayer-JNI( 8856): isPlaying: 1
V/MediaPlayer-JNI( 8856): isPlaying: 1
V/MediaPlayer-JNI( 8856): isPlaying: 1
V/MediaPlayer-JNI( 8856): isPlaying: 1
V/MediaPlayer-JNI( 8856): isPlaying: 1
V/MediaPlayer-JNI( 8856): isPlaying: 1
V/MediaPlayer-JNI( 8856): isPlaying: 1
V/MediaPlayer-JNI( 8856): isPlaying: 1
V/MediaPlayer-JNI( 8856): isPlaying: 1
V/MediaPlayer-JNI( 8856): isPlaying: 1
V/MediaPlayer-JNI( 8856): isPlaying: 1
V/MediaPlayer-JNI( 8856): isPlaying: 1
V/MediaPlayer-JNI( 8856): isPlaying: 1
V/MediaPlayer-JNI( 8856): isPlaying: 1
V/MediaPlayer-JNI( 8856): isPlaying: 1
V/MediaPlayer-JNI( 8856): isPlaying: 1
V/MediaPlayer-JNI( 8856): isPlaying: 1
V/MediaPlayer-JNI( 8856): isPlaying: 1
V/MediaPlayer-JNI( 8856): isPlaying: 1
V/MediaPlayer-JNI( 8856): isPlaying: 1
V/MediaPlayer-JNI( 8856): isPlaying: 1
V/MediaPlayer-JNI( 8856): isPlaying: 1
V/MediaPlayer-JNI( 8856): isPlaying: 1
V/MediaPlayer-JNI( 8856): isPlaying: 1
V/MediaPlayer-JNI( 8856): isPlaying: 1
V/MediaPlayer-JNI( 8856): isPlaying: 1
V/MediaPlayer-JNI( 8856): isPlaying: 1
V/MediaPlayer-JNI( 8856): isPlaying: 1
V/MediaPlayer-JNI( 8856): isPlaying: 1
V/MediaPlayer-JNI( 8856): isPlaying: 1
V/MediaPlayer-JNI( 8856): isPlaying: 1
V/MediaPlayer-JNI( 8856): isPlaying: 1
V/MediaPlayer-JNI( 8856): isPlaying: 1
V/MediaPlayer-JNI( 8856): isPlaying: 1
V/MediaPlayer-JNI( 8856): isPlaying: 1
V/MediaPlayer-JNI( 8856): isPlaying: 1
V/MediaPlayer-JNI( 8856): isPlaying: 1
V/MediaPlayer-JNI( 8856): isPlaying: 1
V/MediaPlayer-JNI( 8856): isPlaying: 1
V/MediaPlayer-JNI( 8856): isPlaying: 1
V/MediaPlayer-JNI( 8856): isPlaying: 1
V/MediaPlayer-JNI( 8856): isPlaying: 1
V/MediaPlayer-JNI( 8856): isPlaying: 1
V/MediaPlayer-JNI( 8856): isPlaying: 1
V/MediaPlayer-JNI( 8856): isPlaying: 1
V/MediaPlayer-JNI( 8856): isPlaying: 1
V/MediaPlayer-JNI( 8856): isPlaying: 1
V/MediaPlayer-JNI( 8856): isPlaying: 1
V/MediaPlayer-JNI( 8856): isPlaying: 1
V/MediaPlayer-JNI( 8856): isPlaying: 1
V/MediaPlayer-JNI( 8856): isPlaying: 1
V/MediaPlayer-JNI( 8856): isPlaying: 1
V/MediaPlayer-JNI( 8856): isPlaying: 1
V/MediaPlayer-JNI( 8856): isPlaying: 1
V/MediaPlayer-JNI( 8856): isPlaying: 1
V/MediaPlayer-JNI( 8856): isPlaying: 1
V/MediaPlayer-JNI( 8856): isPlaying: 1
V/MediaPlayer-JNI( 8856): isPlaying: 1
V/MediaPlayer-JNI( 8856): isPlaying: 1
V/MediaPlayer-JNI( 8856): isPlaying: 1
V/MediaPlayer-JNI( 8856): isPlaying: 1
V/MediaPlayer-JNI( 8856): isPlaying: 1
V/MediaPlayer-JNI( 8856): isPlaying: 1
V/MediaPlayer-JNI( 8856): isPlaying: 1
V/MediaPlayer-JNI( 8856): isPlaying: 1
V/MediaPlayer-JNI( 8856): isPlaying: 1
V/MediaPlayer-JNI( 8856): isPlaying: 1
V/MediaPlayer-JNI( 8856): isPlaying: 1
V/MediaPlayer-JNI( 8856): isPlaying: 1
V/MediaPlayer-JNI( 8856): isPlaying: 1
V/MediaPlayer-JNI( 8856): isPlaying: 1
V/MediaPlayer-JNI( 8856): isPlaying: 1
V/MediaPlayer-JNI( 8856): isPlaying: 1
V/MediaPlayer-JNI( 8856): isPlaying: 1
V/MediaPlayer-JNI( 8856): isPlaying: 1
V/MediaPlayer-JNI( 8856): isPlaying: 1
V/MediaPlayer-JNI( 8856): isPlaying: 1
V/MediaPlayer-JNI( 8856): isPlaying: 1
V/MediaPlayer-JNI( 8856): isPlaying: 1
V/MediaPlayer-JNI( 8856): isPlaying: 1
V/MediaPlayer-JNI( 8856): isPlaying: 1
V/MediaPlayer-JNI( 8856): isPlaying: 1
V/MediaPlayer-JNI( 8856): isPlaying: 1
V/MediaPlayer-JNI( 8856): isPlaying: 1
V/MediaPlayer-JNI( 8856): isPlaying: 1
V/MediaPlayer-JNI( 8856): isPlaying: 1
V/MediaPlayer-JNI( 8856): isPlaying: 1
V/MediaPlayer-JNI( 8856): isPlaying: 1
V/MediaPlayer-JNI( 8856): isPlaying: 1
V/MediaPlayer-JNI( 8856): isPlaying: 1
V/MediaPlayer-JNI( 8856): isPlaying: 1
V/MediaPlayer-JNI( 8856): isPlaying: 1
V/MediaPlayer-JNI( 8856): isPlaying: 1
V/MediaPlayer-JNI( 8856): isPlaying: 1
V/MediaPlayer-JNI( 8856): isPlaying: 1
V/MediaPlayer-JNI( 8856): isPlaying: 1
V/MediaPlayer-JNI( 8856): isPlaying: 1
V/MediaPlayer-JNI( 8856): isPlaying: 1
V/MediaPlayer-JNI( 8856): isPlaying: 1
V/MediaPlayer-JNI( 8856): isPlaying: 1
V/MediaPlayer-JNI( 8856): isPlaying: 1
V/MediaPlayer-JNI( 8856): isPlaying: 1
V/MediaPlayer-JNI( 8856): isPlaying: 1
V/MediaPlayer-JNI( 8856): isPlaying: 1
V/MediaPlayer-JNI( 8856): isPlaying: 1
V/MediaPlayer-JNI( 8856): isPlaying: 1
V/MediaPlayer-JNI( 8856): isPlaying: 1
V/MediaPlayer-JNI( 8856): isPlaying: 1
V/MediaPlayer-JNI( 8856): isPlaying: 1
V/MediaPlayer-JNI( 8856): isPlaying: 1
V/MediaPlayer-JNI( 8856): isPlaying: 1
V/MediaPlayer-JNI( 8856): isPlaying: 1
V/MediaPlayer-JNI( 8856): isPlaying: 1
V/MediaPlayer-JNI( 8856): isPlaying: 1
V/MediaPlayer-JNI( 8856): isPlaying: 1
V/MediaPlayer-JNI( 8856): isPlaying: 1
V/MediaPlayer-JNI( 8856): isPlaying: 1
V/MediaPlayer-JNI( 8856): isPlaying: 1
V/MediaPlayer-JNI( 8856): isPlaying: 1
V/MediaPlayer-JNI( 8856): isPlaying: 1
V/MediaPlayer-JNI( 8856): isPlaying: 1
V/MediaPlayer-JNI( 8856): isPlaying: 1
V/MediaPlayer-JNI( 8856): isPlaying: 1
V/MediaPlayer-JNI( 8856): isPlaying: 1
V/MediaPlayer-JNI( 8856): isPlaying: 1
V/MediaPlayer-JNI( 8856): isPlaying: 1
V/MediaPlayer-JNI( 8856): isPlaying: 1
V/MediaPlayer-JNI( 8856): isPlaying: 1
V/MediaPlayer-JNI( 8856): isPlaying: 1
V/MediaPlayer-JNI( 8856): isPlaying: 1
V/MediaPlayer-JNI( 8856): isPlaying: 1
V/MediaPlayer-JNI( 8856): isPlaying: 1
V/MediaPlayer-JNI( 8856): isPlaying: 1
V/MediaPlayer-JNI( 8856): isPlaying: 1
V/MediaPlayer-JNI( 8856): isPlaying: 1
V/MediaPlayer-JNI( 8856): isPlaying: 1
V/MediaPlayer-JNI( 8856): isPlaying: 1
V/MediaPlayer-JNI( 8856): isPlaying: 1
V/MediaPlayer-JNI( 8856): isPlaying: 1
V/MediaPlayer-JNI( 8856): isPlaying: 1
V/MediaPlayer-JNI( 8856): isPlaying: 1
V/MediaPlayer-JNI( 8856): isPlaying: 1
V/MediaPlayer-JNI( 8856): isPlaying: 1
V/MediaPlayer-JNI( 8856): isPlaying: 1
V/MediaPlayer-JNI( 8856): isPlaying: 1
V/MediaPlayer-JNI( 8856): isPlaying: 1
V/MediaPlayer-JNI( 8856): isPlaying: 1
V/MediaPlayer-JNI( 8856): isPlaying: 1
V/MediaPlayer-JNI( 8856): isPlaying: 1
V/MediaPlayer-JNI( 8856): isPlaying: 1
V/MediaPlayer-JNI( 8856): isPlaying: 1
V/MediaPlayer-JNI( 8856): isPlaying: 1
V/MediaPlayer-JNI( 8856): isPlaying: 1
V/MediaPlayer-JNI( 8856): isPlaying: 1
V/MediaPlayer-JNI( 8856): isPlaying: 1
V/MediaPlayer-JNI( 8856): isPlaying: 1
V/MediaPlayer-JNI( 8856): isPlaying: 1
V/MediaPlayer-JNI( 8856): isPlaying: 1
V/MediaPlayer-JNI( 8856): isPlaying: 1
V/MediaPlayer-JNI( 8856): isPlaying: 1
V/MediaPlayer-JNI( 8856): isPlaying: 1
V/MediaPlayer-JNI( 8856): isPlaying: 1
V/MediaPlayer-JNI( 8856): isPlaying: 1
V/MediaPlayer-JNI( 8856): isPlaying: 1
V/MediaPlayer-JNI( 8856): isPlaying: 1
V/MediaPlayer-JNI( 8856): isPlaying: 1
V/MediaPlayer-JNI( 8856): isPlaying: 1
V/MediaPlayer-JNI( 8856): isPlaying: 1
V/MediaPlayer-JNI( 8856): isPlaying: 1
V/MediaPlayer-JNI( 8856): isPlaying: 1
V/MediaPlayer-JNI( 8856): isPlaying: 1
V/MediaPlayer-JNI( 8856): isPlaying: 1
V/MediaPlayer-JNI( 8856): isPlaying: 1
V/MediaPlayer-JNI( 8856): isPlaying: 1
V/MediaPlayer-JNI( 8856): isPlaying: 1
V/MediaPlayer-JNI( 8856): isPlaying: 1
V/MediaPlayer-JNI( 8856): isPlaying: 1
V/MediaPlayer-JNI( 8856): isPlaying: 1
V/MediaPlayer-JNI( 8856): isPlaying: 1
V/MediaPlayer-JNI( 8856): isPlaying: 1
V/MediaPlayer-JNI( 8856): isPlaying: 1
V/MediaPlayer-JNI( 8856): isPlaying: 1
V/MediaPlayer-JNI( 8856): isPlaying: 1
V/MediaPlayer-JNI( 8856): isPlaying: 1
V/MediaPlayer-JNI( 8856): isPlaying: 1
V/MediaPlayer-JNI( 8856): isPlaying: 1
V/MediaPlayer-JNI( 8856): isPlaying: 1
V/MediaPlayer-JNI( 8856): isPlaying: 1
V/MediaPlayer-JNI( 8856): isPlaying: 1
V/MediaPlayer-JNI( 8856): isPlaying: 1
V/MediaPlayer-JNI( 8856): isPlaying: 1
V/MediaPlayer-JNI( 8856): isPlaying: 1
V/MediaPlayer-JNI( 8856): isPlaying: 1
V/MediaPlayer-JNI( 8856): isPlaying: 1
V/MediaPlayer-JNI( 8856): isPlaying: 1
V/MediaPlayer-JNI( 8856): isPlaying: 1
V/MediaPlayer-JNI( 8856): isPlaying: 1
V/MediaPlayer-JNI( 8856): isPlaying: 1
V/MediaPlayer-JNI( 8856): isPlaying: 1
V/MediaPlayer-JNI( 8856): isPlaying: 1
V/MediaPlayer-JNI( 8856): isPlaying: 1
V/MediaPlayer-JNI( 8856): isPlaying: 1
V/MediaPlayer-JNI( 8856): isPlaying: 1
V/MediaPlayer-JNI( 8856): isPlaying: 1
V/MediaPlayer-JNI( 8856): isPlaying: 1
V/MediaPlayer-JNI( 8856): isPlaying: 1
V/MediaPlayer-JNI( 8856): isPlaying: 1
V/MediaPlayer-JNI( 8856): isPlaying: 1
V/MediaPlayer-JNI( 8856): isPlaying: 1
V/MediaPlayer-JNI( 8856): isPlaying: 1
V/MediaPlayer-JNI( 8856): isPlaying: 1
V/MediaPlayer-JNI( 8856): isPlaying: 1
V/MediaPlayer-JNI( 8856): isPlaying: 1
V/MediaPlayer-JNI( 8856): isPlaying: 1
V/MediaPlayer-JNI( 8856): isPlaying: 1
V/MediaPlayer-JNI( 8856): isPlaying: 1
V/MediaPlayer-JNI( 8856): isPlaying: 1
V/MediaPlayer-JNI( 8856): isPlaying: 1
V/MediaPlayer-JNI( 8856): isPlaying: 1
V/MediaPlayer-JNI( 8856): isPlaying: 1
V/MediaPlayer-JNI( 8856): isPlaying: 1
V/MediaPlayer-JNI( 8856): isPlaying: 1
V/MediaPlayer-JNI( 8856): isPlaying: 1
V/MediaPlayer-JNI( 8856): isPlaying: 1
V/MediaPlayer-JNI( 8856): isPlaying: 1
V/MediaPlayer-JNI( 8856): isPlaying: 1
V/MediaPlayer-JNI( 8856): isPlaying: 1
V/MediaPlayer-JNI( 8856): isPlaying: 1
V/MediaPlayer-JNI( 8856): isPlaying: 1
V/MediaPlayer-JNI( 8856): isPlaying: 1
V/MediaPlayer-JNI( 8856): isPlaying: 1
V/MediaPlayer-JNI( 8856): isPlaying: 1
V/MediaPlayer-JNI( 8856): isPlaying: 1
V/MediaPlayer-JNI( 8856): isPlaying: 1
V/MediaPlayer-JNI( 8856): isPlaying: 1
V/MediaPlayer-JNI( 8856): isPlaying: 1
V/MediaPlayer-JNI( 8856): isPlaying: 1
V/MediaPlayer-JNI( 8856): isPlaying: 1
V/MediaPlayer-JNI( 8856): isPlaying: 1
V/MediaPlayer-JNI( 8856): isPlaying: 1
V/MediaPlayer-JNI( 8856): isPlaying: 1
V/MediaPlayer-JNI( 8856): isPlaying: 1
V/MediaPlayer-JNI( 8856): isPlaying: 1
V/MediaPlayer-JNI( 8856): isPlaying: 1
V/MediaPlayer-JNI( 8856): isPlaying: 1
V/MediaPlayer-JNI( 8856): isPlaying: 1
V/MediaPlayer-JNI( 8856): isPlaying: 1
V/MediaPlayer-JNI( 8856): isPlaying: 1
V/MediaPlayer-JNI( 8856): isPlaying: 1
V/MediaPlayer-JNI( 8856): isPlaying: 1
V/MediaPlayer-JNI( 8856): isPlaying: 1
V/MediaPlayer-JNI( 8856): isPlaying: 1
V/MediaPlayer-JNI( 8856): isPlaying: 1
V/MediaPlayer-JNI( 8856): isPlaying: 1
V/MediaPlayer-JNI( 8856): isPlaying: 1
V/MediaPlayer-JNI( 8856): isPlaying: 1
V/MediaPlayer-JNI( 8856): isPlaying: 1
V/MediaPlayer-JNI( 8856): isPlaying: 1
V/MediaPlayer-JNI( 8856): isPlaying: 1
V/MediaPlayer-JNI( 8856): isPlaying: 1
V/MediaPlayer-JNI( 8856): isPlaying: 1
V/MediaPlayer-JNI( 8856): isPlaying: 1
V/MediaPlayer-JNI( 8856): isPlaying: 1
V/MediaPlayer-JNI( 8856): isPlaying: 1
V/MediaPlayer-JNI( 8856): isPlaying: 1
V/MediaPlayer-JNI( 8856): isPlaying: 1
V/MediaPlayer-JNI( 8856): isPlaying: 1
V/MediaPlayer-JNI( 8856): isPlaying: 1
V/MediaPlayer-JNI( 8856): isPlaying: 1
V/MediaPlayer-JNI( 8856): isPlaying: 1
V/MediaPlayer-JNI( 8856): isPlaying: 1
V/MediaPlayer-JNI( 8856): isPlaying: 1
V/MediaPlayer-JNI( 8856): isPlaying: 1
V/MediaPlayer-JNI( 8856): isPlaying: 1
V/MediaPlayer-JNI( 8856): isPlaying: 1
V/MediaPlayer-JNI( 8856): isPlaying: 1
V/MediaPlayer-JNI( 8856): isPlaying: 1
V/MediaPlayer-JNI( 8856): isPlaying: 1
V/MediaPlayer-JNI( 8856): isPlaying: 1
V/MediaPlayer-JNI( 8856): isPlaying: 1
V/MediaPlayer-JNI( 8856): isPlaying: 1
V/MediaPlayer-JNI( 8856): isPlaying: 1
V/MediaPlayer-JNI( 8856): isPlaying: 1
V/MediaPlayer-JNI( 8856): isPlaying: 1
V/MediaPlayer-JNI( 8856): isPlaying: 1
V/MediaPlayer-JNI( 8856): isPlaying: 1
V/MediaPlayer-JNI( 8856): isPlaying: 1
V/MediaPlayer-JNI( 8856): isPlaying: 1
V/MediaPlayer-JNI( 8856): isPlaying: 1
V/MediaPlayer-JNI( 8856): isPlaying: 1
V/MediaPlayer-JNI( 8856): isPlaying: 1
V/MediaPlayer-JNI( 8856): isPlaying: 1
V/MediaPlayer-JNI( 8856): isPlaying: 1
V/MediaPlayer-JNI( 8856): isPlaying: 1
V/MediaPlayer-JNI( 8856): isPlaying: 1
V/MediaPlayer-JNI( 8856): isPlaying: 1
V/MediaPlayer-JNI( 8856): isPlaying: 1
V/MediaPlayer-JNI( 8856): isPlaying: 1
V/MediaPlayer-JNI( 8856): isPlaying: 1
V/MediaPlayer-JNI( 8856): isPlaying: 1
V/MediaPlayer-JNI( 8856): isPlaying: 1
V/MediaPlayer-JNI( 8856): isPlaying: 1
V/MediaPlayer-JNI( 8856): isPlaying: 1
V/MediaPlayer-JNI( 8856): isPlaying: 1
V/MediaPlayer-JNI( 8856): isPlaying: 1
V/MediaPlayer-JNI( 8856): isPlaying: 1
V/MediaPlayer-JNI( 8856): isPlaying: 1
V/MediaPlayer-JNI( 8856): isPlaying: 1
V/MediaPlayer-JNI( 8856): isPlaying: 1
V/MediaPlayer-JNI( 8856): isPlaying: 1
V/MediaPlayer-JNI( 8856): isPlaying: 1
V/MediaPlayer-JNI( 8856): isPlaying: 1
V/MediaPlayer-JNI( 8856): isPlaying: 1
V/MediaPlayer-JNI( 8856): isPlaying: 1
V/MediaPlayer-JNI( 8856): isPlaying: 1
V/MediaPlayer-JNI( 8856): isPlaying: 1
V/MediaPlayer-JNI( 8856): isPlaying: 1
V/MediaPlayer-JNI( 8856): isPlaying: 1
V/MediaPlayer-JNI( 8856): isPlaying: 1
V/MediaPlayer-JNI( 8856): isPlaying: 1
V/MediaPlayer-JNI( 8856): isPlaying: 1
V/MediaPlayer-JNI( 8856): isPlaying: 1
V/MediaPlayer-JNI( 8856): isPlaying: 1
V/MediaPlayer-JNI( 8856): isPlaying: 1
V/MediaPlayer-JNI( 8856): isPlaying: 1
V/MediaPlayer-JNI( 8856): isPlaying: 1
V/MediaPlayer-JNI( 8856): isPlaying: 1
V/MediaPlayer-JNI( 8856): isPlaying: 1
V/MediaPlayer-JNI( 8856): isPlaying: 1
V/MediaPlayer-JNI( 8856): isPlaying: 1
V/MediaPlayer-JNI( 8856): isPlaying: 1
V/MediaPlayer-JNI( 8856): isPlaying: 1
V/MediaPlayer-JNI( 8856): isPlaying: 1
V/MediaPlayer-JNI( 8856): isPlaying: 1
V/MediaPlayer-JNI( 8856): isPlaying: 1
V/MediaPlayer-JNI( 8856): isPlaying: 1
V/MediaPlayer-JNI( 8856): isPlaying: 1
V/MediaPlayer-JNI( 8856): isPlaying: 1
V/MediaPlayer-JNI( 8856): isPlaying: 1
V/MediaPlayer-JNI( 8856): isPlaying: 1
V/MediaPlayer-JNI( 8856): isPlaying: 1
V/MediaPlayer-JNI( 8856): isPlaying: 1
V/MediaPlayer-JNI( 8856): isPlaying: 1
V/MediaPlayer-JNI( 8856): isPlaying: 1
V/MediaPlayer-JNI( 8856): isPlaying: 1
V/MediaPlayer-JNI( 8856): isPlaying: 1
V/MediaPlayer-JNI( 8856): isPlaying: 1
V/MediaPlayer-JNI( 8856): isPlaying: 1
V/MediaPlayer-JNI( 8856): isPlaying: 1
V/MediaPlayer-JNI( 8856): isPlaying: 1
V/MediaPlayer-JNI( 8856): isPlaying: 1
V/MediaPlayer-JNI( 8856): isPlaying: 1
V/MediaPlayer-JNI( 8856): isPlaying: 1
V/MediaPlayer-JNI( 8856): isPlaying: 1
V/MediaPlayer-JNI( 8856): isPlaying: 1
V/MediaPlayer-JNI( 8856): isPlaying: 1
V/MediaPlayer-JNI( 8856): isPlaying: 1
V/MediaPlayer-JNI( 8856): isPlaying: 1
V/MediaPlayer-JNI( 8856): isPlaying: 1
V/MediaPlayer-JNI( 8856): isPlaying: 1
V/MediaPlayer-JNI( 8856): isPlaying: 1
V/MediaPlayer-JNI( 8856): isPlaying: 1
V/MediaPlayer-JNI( 8856): isPlaying: 1
V/MediaPlayer-JNI( 8856): isPlaying: 1
V/MediaPlayer-JNI( 8856): isPlaying: 1
V/MediaPlayer-JNI( 8856): isPlaying: 1
V/MediaPlayer-JNI( 8856): isPlaying: 1
V/MediaPlayer-JNI( 8856): isPlaying: 1
V/MediaPlayer-JNI( 8856): isPlaying: 1
V/MediaPlayer-JNI( 8856): isPlaying: 1
V/MediaPlayer-JNI( 8856): isPlaying: 1
V/MediaPlayer-JNI( 8856): isPlaying: 1
V/MediaPlayer-JNI( 8856): isPlaying: 1
V/MediaPlayer-JNI( 8856): isPlaying: 1
V/MediaPlayer-JNI( 8856): isPlaying: 1
V/MediaPlayer-JNI( 8856): isPlaying: 1
V/MediaPlayer-JNI( 8856): isPlaying: 1
V/MediaPlayer-JNI( 8856): isPlaying: 1
V/MediaPlayer-JNI( 8856): isPlaying: 1
V/MediaPlayer-JNI( 8856): isPlaying: 1
V/MediaPlayer-JNI( 8856): isPlaying: 1
V/MediaPlayer-JNI( 8856): isPlaying: 1
V/MediaPlayer-JNI( 8856): isPlaying: 1
V/MediaPlayer-JNI( 8856): isPlaying: 1
V/MediaPlayer-JNI( 8856): isPlaying: 1
V/MediaPlayer-JNI( 8856): isPlaying: 1
V/MediaPlayer-JNI( 8856): isPlaying: 1
V/MediaPlayer-JNI( 8856): isPlaying: 1
V/MediaPlayer-JNI( 8856): isPlaying: 1
V/MediaPlayer-JNI( 8856): isPlaying: 1
V/MediaPlayer-JNI( 8856): isPlaying: 1
V/MediaPlayer-JNI( 8856): isPlaying: 1
V/MediaPlayer-JNI( 8856): isPlaying: 1
V/MediaPlayer-JNI( 8856): isPlaying: 1
V/MediaPlayer-JNI( 8856): isPlaying: 1
V/MediaPlayer-JNI( 8856): isPlaying: 1
V/MediaPlayer-JNI( 8856): isPlaying: 1
V/MediaPlayer-JNI( 8856): isPlaying: 1
V/MediaPlayer-JNI( 8856): isPlaying: 1
V/MediaPlayer-JNI( 8856): isPlaying: 1
V/MediaPlayer-JNI( 8856): isPlaying: 1
V/MediaPlayer-JNI( 8856): isPlaying: 1
V/MediaPlayer-JNI( 8856): isPlaying: 1
V/MediaPlayer-JNI( 8856): isPlaying: 1
V/MediaPlayer-JNI( 8856): isPlaying: 1
V/MediaPlayer-JNI( 8856): isPlaying: 1
V/MediaPlayer-JNI( 8856): isPlaying: 1
V/MediaPlayer-JNI( 8856): isPlaying: 1
V/MediaPlayer-JNI( 8856): isPlaying: 1
V/MediaPlayer-JNI( 8856): isPlaying: 1
V/MediaPlayer-JNI( 8856): isPlaying: 1
V/MediaPlayer-JNI( 8856): isPlaying: 1
V/MediaPlayer-JNI( 8856): isPlaying: 1
V/MediaPlayer-JNI( 8856): isPlaying: 1
V/MediaPlayer-JNI( 8856): isPlaying: 1
V/MediaPlayer-JNI( 8856): isPlaying: 1
V/MediaPlayer-JNI( 8856): isPlaying: 1
V/MediaPlayer-JNI( 8856): isPlaying: 1
V/MediaPlayer-JNI( 8856): isPlaying: 1
V/MediaPlayer-JNI( 8856): isPlaying: 1
V/MediaPlayer-JNI( 8856): isPlaying: 1
V/MediaPlayer-JNI( 8856): isPlaying: 1
V/MediaPlayer-JNI( 8856): isPlaying: 1
V/MediaPlayer-JNI( 8856): isPlaying: 1
V/MediaPlayer-JNI( 8856): isPlaying: 1
V/MediaPlayer-JNI( 8856): isPlaying: 1
V/MediaPlayer-JNI( 8856): isPlaying: 1
V/MediaPlayer-JNI( 8856): isPlaying: 1
V/MediaPlayer-JNI( 8856): isPlaying: 1
V/MediaPlayer-JNI( 8856): isPlaying: 1
V/MediaPlayer-JNI( 8856): isPlaying: 1
V/MediaPlayer-JNI( 8856): isPlaying: 1
V/MediaPlayer-JNI( 8856): isPlaying: 1
V/MediaPlayer-JNI( 8856): isPlaying: 1
V/MediaPlayer-JNI( 8856): isPlaying: 1
V/MediaPlayer-JNI( 8856): isPlaying: 1
V/MediaPlayer-JNI( 8856): isPlaying: 1
V/MediaPlayer-JNI( 8856): isPlaying: 1
V/MediaPlayer-JNI( 8856): isPlaying: 1
V/MediaPlayer-JNI( 8856): isPlaying: 1
V/MediaPlayer-JNI( 8856): isPlaying: 1
V/MediaPlayer-JNI( 8856): isPlaying: 1
V/MediaPlayer-JNI( 8856): isPlaying: 1
V/MediaPlayer-JNI( 8856): isPlaying: 1
V/MediaPlayer-JNI( 8856): isPlaying: 1
V/MediaPlayer-JNI( 8856): isPlaying: 1
V/MediaPlayer-JNI( 8856): isPlaying: 1
V/MediaPlayer-JNI( 8856): isPlaying: 1
V/MediaPlayer-JNI( 8856): isPlaying: 1
V/MediaPlayer-JNI( 8856): isPlaying: 1
V/MediaPlayer-JNI( 8856): isPlaying: 1
V/MediaPlayer-JNI( 8856): isPlaying: 1
V/MediaPlayer-JNI( 8856): isPlaying: 1
V/MediaPlayer-JNI( 8856): isPlaying: 1
V/MediaPlayer-JNI( 8856): isPlaying: 1
V/MediaPlayer-JNI( 8856): isPlaying: 1
V/MediaPlayer-JNI( 8856): isPlaying: 1
V/MediaPlayer-JNI( 8856): isPlaying: 1
V/MediaPlayer-JNI( 8856): isPlaying: 1
V/MediaPlayer-JNI( 8856): isPlaying: 1
V/MediaPlayer-JNI( 8856): isPlaying: 1
V/MediaPlayer-JNI( 8856): isPlaying: 1
V/MediaPlayer-JNI( 8856): isPlaying: 1
V/MediaPlayer-JNI( 8856): isPlaying: 1
V/MediaPlayer-JNI( 8856): isPlaying: 1
V/MediaPlayer-JNI( 8856): isPlaying: 1
V/MediaPlayer-JNI( 8856): isPlaying: 1
V/MediaPlayer-JNI( 8856): isPlaying: 1
V/MediaPlayer-JNI( 8856): isPlaying: 1
V/MediaPlayer-JNI( 8856): isPlaying: 1
V/MediaPlayer-JNI( 8856): isPlaying: 1
V/MediaPlayer-JNI( 8856): isPlaying: 1
V/MediaPlayer-JNI( 8856): isPlaying: 1
V/MediaPlayer-JNI( 8856): isPlaying: 1
V/MediaPlayer-JNI( 8856): isPlaying: 1
V/MediaPlayer-JNI( 8856): isPlaying: 1
V/MediaPlayer-JNI( 8856): isPlaying: 1
V/MediaPlayer-JNI( 8856): isPlaying: 1
V/MediaPlayer-JNI( 8856): isPlaying: 1
V/MediaPlayer-JNI( 8856): isPlaying: 1
V/MediaPlayer-JNI( 8856): isPlaying: 1
V/MediaPlayer-JNI( 8856): isPlaying: 1
V/MediaPlayer-JNI( 8856): isPlaying: 1
V/MediaPlayer-JNI( 8856): isPlaying: 1
V/MediaPlayer-JNI( 8856): isPlaying: 1
V/MediaPlayer-JNI( 8856): isPlaying: 1
V/MediaPlayer-JNI( 8856): isPlaying: 1
V/MediaPlayer-JNI( 8856): isPlaying: 1
V/MediaPlayer-JNI( 8856): isPlaying: 1
V/MediaPlayer-JNI( 8856): isPlaying: 1
V/MediaPlayer-JNI( 8856): isPlaying: 1
V/MediaPlayer-JNI( 8856): isPlaying: 1
V/MediaPlayer-JNI( 8856): isPlaying: 1
V/MediaPlayer-JNI( 8856): isPlaying: 1
V/MediaPlayer-JNI( 8856): isPlaying: 1
V/MediaPlayer-JNI( 8856): isPlaying: 1
V/MediaPlayer-JNI( 8856): isPlaying: 1
V/MediaPlayer-JNI( 8856): isPlaying: 1
V/MediaPlayer-JNI( 8856): isPlaying: 1
V/MediaPlayer-JNI( 8856): isPlaying: 1
V/MediaPlayer-JNI( 8856): isPlaying: 1
V/MediaPlayer-JNI( 8856): isPlaying: 1
V/MediaPlayer-JNI( 8856): isPlaying: 1
V/MediaPlayer-JNI( 8856): isPlaying: 1
V/MediaPlayer-JNI( 8856): isPlaying: 1
V/MediaPlayer-JNI( 8856): isPlaying: 1
V/MediaPlayer-JNI( 8856): isPlaying: 1
V/MediaPlayer-JNI( 8856): isPlaying: 1
V/MediaPlayer-JNI( 8856): isPlaying: 1
V/MediaPlayer-JNI( 8856): isPlaying: 1
V/MediaPlayer-JNI( 8856): isPlaying: 1
V/MediaPlayer-JNI( 8856): isPlaying: 1
V/MediaPlayer-JNI( 8856): isPlaying: 1
V/MediaPlayer-JNI( 8856): isPlaying: 1
V/MediaPlayer-JNI( 8856): isPlaying: 1
V/MediaPlayer-JNI( 8856): isPlaying: 1
V/MediaPlayer-JNI( 8856): isPlaying: 1
V/MediaPlayer-JNI( 8856): isPlaying: 1
V/MediaPlayer-JNI( 8856): isPlaying: 1
V/MediaPlayer-JNI( 8856): isPlaying: 1
V/MediaPlayer-JNI( 8856): isPlaying: 1
V/MediaPlayer-JNI( 8856): isPlaying: 1
V/MediaPlayer-JNI( 8856): isPlaying: 1
V/MediaPlayer-JNI( 8856): isPlaying: 1
V/MediaPlayer-JNI( 8856): isPlaying: 1
V/MediaPlayer-JNI( 8856): isPlaying: 1
V/MediaPlayer-JNI( 8856): isPlaying: 1
V/MediaPlayer-JNI( 8856): isPlaying: 1
V/MediaPlayer-JNI( 8856): isPlaying: 1
V/MediaPlayer-JNI( 8856): isPlaying: 1
V/MediaPlayer-JNI( 8856): isPlaying: 1
V/MediaPlayer-JNI( 8856): isPlaying: 1
V/MediaPlayer-JNI( 8856): isPlaying: 1
V/MediaPlayer-JNI( 8856): isPlaying: 1
V/MediaPlayer-JNI( 8856): isPlaying: 1
V/MediaPlayer-JNI( 8856): isPlaying: 1
V/MediaPlayer-JNI( 8856): isPlaying: 1
V/MediaPlayer-JNI( 8856): isPlaying: 1
V/MediaPlayer-JNI( 8856): isPlaying: 1
V/MediaPlayer-JNI( 8856): isPlaying: 1
V/MediaPlayer-JNI( 8856): isPlaying: 1
V/MediaPlayer-JNI( 8856): isPlaying: 1
V/MediaPlayer-JNI( 8856): isPlaying: 1
V/MediaPlayer-JNI( 8856): isPlaying: 1
V/MediaPlayer-JNI( 8856): isPlaying: 1
V/MediaPlayer-JNI( 8856): isPlaying: 1
V/MediaPlayer-JNI( 8856): isPlaying: 1
V/MediaPlayer-JNI( 8856): isPlaying: 1
V/MediaPlayer-JNI( 8856): isPlaying: 1
V/MediaPlayer-JNI( 8856): isPlaying: 1
V/MediaPlayer-JNI( 8856): isPlaying: 1
V/MediaPlayer-JNI( 8856): isPlaying: 1
V/MediaPlayer-JNI( 8856): isPlaying: 1
V/MediaPlayer-JNI( 8856): isPlaying: 1
V/MediaPlayer-JNI( 8856): isPlaying: 1
V/MediaPlayer-JNI( 8856): isPlaying: 1
V/MediaPlayer-JNI( 8856): isPlaying: 1
V/MediaPlayer-JNI( 8856): isPlaying: 1
V/MediaPlayer-JNI( 8856): isPlaying: 1
V/AwesomePlayer(  303): onCheckAudioStatus
V/AwesomePlayer(  303): onCheckAudioStatus() set AUDIO_AT_EOS flag
V/MediaPlayer-JNI( 8856): isPlaying: 1
V/AwesomePlayer(  303): onStreamDone
V/AwesomePlayer(  303): MEDIA_PLAYBACK_COMPLETE
V/AwesomePlayer(  303): notifyListner_l() msg (2-MEDIA_PLAYBACK_COMPLETE), ext1 (0), ext2 (0)
V/MediaPlayerService(  303): [16] notify (0xb1280dc0, 2, 0, 0)
V/AwesomePlayer(  303): notifyListner_l() msg (7-MEDIA_PAUSED), ext1 (0), ext2 (0)
V/MediaPlayerService(  303): [16] notify (0xb1280dc0, 7, 0, 0)
V/MediaPlayer-JNI( 8856): isPlaying: 1
V/AwesomePlayer(  303): cancelPlayerEvents (keepNotifications=1)
V/AudioSink(  303): stop
V/AwesomePlayer(  303): addBatteryData
V/MediaPlayer-JNI( 8856): isPlaying: 1
V/MediaPlayer( 8856): message received msg=2, ext1=0, ext2=0
V/MediaPlayer-JNI( 8856): isPlaying: 0
I/Choreographer( 8856): Skipped 150 frames!  The application may be doing too much work on its main thread.
D/RemoteActivity( 8856): Handler receiving pic with size 203155
V/MediaPlayer( 8856): playback complete
V/MediaPlayer( 8856): callback application
V/MediaPlayer( 8856): back from callback
D/RemoteActivity( 8856): Creating pictureFile
V/MediaPlayer( 8856): message received msg=7, ext1=0, ext2=0
V/MediaPlayer( 8856): unrecognized message: (7, 0, 0)
V/MediaPlayer( 8856): callback application
V/MediaPlayer( 8856): back from callback
D/RemoteActivity( 8856): Tell camera to restart preview
D/RemoteActivity( 8856): Invoking sendMessage
D/BTChatServiceRemote( 8856): Sending message to Camera
I/MediaPlayer( 8856): Don't send intent. msg.arg1 = 0, msg.arg2 = 0
E/MediaPlayer( 8856): Should have subtitle controller already set
V/MediaPlayer-JNI( 8856): getCurrentPosition: 1022 (msec)
V/MediaPlayer-JNI( 8856): isPlaying: 0
D/SurfaceFlinger(  272): FPS : 1.82
W/SurfaceFlinger(  272): Fail to Open /sys/devices/platform/gpusysfs/fps
I/Avrcp   ( 3326): Received the onChange database event
I/Avrcp   ( 3326): onChange on thread: 1 Uri: content://media/ selfchange: false
I/Avrcp   ( 3326): send MSG_CHECK_NOW_PLAYING_CONTENT_CHANGED after 500ms
D/MediaScanner( 1319): scanSingleFile : 7klwibgf7fvntblfd7(7Hrclnifk7Hpwlwg.7RVG_)(*-(.)._*+).(.5qhg
D/MediaScanner( 1319): Prescan. DB items number : 3294 DB_FILES_NUMBER_CACHING_LIMITATION : 7000  Caching mode : true
E/MtpServerJNI( 1319): server is null in send_object_added
I/ExternalStorage( 8856): Scanned /storage/emulated/0/Pictures/CamRemote/IMG_20160525_132505.jpg:
I/ExternalStorage( 8856): -> uri=content://media/external/images/media/11949
V/AudioPolicyManager_legacy(  303): stopOutput() output 2, stream 3, session 57
V/AudioPolicyManager_legacy(  303): changeRefCount() stream 3, count 0
V/AudioPolicyManager_legacy(  303): getNewOutputDevice() selected device 0
V/AudioPolicyManager_legacy(  303): setOutputDevice() output 2 device 0000 delayMs 192
V/AudioPolicyManager_legacy(  303): setOutputDevice() prevDevice 0002
V/AudioPolicyManager_legacy(  303): setOutputDevice() setting same device 0000 or null device for output 2
V/AudioPolicyManager_legacy(  303): getOutputsForDevice device 0002 -> 0002
V/AudioPolicyManager_legacy(  303): getOutputsForDevice device 0002 -> 0002
V/Avrcp   ( 3326): handleMessage, msg=207
D/BluetoothMediaBrowser( 3326):  getNowPlayingListcontent://media/external/audio/playlists?secFilter=include
D/BluetoothMediaBrowser( 3326):  getNowPlayingId now playing id : 10726
D/BluetoothMediaBrowser( 3326):  nowURI  :  content://media/external/audio/playlists/10726/members
D/BluetoothMediaBrowser( 3326):  nowcursor  :  android.content.ContentResolver$CursorWrapperInner@15531803
D/BluetoothMediaBrowser( 3326):  getNowPlayingList : arrSize = 0nowPlayingSize = 1
D/BluetoothMediaBrowser( 3326):  cursor count  :  1
D/Avrcp   ( 3326):  checkNowPlayingList start
D/Avrcp   ( 3326): needUpdateNowplay = false
D/InputReader(  870): Input event: value=1
I/InputReader(  870): Touch event's action is 0x0 (deviceType=0) [pCnt=1, s=0.13 ] when=873168156000
I/InputDispatcher(  870): Delivering touch to (8856): action: 0x0, toolType: 1
D/PowerManagerService(  870): [input device light] setInputDeviceLightOn is called : 1
D/ViewRootImpl( 8856): ViewPostImeInputStage ACTION_DOWN
D/PowerManagerService(  870): [input device light] handleInputDeviceLightOn
D/SurfaceFlinger(  272): FPS : 0.56
W/SurfaceFlinger(  272): Fail to Open /sys/devices/platform/gpusysfs/fps
D/InputReader(  870): Input event: value=0
I/InputReader(  870): Touch event's action is 0x1 (deviceType=0) [pCnt=1, s=] when=873216740000
I/InputDispatcher(  870): Delivering touch to (8856): action: 0x1, toolType: 1
D/RemoteActivity( 8856): Tell camera to turn on flash
D/RemoteActivity( 8856): Invoking sendMessage
D/BTChatServiceRemote( 8856): Sending message to Camera
D/SurfaceFlinger(  272): FPS : 0.56
W/SurfaceFlinger(  272): Fail to Open /sys/devices/platform/gpusysfs/fps
D/SurfaceFlinger(  272): FPS : 0.56
W/SurfaceFlinger(  272): Fail to Open /sys/devices/platform/gpusysfs/fps
V/AlarmManager(  870): waitForAlarm result :4
D/KeyguardUpdateMonitor( 1265): received broadcast android.intent.action.BATTERY_CHANGED
D/KeyguardUpdateMonitor( 1265): handleBatteryUpdate
D/BatteryService(  870): !@BatteryListener : batteryPropertiesChanged!
D/BatteryService(  870): level:95, scale:100, status:2, health:2, present:true, voltage: 4257, temperature: 295, technology: Li-ion, AC powered:false, USB powered:true, Wireless powered:false, icon:17303687, invalid charger:0
D/BatteryService(  870): online:4, current avg:460, charge type:1, power sharing:false, high voltage charger:false, capacity:280000, current_now:460
D/BatteryService(  870): Sending ACTION_BATTERY_CHANGED.
I/MotionRecognitionService(  870): Plugged
I/MotionRecognitionService(  870): setPowerConnected  = true
V/HeadsetService( 3326): HeadsetService - Received Intent.ACTION_BATTERY_CHANGED
D/HeadsetStateMachine( 3326): Disconnected process message: 10
D/STATUSBAR-PhoneStatusBar( 1265):  mBrightnessEnablebySettings = true mBrightnessEnablebyBattery = true mBrightnessEnablebyDisableFlag = true mPmsBrightnessEnablebySettings = true
D/BatteryMeterView( 1265): ACTION_BATTERY_CHANGED : level:95 status:2 health:2
D/BatteryMeterView( 1265): ACTION_BATTERY_CHANGED : level:95 status:2 health:2
D/BatteryMeterView( 1265): ACTION_BATTERY_CHANGED : level:95 status:2 health:2
D/SurfaceFlinger(  272): FPS : 0.56
W/SurfaceFlinger(  272): Fail to Open /sys/devices/platform/gpusysfs/fps
D/BTChatServiceRemote( 8856): Receiving type of 7
D/BTChatServiceRemote( 8856): The picture size is 278231
D/ALSADevice(  303): standby: handle 0xb3e57700 h 0x0
V/ALSADevice(  303): standby handle h 0xb3e79c00
D/alsa_ucm(  303): snd_use_case_set(): uc_mgr 0xb3e18510 identifier _dismod value Play Music
D/alsa_ucm(  303): Set mixer controls for Play Music enable 0
D/alsa_ucm(  303): Setting mixer control: SLIMBUS_0_RX Audio Mixer MultiMedia1, value: 0
V/ALSADevice(  303): use case is HiFi Rec
V/ALSADevice(  303): Number of modifiers 0
V/ALSADevice(  303): usecase_type is 2
D/alsa_ucm(  303): snd_use_case_set(): uc_mgr 0xb3e18510 identifier _disdev value Speaker
D/alsa_ucm(  303): Set mixer controls for Speaker enable 0
D/alsa_ucm(  303): Setting mixer control: RX5 MIX1 INP1, value: ZERO
D/alsa_ucm(  303): Setting mixer control: RX5 MIX1 INP2, value: ZERO
D/alsa_ucm(  303): Setting mixer control: LINEOUT2 Volume, value: 0
D/alsa_ucm(  303): Setting mixer control: LINEOUT4 Volume, value: 0
D/alsa_ucm(  303): Setting mixer control: RX5 Digital Volume, value: 0
D/BTChatServiceRemote( 8856): EXIF is set: 6
D/BTChatServiceRemote( 8856): Size of out: 278231
D/BTChatServiceRemote( 8856): Sending picture data to handler
D/RemoteActivity( 8856): Handler receiving pic with size 278231
D/RemoteActivity( 8856): Creating pictureFile
D/RemoteActivity( 8856): Tell camera to restart preview
D/RemoteActivity( 8856): Invoking sendMessage
D/BTChatServiceRemote( 8856): Sending message to Camera
I/Avrcp   ( 3326): Received the onChange database event
I/Avrcp   ( 3326): onChange on thread: 1 Uri: content://media/ selfchange: false
I/Avrcp   ( 3326): send MSG_CHECK_NOW_PLAYING_CONTENT_CHANGED after 500ms
D/MediaScanner( 1319): scanSingleFile : 7klwibgf7fvntblfd7(7Hrclnifk7Hpwlwg.7RVG_)(*-(.)._*+).(:5qhg
D/MediaScanner( 1319): Prescan. DB items number : 3295 DB_FILES_NUMBER_CACHING_LIMITATION : 7000  Caching mode : true
E/MtpServerJNI( 1319): server is null in send_object_added
I/ExternalStorage( 8856): Scanned /storage/emulated/0/Pictures/CamRemote/IMG_20160525_132509.jpg:
I/ExternalStorage( 8856): -> uri=content://media/external/images/media/11950
D/BTChatServiceRemote( 8856): Receiving type of 0
D/BTChatServiceRemote( 8856): The frame size is 93478
D/SurfaceFlinger(  272): FPS : 1.79
W/SurfaceFlinger(  272): Fail to Open /sys/devices/platform/gpusysfs/fps
V/Avrcp   ( 3326): handleMessage, msg=207
D/BluetoothMediaBrowser( 3326):  getNowPlayingListcontent://media/external/audio/playlists?secFilter=include
D/BluetoothMediaBrowser( 3326):  getNowPlayingId now playing id : 10726
D/BluetoothMediaBrowser( 3326):  nowURI  :  content://media/external/audio/playlists/10726/members
D/BluetoothMediaBrowser( 3326):  nowcursor  :  android.content.ContentResolver$CursorWrapperInner@3b045380
D/BluetoothMediaBrowser( 3326):  getNowPlayingList : arrSize = 0nowPlayingSize = 1
D/BluetoothMediaBrowser( 3326):  cursor count  :  1
D/Avrcp   ( 3326):  checkNowPlayingList start
D/Avrcp   ( 3326): needUpdateNowplay = false
D/RemoteActivity( 8856): Frame326 received
D/BTChatServiceRemote( 8856): Receiving type of 0
D/BTChatServiceRemote( 8856): The frame size is 68100
V/MediaPlayer-JNI( 8856): native_finalize
W/MediaPlayer-JNI( 8856): MediaPlayer finalized without being released
V/MediaPlayer-JNI( 8856): release
V/MediaPlayer( 8856): setListener
V/MediaPlayer( 8856): disconnect
V/MediaPlayerService(  303): disconnect(16) from pid 8856
V/StagefrightPlayer(  303): reset
V/AwesomePlayer(  303): reset_l()
V/AwesomePlayer(  303): notifyListner_l() msg (8-MEDIA_STOPPED), ext1 (0), ext2 (0)
V/AwesomePlayer(  303): cancelPlayerEvents (keepNotifications=0)
V/AwesomePlayer(  303): mAudioTrackVector clear
D/AudioPlayer(  303): reset: mPlaying=0 mReachedEOS=1 useOffload=0
V/AudioSink(  303): stop
V/AudioSink(  303): flush
V/AudioSink(  303): close
V/AudioSink(  303): --- close
I/OMXCodec(  303): [OMX.SEC.aac.dec] stop mState=4
I/OMXCodec(  303): [OMX.SEC.aac.dec] stop() sendCommand(0x9d, OMX_CommandStateSet, OMX_StateIdle)
I/        (  303): SAACD_COMP_Reset() in
I/SEC_BASE_COMP(  303): SEC_OMX_ComponentStateSet: Cur(3) -> Dest(2)
I/OMXCodec(  303): [OMX.SEC.aac.dec] Now Idle. Component sends idle done Event 
V/AudioPolicyManager_legacy(  303): releaseOutput() 2
I/SEC_BASE_COMP(  303): SEC_OMX_ComponentStateSet: Cur(2) -> Dest(1)
I/OMXCodec(  303): [OMX.SEC.aac.dec] stopOmxComponent_l() mstate = 1
I/AudioPlayer(  303): reset out
V/AwesomePlayer(  303): reset_l() mAudioPlayer successfully deleted
I/SecVideoCapture(  303): SecVideoCapture destructor
I/SecVideoCapture(  303): reset
V/AwesomePlayer(  303): mSecCapture clear
I/SecMediaClock(  303): SecMediaClock destructor
V/AwesomePlayer(  303): mSecMediaClock clear
V/StagefrightPlayer(  303): ~StagefrightPlayer
V/StagefrightPlayer(  303): reset
V/AwesomePlayer(  303): reset_l()
V/AwesomePlayer(  303): notifyListner_l() msg (8-MEDIA_STOPPED), ext1 (0), ext2 (0)
V/AwesomePlayer(  303): cancelPlayerEvents (keepNotifications=0)
V/AwesomePlayer(  303): mAudioTrackVector clear
V/AwesomePlayer(  303): reset_l() mAudioPlayer successfully deleted
V/AwesomePlayer(  303): mSecCapture clear
V/AwesomePlayer(  303): mSecMediaClock clear
V/AwesomePlayer(  303): destructor
V/AwesomePlayer(  303): reset_l()
V/AwesomePlayer(  303): notifyListner_l() msg (8-MEDIA_STOPPED), ext1 (0), ext2 (0)
V/AwesomePlayer(  303): cancelPlayerEvents (keepNotifications=0)
V/AwesomePlayer(  303): mAudioTrackVector clear
V/AwesomePlayer(  303): reset_l() mAudioPlayer successfully deleted
V/AwesomePlayer(  303): mSecCapture clear
V/AwesomePlayer(  303): mSecMediaClock clear
V/MediaPlayer( 8856): destructor
V/MediaPlayer( 8856): disconnect
V/MediaPlayerService(  303): Client(16) destructor pid = 8856
V/AudioSink(  303): close
V/AudioSink(  303): --- close
V/MediaPlayerService(  303): disconnect(16) from pid 8856
E/Diag_Lib(14618):  Diag_LSM_Init: Failed to open handle to diag driver, error = 2
D/SSRM:n  (  870): SIOP:: AP = 400, CUR = 460
V/MediaPlayer-JNI( 8856): native_finalize
W/MediaPlayer-JNI( 8856): MediaPlayer finalized without being released
V/MediaPlayer-JNI( 8856): release
V/MediaPlayer( 8856): setListener
V/MediaPlayer( 8856): disconnect
V/MediaPlayerService(  303): disconnect(15) from pid 8856
V/StagefrightPlayer(  303): reset
V/AwesomePlayer(  303): reset_l()
V/AwesomePlayer(  303): notifyListner_l() msg (8-MEDIA_STOPPED), ext1 (0), ext2 (0)
V/AwesomePlayer(  303): cancelPlayerEvents (keepNotifications=0)
V/AwesomePlayer(  303): mAudioTrackVector clear
D/AudioPlayer(  303): reset: mPlaying=0 mReachedEOS=1 useOffload=0
V/AudioSink(  303): stop
V/AudioSink(  303): flush
V/AudioSink(  303): close
V/AudioPolicyManager_legacy(  303): releaseOutput() 2
V/AudioSink(  303): --- close
I/OMXCodec(  303): [OMX.SEC.aac.dec] stop mState=4
I/        (  303): SAACD_COMP_Reset() in
I/OMXCodec(  303): [OMX.SEC.aac.dec] stop() sendCommand(0x9c, OMX_CommandStateSet, OMX_StateIdle)
I/SEC_BASE_COMP(  303): SEC_OMX_ComponentStateSet: Cur(3) -> Dest(2)
I/OMXCodec(  303): [OMX.SEC.aac.dec] Now Idle. Component sends idle done Event 
I/SEC_BASE_COMP(  303): SEC_OMX_ComponentStateSet: Cur(2) -> Dest(1)
I/OMXCodec(  303): [OMX.SEC.aac.dec] stopOmxComponent_l() mstate = 1
I/AudioPlayer(  303): reset out
V/AwesomePlayer(  303): reset_l() mAudioPlayer successfully deleted
I/SecVideoCapture(  303): SecVideoCapture destructor
I/SecVideoCapture(  303): reset
V/AwesomePlayer(  303): mSecCapture clear
I/SecMediaClock(  303): SecMediaClock destructor
V/AwesomePlayer(  303): mSecMediaClock clear
V/StagefrightPlayer(  303): ~StagefrightPlayer
V/StagefrightPlayer(  303): reset
V/AwesomePlayer(  303): reset_l()
V/AwesomePlayer(  303): notifyListner_l() msg (8-MEDIA_STOPPED), ext1 (0), ext2 (0)
V/AwesomePlayer(  303): cancelPlayerEvents (keepNotifications=0)
V/AwesomePlayer(  303): mAudioTrackVector clear
V/AwesomePlayer(  303): reset_l() mAudioPlayer successfully deleted
V/AwesomePlayer(  303): mSecCapture clear
V/AwesomePlayer(  303): mSecMediaClock clear
V/AwesomePlayer(  303): destructor
V/AwesomePlayer(  303): reset_l()
V/AwesomePlayer(  303): notifyListner_l() msg (8-MEDIA_STOPPED), ext1 (0), ext2 (0)
V/AwesomePlayer(  303): cancelPlayerEvents (keepNotifications=0)
V/AwesomePlayer(  303): mAudioTrackVector clear
V/AwesomePlayer(  303): reset_l() mAudioPlayer successfully deleted
V/AwesomePlayer(  303): mSecCapture clear
V/AwesomePlayer(  303): mSecMediaClock clear
V/MediaPlayer( 8856): destructor
V/MediaPlayerService(  303): Client(15) destructor pid = 8856
V/AudioSink(  303): close
V/AudioSink(  303): --- close
V/MediaPlayerService(  303): disconnect(15) from pid 8856
V/MediaPlayer( 8856): disconnect
D/RemoteActivity( 8856): Setting the bitmap
D/RemoteActivity( 8856): Bitmap is not null
D/SurfaceFlinger(  272): FPS : 2.09
W/SurfaceFlinger(  272): Fail to Open /sys/devices/platform/gpusysfs/fps
D/BTChatServiceRemote( 8856): Receiving type of 0
D/BTChatServiceRemote( 8856): The frame size is 44899
D/RemoteActivity( 8856): Frame327 received
D/RemoteActivity( 8856): Setting the bitmap
D/RemoteActivity( 8856): Bitmap is not null
D/SurfaceFlinger(  272): FPS : 2.09
W/SurfaceFlinger(  272): Fail to Open /sys/devices/platform/gpusysfs/fps
D/RemoteActivity( 8856): Frame328 received
D/BTChatServiceRemote( 8856): Receiving type of 0
D/BTChatServiceRemote( 8856): The frame size is 40100
D/RemoteActivity( 8856): Setting the bitmap
D/RemoteActivity( 8856): Bitmap is not null
D/BTChatServiceRemote( 8856): Receiving type of 0
D/BTChatServiceRemote( 8856): The frame size is 51513
D/RemoteActivity( 8856): Frame329 received
D/SurfaceFlinger(  272): FPS : 4.30
W/SurfaceFlinger(  272): Fail to Open /sys/devices/platform/gpusysfs/fps
D/RemoteActivity( 8856): Setting the bitmap
D/RemoteActivity( 8856): Bitmap is not null
D/SurfaceFlinger(  272): FPS : 4.30
W/SurfaceFlinger(  272): Fail to Open /sys/devices/platform/gpusysfs/fps
D/RemoteActivity( 8856): Frame330 received
D/BTChatServiceRemote( 8856): Receiving type of 0
D/BTChatServiceRemote( 8856): The frame size is 56060
D/RemoteActivity( 8856): Setting the bitmap
D/RemoteActivity( 8856): Bitmap is not null
D/SurfaceFlinger(  272): FPS : 5.72
W/SurfaceFlinger(  272): Fail to Open /sys/devices/platform/gpusysfs/fps
D/BTChatServiceRemote( 8856): Receiving type of 0
D/BTChatServiceRemote( 8856): The frame size is 52063
D/RemoteActivity( 8856): Frame331 received
D/RemoteActivity( 8856): Setting the bitmap
D/RemoteActivity( 8856): Bitmap is not null
D/SurfaceFlinger(  272): FPS : 5.72
W/SurfaceFlinger(  272): Fail to Open /sys/devices/platform/gpusysfs/fps
D/RemoteActivity( 8856): Frame332 received
D/BTChatServiceRemote( 8856): Receiving type of 0
D/BTChatServiceRemote( 8856): The frame size is 41496
D/RemoteActivity( 8856): Setting the bitmap
D/RemoteActivity( 8856): Bitmap is not null
D/BTChatServiceRemote( 8856): Receiving type of 0
D/BTChatServiceRemote( 8856): The frame size is 41864
D/RemoteActivity( 8856): Frame333 received
D/SurfaceFlinger(  272): FPS : 3.88
W/SurfaceFlinger(  272): Fail to Open /sys/devices/platform/gpusysfs/fps
D/InputReader(  870): Input event: value=1
I/InputReader(  870): Touch event's action is 0x0 (deviceType=0) [pCnt=1, s=0.14 ] when=877277409000
I/InputDispatcher(  870): Delivering touch to (8856): action: 0x0, toolType: 1
D/PowerManagerService(  870): [input device light] setInputDeviceLightOn is called : 1
D/PowerManagerService(  870): [input device light] handleInputDeviceLightOn
D/RemoteActivity( 8856): Setting the bitmap
D/RemoteActivity( 8856): Bitmap is not null
D/ViewRootImpl( 8856): ViewPostImeInputStage ACTION_DOWN
D/BTChatServiceRemote( 8856): Receiving type of 0
D/BTChatServiceRemote( 8856): The frame size is 43235
D/InputReader(  870): Input event: value=0
I/InputReader(  870): Touch event's action is 0x1 (deviceType=0) [pCnt=1, s=] when=877315098000
I/InputDispatcher(  870): Delivering touch to (8856): action: 0x1, toolType: 1
D/RemoteActivity( 8856): Frame334 received
D/SurfaceFlinger(  272): FPS : 3.88
W/SurfaceFlinger(  272): Fail to Open /sys/devices/platform/gpusysfs/fps
D/RemoteActivity( 8856): Setting the bitmap
D/RemoteActivity( 8856): Bitmap is not null
I/AudioPolicyManager_legacy(  303): getAudioPolicyConfig: situation=1;device=0
I/AudioPolicyManager_legacy(  303): getSituationVolume: isBTConnected:0 isHeadConnected:0
V/AudioPolicyManager_legacy(  303): deviceInt = 0, situationInt = 1, situationVolume = 0.800000
V/AudioPolicyManager_legacy(  303): getOutput() device 2, stream 1, samplingRate 0, format 0, channelMask 0, flags 3
V/AudioPolicyManager_legacy(  303): getOutputsForDevice device 0002 -> 0002
V/AudioPolicyManager_legacy(  303): getOutput() returns output 2
V/AudioPolicyManager_legacy(  303): getOutput() device 2, stream 1, samplingRate 0, format 0, channelMask 0, flags 3
V/AudioPolicyManager_legacy(  303): getOutputsForDevice device 0002 -> 0002
V/AudioPolicyManager_legacy(  303): getOutput() returns output 2
V/AudioPolicyManager_legacy(  303): getOutputForAttr() usage=13, content=4, tag= flags=00000000
V/AudioPolicyManager_legacy(  303): getOutputForAttr() device 2, samplingRate 48000, format 1, channelMask 1, flags 4
V/AudioPolicyManager_legacy(  303): getOutputsForDevice device 0002 -> 0002
V/AudioPolicyManager_legacy(  303): getOutput() returns output 2
E/AudioTrack(  870): AudioTrack::set : Exit
V/AudioPolicyManager_legacy(  303): startOutput() output 2, stream 1, session 59
V/AudioPolicyManager_legacy(  303): changeRefCount() stream 1, count 1
V/AudioPolicyManager_legacy(  303): getNewOutputDevice() selected device 2
V/AudioPolicyManager_legacy(  303): setOutputDevice() output 2 device 0002 delayMs 0
V/AudioPolicyManager_legacy(  303): setOutputDevice() prevDevice 0002
V/AudioPolicyManager_legacy(  303): setOutputDevice() setting same device 0002 or null device for output 2
V/AudioPolicyManager_legacy(  303): releaseOutput() 2
D/ALSADevice(  303): route: devices 0x2 in mode 0
V/ALSADevice(  303): switchDevice: device 0x2 mode:0
V/ALSADevice(  303): getUCMDevice for output device: devices:2 is input device:0
V/ALSADevice(  303): getUCMDevice for input device: devices:0 is input device:1
D/ALSADevice(  303): No valid input device: 0
V/ALSADevice(  303): switchDevice,rxDev:Speaker, txDev:(null), curRxDev:Speaker, curTxDev:VR Main Mic
D/alsa_ucm(  303): snd_use_case_set(): uc_mgr 0xb3e18510 identifier _enadev value Speaker
E/PersonaManagerService(  870): inState():  stateMachine is null !!
D/ALSADevice(  303): switchDevice: mCurTxUCMDevivce VR Main Mic mCurRxDevDevice Speaker inCallDevSwitch = 0
I/PersonaManagerService(  870): Failed to execute isKioskModeEnabled. java.lang.SecurityException: You need MANAGE_USERS permission to: query user
V/ALSADevice(  303): switchDevice Done
I/ActivityManager(  870): do not start freezing screen for locked container getKeyguardshowstate = false
D/alsa_ucm(  303): snd_use_case_set(): uc_mgr 0xb3e18510 identifier _enamod value Play Music
D/alsa_ucm(  303): Set mixer controls for Speaker enable 1
D/alsa_ucm(  303): acdb_id 15 cap 1 enable 1
D/ACDB-LOADER(  303): ACDB -> send_audio_cal, acdb_id = 15, path =  0
D/ACDB-LOADER(  303): ACDB -> send_adm_topology
D/ACDB-LOADER(  303): ACDB -> ACDB_CMD_GET_AUDPROC_COMMON_TOPOLOGY_ID
D/ACDB-LOADER(  303): ACDB -> send_asm_topology
D/ACDB-LOADER(  303): ACDB -> ACDB_CMD_GET_AUDPROC_STREAM_TOPOLOGY_ID
D/ACDB-LOADER(  303): ACDB -> send_audtable
D/ACDB-LOADER(  303): ACDB -> ACDB_CMD_GET_AUDPROC_COMMON_TABLE
D/ACDB-LOADER(  303): ACDB -> AUDIO_SET_AUDPROC_CAL
D/ACDB-LOADER(  303): ACDB -> send_audvoltable
D/ACDB-LOADER(  303): ACDB -> ACDB_CMD_GET_AUDPROC_GAIN_DEP_VOLTBL_STEP_COPP
E/ACDB-LOADER(  303): Error: ACDB AudProc vol returned = -8
D/ACDB-LOADER(  303): ACDB -> AUDIO_SET_AUDPROC_VOL_CAL
D/ACDB-LOADER(  303): ACDB -> send_afe_cal
D/ACDB-LOADER(  303): ACDB -> ACDB_CMD_GET_AFE_COMMON_TABLE
D/ACDB-LOADER(  303): ACDB -> AUDIO_SET_AFE_CAL
D/ACDB-LOADER(  303): ACDB -> send_hw_delay : acdb_id = 15 path = 0
D/ACDB-LOADER(  303): ACDB -> ACDB_CMD_GET_DEVICE_PROPERTY_SIZE
D/ACDB-LOADER(  303): ACDB -> ACDB_AVSYNC_INFO: ACDB_CMD_GET_DEVICE_PROPERTY
D/ACDB-LOADER(  303): send_hw_delay id = 15 delay_num_entries = 1 result = 0
D/alsa_ucm(  303): Setting mixer control: SLIM_0_RX Channels, value: Two
D/alsa_ucm(  303): Setting mixer control: RX5 MIX1 INP1, value: RX1
D/alsa_ucm(  303): Setting mixer control: RX5 MIX1 INP2, value: RX2
D/alsa_ucm(  303): Setting mixer control: RX6 DSM MUX, value: DSM_INV
D/alsa_ucm(  303): Setting multi value: LINEOUT2 Volume
W/IntentResolver(  870): resolveIntent: multiple matches, only some with CATEGORY_DEFAULT
D/alsa_ucm(  303): Setting multi value: LINEOUT4 Volume
D/alsa_ucm(  303): Setting multi value: RX5 Digital Volume
D/alsa_ucm(  303): Set mixer controls for Play Music enable 1
D/alsa_ucm(  303): Setting mixer control: SLIMBUS_0_RX Audio Mixer MultiMedia1, value: 1
D/ALSADevice(  303): close: handle 0xb3e57700 h 0x0
D/ALSADevice(  303): open: handle 0xb3e57700, format 0x2
V/ALSADevice(  303): Music case
D/ALSADevice(  303): Device value returned is hw:0,0
V/ALSADevice(  303): flags 0, devName hw:0,0
V/ApplicationPolicy(  870): isApplicationStateBlocked userId 0 pkgname com.sec.android.gallery3d
D/ResourcesManager(  870): creating new AssetManager and set to /system/priv-app/SecGallery2013/SecGallery2013.apk
V/ALSADevice(  303): pcm_open returned fd 48
W/IntentResolver(  870): resolveIntent: multiple matches, only some with CATEGORY_DEFAULT
D/ALSADevice(  303): handle->format: 0x2
D/ALSADevice(  303): setHardwareParams: reqBuffSize 2048 channels 2 sampleRate 48000
D/ALSADevice(  303): setHardwareParams: buffer_size 16384, period_size 2048, period_cnt 8
D/BTChatServiceRemote( 8856): Receiving type of 0
D/BTChatServiceRemote( 8856): The frame size is 66216
W/ResourcesManager(  870): Asset path '/system/framework/sechardware.jar' does not exist or contains no resources.
W/ResourcesManager(  870): Asset path '/system/framework/com.google.android.maps.jar' does not exist or contains no resources.
W/ResourcesManager(  870): Asset path '/system/framework/multiwindow.jar' does not exist or contains no resources.
W/ResourcesManager(  870): Asset path '/system/framework/twframework.jar' does not exist or contains no resources.
W/ResourcesManager(  870): Asset path '/system/framework/svi.jar' does not exist or contains no resources.
W/ResourcesManager(  870): Asset path '/system/framework/allshare.jar' does not exist or contains no resources.
D/SurfaceFlinger(  272): FPS : 7.05
W/SurfaceFlinger(  272): Fail to Open /sys/devices/platform/gpusysfs/fps
W/ResourcesManager(  870): Asset path '/system/framework/secvision.jar' does not exist or contains no resources.
W/ActivityManager(  870): mDVFSHelper.acquire()
D/RemoteActivity( 8856): Frame335 received
D/PointerIcon(  870): setMouseIconStyle1 pointerType: 1001iconType:101 flag:0
D/PointerIcon(  870): setMouseCustomIcon IconType is same.101
D/PointerIcon(  870): setHoveringSpenIconStyle1 pointerType: 10001iconType:1 flag:0
D/PointerIcon(  870): setHoveringSpenCustomIcon IconType is same.1
D/RemoteActivity( 8856): Setting the bitmap
D/RemoteActivity( 8856): Bitmap is not null
D/RemoteActivity( 8856): Activity onPause
D/RemoteActivity( 8856): Tell camera to restart preview
D/RemoteActivity( 8856): Invoking sendMessage
D/BTChatServiceRemote( 8856): Sending message to Camera
D/ConnectivityService(  870): returning getNetworkInfo(networkType - 1) :[type: WIFI[] - WIFI, state: DISCONNECTED/DISCONNECTED, reason: (unspecified), extra: (none), roaming: false, failover: false, isAvailable: true, isConnectedToProvisioningNetwork: false]
D/SSRM:a  (  870): DeviceInfo:: 000000000000
D/SSRM:a  (  870): SettingsAirViewInfo:: 000000000
D/SurfaceFlinger(  272): FPS : 7.05
W/SurfaceFlinger(  272): Fail to Open /sys/devices/platform/gpusysfs/fps
D/SurfaceFlinger(  272): FPS : 7.05
W/SurfaceFlinger(  272): Fail to Open /sys/devices/platform/gpusysfs/fps
V/AudioPolicyManager_legacy(  303): stopOutput() output 2, stream 1, session 59
V/AudioPolicyManager_legacy(  303): changeRefCount() stream 1, count 0
V/AudioPolicyManager_legacy(  303): getNewOutputDevice() selected device 0
V/AudioPolicyManager_legacy(  303): setOutputDevice() output 2 device 0000 delayMs 192
V/AudioPolicyManager_legacy(  303): setOutputDevice() prevDevice 0002
V/AudioPolicyManager_legacy(  303): setOutputDevice() setting same device 0000 or null device for output 2
D/RemoteActivity( 8856): Frame336 received
