D/        (  870): TIMA: QCOM_send_command result--0
D/        (  870): TIMA_PKM_measure_kernel returns with resp..ret=512!
D/        (  870): TAL: TIMA_PKM_measure_kernel--int8_t TIMA_PKM_measure_kernel(TIMA_handle_t, void*, uint32_t, void*, uint32_t, uint32_t)
D/        (  870): TIMA: QCOM_send_command--int8_t QCOM_send_command(TIMA_handle_t, void*, uint32_t, void*, uint32_t, uint32_t)
D/        (  870): rsp_len = 1008 rcvd_data_len = 1040, self_calculate_len=1040
D/        (  870): TIMA: QCOM_send_command result--0
D/        (  870): TIMA_PKM_measure_kernel returns with resp..ret=512!
D/        (  870): TAL: TIMA_PKM_measure_kernel--int8_t TIMA_PKM_measure_kernel(TIMA_handle_t, void*, uint32_t, void*, uint32_t, uint32_t)
D/        (  870): TIMA: QCOM_send_command--int8_t QCOM_send_command(TIMA_handle_t, void*, uint32_t, void*, uint32_t, uint32_t)
D/        (  870): rsp_len = 1008 rcvd_data_len = 1040, self_calculate_len=1040
D/        (  870): TIMA: QCOM_send_command result--0
D/        (  870): TIMA_PKM_measure_kernel returns with resp..ret=512!
D/        (  870): TAL: TIMA_PKM_measure_kernel--int8_t TIMA_PKM_measure_kernel(TIMA_handle_t, void*, uint32_t, void*, uint32_t, uint32_t)
D/        (  870): TIMA: QCOM_send_command--int8_t QCOM_send_command(TIMA_handle_t, void*, uint32_t, void*, uint32_t, uint32_t)
D/        (  870): rsp_len = 1008 rcvd_data_len = 1040, self_calculate_len=1040
D/        (  870): TIMA: QCOM_send_command result--0
D/        (  870): TIMA_PKM_measure_kernel returns with resp..ret=512!
D/        (  870): TAL: TIMA_PKM_measure_kernel--int8_t TIMA_PKM_measure_kernel(TIMA_handle_t, void*, uint32_t, void*, uint32_t, uint32_t)
D/        (  870): TIMA: QCOM_send_command--int8_t QCOM_send_command(TIMA_handle_t, void*, uint32_t, void*, uint32_t, uint32_t)
D/        (  870): rsp_len = 1008 rcvd_data_len = 1040, self_calculate_len=1040
D/        (  870): TIMA: QCOM_send_command result--0
D/        (  870): TIMA_PKM_measure_kernel returns with resp..ret=512!
D/        (  870): TAL: TIMA_PKM_measure_kernel--int8_t TIMA_PKM_measure_kernel(TIMA_handle_t, void*, uint32_t, void*, uint32_t, uint32_t)
D/        (  870): TIMA: QCOM_send_command--int8_t QCOM_send_command(TIMA_handle_t, void*, uint32_t, void*, uint32_t, uint32_t)
D/        (  870): rsp_len = 1008 rcvd_data_len = 1040, self_calculate_len=1040
D/        (  870): TIMA: QCOM_send_command result--0
D/        (  870): TIMA_PKM_measure_kernel returns with resp..ret=512!
D/        (  870): TAL: TIMA_PKM_measure_kernel--int8_t TIMA_PKM_measure_kernel(TIMA_handle_t, void*, uint32_t, void*, uint32_t, uint32_t)
D/        (  870): TIMA: QCOM_send_command--int8_t QCOM_send_command(TIMA_handle_t, void*, uint32_t, void*, uint32_t, uint32_t)
D/        (  870): rsp_len = 1008 rcvd_data_len = 1040, self_calculate_len=1040
D/        (  870): TIMA: QCOM_send_command result--0
D/        (  870): TIMA_PKM_measure_kernel returns with resp..ret=512!
D/        (  870): TAL: TIMA_PKM_measure_kernel--int8_t TIMA_PKM_measure_kernel(TIMA_handle_t, void*, uint32_t, void*, uint32_t, uint32_t)
D/        (  870): TIMA: QCOM_send_command--int8_t QCOM_send_command(TIMA_handle_t, void*, uint32_t, void*, uint32_t, uint32_t)
D/        (  870): rsp_len = 1008 rcvd_data_len = 1040, self_calculate_len=1040
D/        (  870): TIMA: QCOM_send_command result--0
D/        (  870): TIMA_PKM_measure_kernel returns with resp..ret=512!
D/        (  870): TAL: TIMA_PKM_measure_kernel--int8_t TIMA_PKM_measure_kernel(TIMA_handle_t, void*, uint32_t, void*, uint32_t, uint32_t)
D/        (  870): TIMA: QCOM_send_command--int8_t QCOM_send_command(TIMA_handle_t, void*, uint32_t, void*, uint32_t, uint32_t)
D/        (  870): rsp_len = 1008 rcvd_data_len = 1040, self_calculate_len=1040
D/        (  870): TIMA: QCOM_send_command result--0
D/        (  870): TIMA_PKM_measure_kernel returns with resp..ret=512!
D/        (  870): TAL: TIMA_PKM_measure_kernel--int8_t TIMA_PKM_measure_kernel(TIMA_handle_t, void*, uint32_t, void*, uint32_t, uint32_t)
D/        (  870): TIMA: QCOM_send_command--int8_t QCOM_send_command(TIMA_handle_t, void*, uint32_t, void*, uint32_t, uint32_t)
D/        (  870): rsp_len = 1008 rcvd_data_len = 1040, self_calculate_len=1040
D/        (  870): TIMA: QCOM_send_command result--0
D/        (  870): TIMA_PKM_measure_kernel returns with resp..ret=512!
D/        (  870): TAL: TIMA_PKM_measure_kernel--int8_t TIMA_PKM_measure_kernel(TIMA_handle_t, void*, uint32_t, void*, uint32_t, uint32_t)
D/        (  870): TIMA: QCOM_send_command--int8_t QCOM_send_command(TIMA_handle_t, void*, uint32_t, void*, uint32_t, uint32_t)
D/        (  870): rsp_len = 1008 rcvd_data_len = 1040, self_calculate_len=1040
D/        (  870): TIMA: QCOM_send_command result--0
D/        (  870): TIMA_PKM_measure_kernel returns with resp..ret=512!
D/        (  870): TAL: TIMA_PKM_measure_kernel--int8_t TIMA_PKM_measure_kernel(TIMA_handle_t, void*, uint32_t, void*, uint32_t, uint32_t)
D/        (  870): TIMA: QCOM_send_command--int8_t QCOM_send_command(TIMA_handle_t, void*, uint32_t, void*, uint32_t, uint32_t)
D/        (  870): rsp_len = 1008 rcvd_data_len = 1040, self_calculate_len=1040
D/        (  870): TIMA: QCOM_send_command result--0
D/        (  870): TIMA_PKM_measure_kernel returns with resp..ret=512!
D/        (  870): TAL: TIMA_PKM_measure_kernel--int8_t TIMA_PKM_measure_kernel(TIMA_handle_t, void*, uint32_t, void*, uint32_t, uint32_t)
D/        (  870): TIMA: QCOM_send_command--int8_t QCOM_send_command(TIMA_handle_t, void*, uint32_t, void*, uint32_t, uint32_t)
D/        (  870): rsp_len = 1008 rcvd_data_len = 1040, self_calculate_len=1040
D/        (  870): TIMA: QCOM_send_command result--0
D/        (  870): TIMA_PKM_measure_kernel returns with resp..ret=512!
D/        (  870): TAL: TIMA_PKM_measure_kernel--int8_t TIMA_PKM_measure_kernel(TIMA_handle_t, void*, uint32_t, void*, uint32_t, uint32_t)
D/        (  870): TIMA: QCOM_send_command--int8_t QCOM_send_command(TIMA_handle_t, void*, uint32_t, void*, uint32_t, uint32_t)
D/        (  870): rsp_len = 1008 rcvd_data_len = 1040, self_calculate_len=1040
D/        (  870): TIMA: QCOM_send_command result--0
D/        (  870): TIMA_PKM_measure_kernel returns with resp..ret=512!
D/        (  870): TAL: TIMA_PKM_measure_kernel--int8_t TIMA_PKM_measure_kernel(TIMA_handle_t, void*, uint32_t, void*, uint32_t, uint32_t)
D/        (  870): TIMA: QCOM_send_command--int8_t QCOM_send_command(TIMA_handle_t, void*, uint32_t, void*, uint32_t, uint32_t)
D/        (  870): rsp_len = 1008 rcvd_data_len = 1040, self_calculate_len=1040
D/        (  870): TIMA: QCOM_send_command result--0
D/        (  870): TIMA_PKM_measure_kernel returns with resp..ret=512!
D/        (  870): TAL: TIMA_PKM_measure_kernel--int8_t TIMA_PKM_measure_kernel(TIMA_handle_t, void*, uint32_t, void*, uint32_t, uint32_t)
D/        (  870): TIMA: QCOM_send_command--int8_t QCOM_send_command(TIMA_handle_t, void*, uint32_t, void*, uint32_t, uint32_t)
D/        (  870): rsp_len = 1008 rcvd_data_len = 1040, self_calculate_len=1040
D/BTChatServiceRemote( 8856): Receiving type of 0
D/RemoteActivity( 8856): Frame513 received
D/BTChatServiceRemote( 8856): The frame size is 62853
D/        (  870): TIMA: QCOM_send_command result--0
D/        (  870): TIMA_PKM_measure_kernel returns with resp..ret=512!
D/        (  870): TAL: TIMA_PKM_measure_kernel--int8_t TIMA_PKM_measure_kernel(TIMA_handle_t, void*, uint32_t, void*, uint32_t, uint32_t)
D/        (  870): TIMA: QCOM_send_command--int8_t QCOM_send_command(TIMA_handle_t, void*, uint32_t, void*, uint32_t, uint32_t)
D/        (  870): rsp_len = 1008 rcvd_data_len = 1040, self_calculate_len=1040
D/        (  870): TIMA: QCOM_send_command result--0
D/        (  870): TIMA_PKM_measure_kernel returns with resp..ret=512!
D/        (  870): TAL: TIMA_PKM_measure_kernel--int8_t TIMA_PKM_measure_kernel(TIMA_handle_t, void*, uint32_t, void*, uint32_t, uint32_t)
D/        (  870): TIMA: QCOM_send_command--int8_t QCOM_send_command(TIMA_handle_t, void*, uint32_t, void*, uint32_t, uint32_t)
D/        (  870): rsp_len = 1008 rcvd_data_len = 1040, self_calculate_len=1040
D/        (  870): TIMA: QCOM_send_command result--0
D/        (  870): TIMA_PKM_measure_kernel returns with resp..ret=512!
D/        (  870): TAL: TIMA_PKM_measure_kernel--int8_t TIMA_PKM_measure_kernel(TIMA_handle_t, void*, uint32_t, void*, uint32_t, uint32_t)
D/        (  870): TIMA: QCOM_send_command--int8_t QCOM_send_command(TIMA_handle_t, void*, uint32_t, void*, uint32_t, uint32_t)
D/        (  870): rsp_len = 1008 rcvd_data_len = 1040, self_calculate_len=1040
D/        (  870): TIMA: QCOM_send_command result--0
D/        (  870): TIMA_PKM_measure_kernel returns with resp..ret=512!
D/        (  870): TAL: TIMA_PKM_measure_kernel--int8_t TIMA_PKM_measure_kernel(TIMA_handle_t, void*, uint32_t, void*, uint32_t, uint32_t)
D/        (  870): TIMA: QCOM_send_command--int8_t QCOM_send_command(TIMA_handle_t, void*, uint32_t, void*, uint32_t, uint32_t)
D/        (  870): rsp_len = 1008 rcvd_data_len = 1040, self_calculate_len=1040
D/        (  870): TIMA: QCOM_send_command result--0
D/        (  870): TIMA_PKM_measure_kernel returns with resp..ret=512!
D/        (  870): TAL: TIMA_PKM_measure_kernel--int8_t TIMA_PKM_measure_kernel(TIMA_handle_t, void*, uint32_t, void*, uint32_t, uint32_t)
D/        (  870): TIMA: QCOM_send_command--int8_t QCOM_send_command(TIMA_handle_t, void*, uint32_t, void*, uint32_t, uint32_t)
D/        (  870): rsp_len = 1008 rcvd_data_len = 1040, self_calculate_len=1040
D/        (  870): TIMA: QCOM_send_command result--0
D/        (  870): TIMA_PKM_measure_kernel returns with resp..ret=512!
D/        (  870): TAL: TIMA_PKM_measure_kernel--int8_t TIMA_PKM_measure_kernel(TIMA_handle_t, void*, uint32_t, void*, uint32_t, uint32_t)
D/        (  870): TIMA: QCOM_send_command--int8_t QCOM_send_command(TIMA_handle_t, void*, uint32_t, void*, uint32_t, uint32_t)
D/        (  870): rsp_len = 1008 rcvd_data_len = 1040, self_calculate_len=1040
D/        (  870): TIMA: QCOM_send_command result--0
D/        (  870): TIMA_PKM_measure_kernel returns with resp..ret=512!
D/        (  870): TAL: TIMA_PKM_measure_kernel--int8_t TIMA_PKM_measure_kernel(TIMA_handle_t, void*, uint32_t, void*, uint32_t, uint32_t)
D/        (  870): TIMA: QCOM_send_command--int8_t QCOM_send_command(TIMA_handle_t, void*, uint32_t, void*, uint32_t, uint32_t)
D/        (  870): rsp_len = 1008 rcvd_data_len = 1040, self_calculate_len=1040
D/        (  870): TIMA: QCOM_send_command result--0
D/        (  870): TIMA_PKM_measure_kernel returns with resp..ret=512!
D/        (  870): TAL: TIMA_PKM_measure_kernel--int8_t TIMA_PKM_measure_kernel(TIMA_handle_t, void*, uint32_t, void*, uint32_t, uint32_t)
D/        (  870): TIMA: QCOM_send_command--int8_t QCOM_send_command(TIMA_handle_t, void*, uint32_t, void*, uint32_t, uint32_t)
D/        (  870): rsp_len = 1008 rcvd_data_len = 1040, self_calculate_len=1040
D/        (  870): TIMA: QCOM_send_command result--0
D/        (  870): TIMA_PKM_measure_kernel returns with resp..ret=512!
D/        (  870): TAL: TIMA_PKM_measure_kernel--int8_t TIMA_PKM_measure_kernel(TIMA_handle_t, void*, uint32_t, void*, uint32_t, uint32_t)
D/        (  870): TIMA: QCOM_send_command--int8_t QCOM_send_command(TIMA_handle_t, void*, uint32_t, void*, uint32_t, uint32_t)
D/        (  870): rsp_len = 1008 rcvd_data_len = 1040, self_calculate_len=1040
D/RemoteActivity( 8856): Setting the bitmap
D/RemoteActivity( 8856): Bitmap is not null
D/        (  870): TIMA: QCOM_send_command result--0
D/        (  870): TIMA_PKM_measure_kernel returns with resp..ret=512!
D/        (  870): TAL: TIMA_PKM_measure_kernel--int8_t TIMA_PKM_measure_kernel(TIMA_handle_t, void*, uint32_t, void*, uint32_t, uint32_t)
D/        (  870): TIMA: QCOM_send_command--int8_t QCOM_send_command(TIMA_handle_t, void*, uint32_t, void*, uint32_t, uint32_t)
D/        (  870): rsp_len = 1008 rcvd_data_len = 1040, self_calculate_len=1040
D/        (  870): TIMA: QCOM_send_command result--0
D/        (  870): TIMA_PKM_measure_kernel returns with resp..ret=512!
D/        (  870): TAL: TIMA_PKM_measure_kernel--int8_t TIMA_PKM_measure_kernel(TIMA_handle_t, void*, uint32_t, void*, uint32_t, uint32_t)
D/        (  870): TIMA: QCOM_send_command--int8_t QCOM_send_command(TIMA_handle_t, void*, uint32_t, void*, uint32_t, uint32_t)
D/        (  870): rsp_len = 1008 rcvd_data_len = 1040, self_calculate_len=1040
D/        (  870): TIMA: QCOM_send_command result--0
D/        (  870): TIMA_PKM_measure_kernel returns with resp..ret=512!
D/        (  870): TAL: TIMA_PKM_measure_kernel--int8_t TIMA_PKM_measure_kernel(TIMA_handle_t, void*, uint32_t, void*, uint32_t, uint32_t)
D/        (  870): TIMA: QCOM_send_command--int8_t QCOM_send_command(TIMA_handle_t, void*, uint32_t, void*, uint32_t, uint32_t)
D/        (  870): rsp_len = 1008 rcvd_data_len = 1040, self_calculate_len=1040
D/        (  870): TIMA: QCOM_send_command result--0
D/        (  870): TIMA_PKM_measure_kernel returns with resp..ret=512!
D/        (  870): TAL: TIMA_PKM_measure_kernel--int8_t TIMA_PKM_measure_kernel(TIMA_handle_t, void*, uint32_t, void*, uint32_t, uint32_t)
D/        (  870): TIMA: QCOM_send_command--int8_t QCOM_send_command(TIMA_handle_t, void*, uint32_t, void*, uint32_t, uint32_t)
D/        (  870): rsp_len = 1008 rcvd_data_len = 1040, self_calculate_len=1040
D/        (  870): TIMA: QCOM_send_command result--0
D/        (  870): TIMA_PKM_measure_kernel returns with resp..ret=512!
D/        (  870): TAL: TIMA_PKM_measure_kernel--int8_t TIMA_PKM_measure_kernel(TIMA_handle_t, void*, uint32_t, void*, uint32_t, uint32_t)
D/        (  870): TIMA: QCOM_send_command--int8_t QCOM_send_command(TIMA_handle_t, void*, uint32_t, void*, uint32_t, uint32_t)
D/        (  870): rsp_len = 1008 rcvd_data_len = 1040, self_calculate_len=1040
D/SurfaceFlinger(  272): FPS : 3.66
W/SurfaceFlinger(  272): Fail to Open /sys/devices/platform/gpusysfs/fps
D/        (  870): TIMA: QCOM_send_command result--0
D/        (  870): TIMA_PKM_measure_kernel returns with resp..ret=512!
D/        (  870): TAL: TIMA_PKM_measure_kernel--int8_t TIMA_PKM_measure_kernel(TIMA_handle_t, void*, uint32_t, void*, uint32_t, uint32_t)
D/        (  870): TIMA: QCOM_send_command--int8_t QCOM_send_command(TIMA_handle_t, void*, uint32_t, void*, uint32_t, uint32_t)
D/        (  870): rsp_len = 1008 rcvd_data_len = 1040, self_calculate_len=1040
D/        (  870): TIMA: QCOM_send_command result--0
D/        (  870): TIMA_PKM_measure_kernel returns with resp..ret=512!
D/        (  870): TAL: TIMA_PKM_measure_kernel--int8_t TIMA_PKM_measure_kernel(TIMA_handle_t, void*, uint32_t, void*, uint32_t, uint32_t)
D/        (  870): TIMA: QCOM_send_command--int8_t QCOM_send_command(TIMA_handle_t, void*, uint32_t, void*, uint32_t, uint32_t)
D/        (  870): rsp_len = 1008 rcvd_data_len = 1040, self_calculate_len=1040
D/        (  870): TIMA: QCOM_send_command result--0
D/        (  870): TIMA_PKM_measure_kernel returns with resp..ret=512!
D/        (  870): TAL: TIMA_PKM_measure_kernel--int8_t TIMA_PKM_measure_kernel(TIMA_handle_t, void*, uint32_t, void*, uint32_t, uint32_t)
D/        (  870): TIMA: QCOM_send_command--int8_t QCOM_send_command(TIMA_handle_t, void*, uint32_t, void*, uint32_t, uint32_t)
D/        (  870): rsp_len = 1008 rcvd_data_len = 1040, self_calculate_len=1040
D/        (  870): TIMA: QCOM_send_command result--0
D/        (  870): TIMA_PKM_measure_kernel returns with resp..ret=512!
D/        (  870): TAL: TIMA_PKM_measure_kernel--int8_t TIMA_PKM_measure_kernel(TIMA_handle_t, void*, uint32_t, void*, uint32_t, uint32_t)
D/        (  870): TIMA: QCOM_send_command--int8_t QCOM_send_command(TIMA_handle_t, void*, uint32_t, void*, uint32_t, uint32_t)
D/        (  870): rsp_len = 1008 rcvd_data_len = 1040, self_calculate_len=1040
D/BTChatServiceRemote( 8856): Receiving type of 0
D/RemoteActivity( 8856): Frame514 received
D/BTChatServiceRemote( 8856): The frame size is 63701
D/        (  870): TIMA: QCOM_send_command result--0
D/        (  870): TIMA_PKM_measure_kernel returns with resp..ret=512!
D/        (  870): TAL: TIMA_PKM_measure_kernel--int8_t TIMA_PKM_measure_kernel(TIMA_handle_t, void*, uint32_t, void*, uint32_t, uint32_t)
D/        (  870): TIMA: QCOM_send_command--int8_t QCOM_send_command(TIMA_handle_t, void*, uint32_t, void*, uint32_t, uint32_t)
D/        (  870): rsp_len = 1008 rcvd_data_len = 1040, self_calculate_len=1040
D/        (  870): TIMA: QCOM_send_command result--0
D/        (  870): TIMA_PKM_measure_kernel returns with resp..ret=512!
D/        (  870): TAL: TIMA_PKM_measure_kernel--int8_t TIMA_PKM_measure_kernel(TIMA_handle_t, void*, uint32_t, void*, uint32_t, uint32_t)
D/        (  870): TIMA: QCOM_send_command--int8_t QCOM_send_command(TIMA_handle_t, void*, uint32_t, void*, uint32_t, uint32_t)
D/        (  870): rsp_len = 1008 rcvd_data_len = 1040, self_calculate_len=1040
D/        (  870): TIMA: QCOM_send_command result--0
D/        (  870): TIMA_PKM_measure_kernel returns with resp..ret=512!
D/        (  870): TAL: TIMA_PKM_measure_kernel--int8_t TIMA_PKM_measure_kernel(TIMA_handle_t, void*, uint32_t, void*, uint32_t, uint32_t)
D/        (  870): TIMA: QCOM_send_command--int8_t QCOM_send_command(TIMA_handle_t, void*, uint32_t, void*, uint32_t, uint32_t)
D/        (  870): rsp_len = 1008 rcvd_data_len = 1040, self_calculate_len=1040
D/        (  870): TIMA: QCOM_send_command result--0
D/        (  870): TIMA_PKM_measure_kernel returns with resp..ret=512!
D/        (  870): TAL: TIMA_PKM_measure_kernel--int8_t TIMA_PKM_measure_kernel(TIMA_handle_t, void*, uint32_t, void*, uint32_t, uint32_t)
D/        (  870): TIMA: QCOM_send_command--int8_t QCOM_send_command(TIMA_handle_t, void*, uint32_t, void*, uint32_t, uint32_t)
D/        (  870): rsp_len = 1008 rcvd_data_len = 1040, self_calculate_len=1040
D/        (  870): TIMA: QCOM_send_command result--0
D/        (  870): TIMA_PKM_measure_kernel returns with resp..ret=512!
D/        (  870): TAL: TIMA_PKM_measure_kernel--int8_t TIMA_PKM_measure_kernel(TIMA_handle_t, void*, uint32_t, void*, uint32_t, uint32_t)
D/        (  870): TIMA: QCOM_send_command--int8_t QCOM_send_command(TIMA_handle_t, void*, uint32_t, void*, uint32_t, uint32_t)
D/        (  870): rsp_len = 1008 rcvd_data_len = 1040, self_calculate_len=1040
D/RemoteActivity( 8856): Setting the bitmap
D/RemoteActivity( 8856): Bitmap is not null
D/        (  870): TIMA: QCOM_send_command result--0
D/        (  870): TIMA_PKM_measure_kernel returns with resp..ret=512!
D/        (  870): TAL: TIMA_PKM_measure_kernel--int8_t TIMA_PKM_measure_kernel(TIMA_handle_t, void*, uint32_t, void*, uint32_t, uint32_t)
D/        (  870): TIMA: QCOM_send_command--int8_t QCOM_send_command(TIMA_handle_t, void*, uint32_t, void*, uint32_t, uint32_t)
D/        (  870): rsp_len = 1008 rcvd_data_len = 1040, self_calculate_len=1040
D/        (  870): TIMA: QCOM_send_command result--0
D/        (  870): TIMA_PKM_measure_kernel returns with resp..ret=512!
D/        (  870): TAL: TIMA_PKM_measure_kernel--int8_t TIMA_PKM_measure_kernel(TIMA_handle_t, void*, uint32_t, void*, uint32_t, uint32_t)
D/        (  870): TIMA: QCOM_send_command--int8_t QCOM_send_command(TIMA_handle_t, void*, uint32_t, void*, uint32_t, uint32_t)
D/        (  870): rsp_len = 1008 rcvd_data_len = 1040, self_calculate_len=1040
D/        (  870): TIMA: QCOM_send_command result--0
D/        (  870): TIMA_PKM_measure_kernel returns with resp..ret=512!
D/        (  870): TAL: TIMA_PKM_measure_kernel--int8_t TIMA_PKM_measure_kernel(TIMA_handle_t, void*, uint32_t, void*, uint32_t, uint32_t)
D/        (  870): TIMA: QCOM_send_command--int8_t QCOM_send_command(TIMA_handle_t, void*, uint32_t, void*, uint32_t, uint32_t)
D/        (  870): rsp_len = 1008 rcvd_data_len = 1040, self_calculate_len=1040
D/        (  870): TIMA: QCOM_send_command result--0
D/        (  870): TIMA_PKM_measure_kernel returns with resp..ret=512!
D/        (  870): TAL: TIMA_PKM_measure_kernel--int8_t TIMA_PKM_measure_kernel(TIMA_handle_t, void*, uint32_t, void*, uint32_t, uint32_t)
D/        (  870): TIMA: QCOM_send_command--int8_t QCOM_send_command(TIMA_handle_t, void*, uint32_t, void*, uint32_t, uint32_t)
D/        (  870): rsp_len = 1008 rcvd_data_len = 1040, self_calculate_len=1040
D/SurfaceFlinger(  272): FPS : 3.66
W/SurfaceFlinger(  272): Fail to Open /sys/devices/platform/gpusysfs/fps
D/        (  870): TIMA: QCOM_send_command result--0
D/        (  870): TIMA_PKM_measure_kernel returns with resp..ret=512!
D/        (  870): TAL: TIMA_PKM_measure_kernel--int8_t TIMA_PKM_measure_kernel(TIMA_handle_t, void*, uint32_t, void*, uint32_t, uint32_t)
D/        (  870): TIMA: QCOM_send_command--int8_t QCOM_send_command(TIMA_handle_t, void*, uint32_t, void*, uint32_t, uint32_t)
D/        (  870): rsp_len = 1008 rcvd_data_len = 1040, self_calculate_len=1040
D/        (  870): TIMA: QCOM_send_command result--0
D/        (  870): TIMA_PKM_measure_kernel returns with resp..ret=512!
D/        (  870): TAL: TIMA_PKM_measure_kernel--int8_t TIMA_PKM_measure_kernel(TIMA_handle_t, void*, uint32_t, void*, uint32_t, uint32_t)
D/        (  870): TIMA: QCOM_send_command--int8_t QCOM_send_command(TIMA_handle_t, void*, uint32_t, void*, uint32_t, uint32_t)
D/        (  870): rsp_len = 1008 rcvd_data_len = 1040, self_calculate_len=1040
D/        (  870): TIMA: QCOM_send_command result--0
D/        (  870): TIMA_PKM_measure_kernel returns with resp..ret=512!
D/        (  870): TAL: TIMA_PKM_measure_kernel--int8_t TIMA_PKM_measure_kernel(TIMA_handle_t, void*, uint32_t, void*, uint32_t, uint32_t)
D/        (  870): TIMA: QCOM_send_command--int8_t QCOM_send_command(TIMA_handle_t, void*, uint32_t, void*, uint32_t, uint32_t)
D/        (  870): rsp_len = 1008 rcvd_data_len = 1040, self_calculate_len=1040
D/        (  870): TIMA: QCOM_send_command result--0
D/        (  870): TIMA_PKM_measure_kernel returns with resp..ret=512!
D/        (  870): TAL: TIMA_PKM_measure_kernel--int8_t TIMA_PKM_measure_kernel(TIMA_handle_t, void*, uint32_t, void*, uint32_t, uint32_t)
D/        (  870): TIMA: QCOM_send_command--int8_t QCOM_send_command(TIMA_handle_t, void*, uint32_t, void*, uint32_t, uint32_t)
D/        (  870): rsp_len = 1008 rcvd_data_len = 1040, self_calculate_len=1040
D/        (  870): TIMA: QCOM_send_command result--0
D/        (  870): TIMA_PKM_measure_kernel returns with resp..ret=512!
D/        (  870): TAL: TIMA_PKM_measure_kernel--int8_t TIMA_PKM_measure_kernel(TIMA_handle_t, void*, uint32_t, void*, uint32_t, uint32_t)
D/        (  870): TIMA: QCOM_send_command--int8_t QCOM_send_command(TIMA_handle_t, void*, uint32_t, void*, uint32_t, uint32_t)
D/        (  870): rsp_len = 1008 rcvd_data_len = 1040, self_calculate_len=1040
D/        (  870): TIMA: QCOM_send_command result--0
D/        (  870): TIMA_PKM_measure_kernel returns with resp..ret=512!
D/        (  870): TAL: TIMA_PKM_measure_kernel--int8_t TIMA_PKM_measure_kernel(TIMA_handle_t, void*, uint32_t, void*, uint32_t, uint32_t)
D/        (  870): TIMA: QCOM_send_command--int8_t QCOM_send_command(TIMA_handle_t, void*, uint32_t, void*, uint32_t, uint32_t)
D/        (  870): rsp_len = 1008 rcvd_data_len = 1040, self_calculate_len=1040
D/        (  870): TIMA: QCOM_send_command result--0
D/        (  870): TIMA_PKM_measure_kernel returns with resp..ret=512!
D/        (  870): TAL: TIMA_PKM_measure_kernel--int8_t TIMA_PKM_measure_kernel(TIMA_handle_t, void*, uint32_t, void*, uint32_t, uint32_t)
D/        (  870): TIMA: QCOM_send_command--int8_t QCOM_send_command(TIMA_handle_t, void*, uint32_t, void*, uint32_t, uint32_t)
D/        (  870): rsp_len = 1008 rcvd_data_len = 1040, self_calculate_len=1040
D/        (  870): TIMA: QCOM_send_command result--0
D/        (  870): TIMA_PKM_measure_kernel returns with resp..ret=512!
D/        (  870): TAL: TIMA_PKM_measure_kernel--int8_t TIMA_PKM_measure_kernel(TIMA_handle_t, void*, uint32_t, void*, uint32_t, uint32_t)
D/        (  870): TIMA: QCOM_send_command--int8_t QCOM_send_command(TIMA_handle_t, void*, uint32_t, void*, uint32_t, uint32_t)
D/        (  870): rsp_len = 1008 rcvd_data_len = 1040, self_calculate_len=1040
D/RemoteActivity( 8856): Frame515 received
D/BTChatServiceRemote( 8856): Receiving type of 0
D/BTChatServiceRemote( 8856): The frame size is 55204
D/        (  870): TIMA: QCOM_send_command result--0
D/        (  870): TIMA_PKM_measure_kernel returns with resp..ret=512!
D/        (  870): TAL: TIMA_PKM_measure_kernel--int8_t TIMA_PKM_measure_kernel(TIMA_handle_t, void*, uint32_t, void*, uint32_t, uint32_t)
D/        (  870): TIMA: QCOM_send_command--int8_t QCOM_send_command(TIMA_handle_t, void*, uint32_t, void*, uint32_t, uint32_t)
D/        (  870): rsp_len = 1008 rcvd_data_len = 1040, self_calculate_len=1040
D/        (  870): TIMA: QCOM_send_command result--0
D/        (  870): TIMA_PKM_measure_kernel returns with resp..ret=512!
D/        (  870): TAL: TIMA_PKM_measure_kernel--int8_t TIMA_PKM_measure_kernel(TIMA_handle_t, void*, uint32_t, void*, uint32_t, uint32_t)
D/        (  870): TIMA: QCOM_send_command--int8_t QCOM_send_command(TIMA_handle_t, void*, uint32_t, void*, uint32_t, uint32_t)
D/        (  870): rsp_len = 1008 rcvd_data_len = 1040, self_calculate_len=1040
D/        (  870): TIMA: QCOM_send_command result--0
D/        (  870): TIMA_PKM_measure_kernel returns with resp..ret=512!
D/        (  870): TAL: TIMA_PKM_measure_kernel--int8_t TIMA_PKM_measure_kernel(TIMA_handle_t, void*, uint32_t, void*, uint32_t, uint32_t)
D/        (  870): TIMA: QCOM_send_command--int8_t QCOM_send_command(TIMA_handle_t, void*, uint32_t, void*, uint32_t, uint32_t)
D/        (  870): rsp_len = 1008 rcvd_data_len = 1040, self_calculate_len=1040
D/        (  870): TIMA: QCOM_send_command result--0
D/        (  870): TIMA_PKM_measure_kernel returns with resp..ret=512!
D/        (  870): TAL: TIMA_PKM_measure_kernel--int8_t TIMA_PKM_measure_kernel(TIMA_handle_t, void*, uint32_t, void*, uint32_t, uint32_t)
D/        (  870): TIMA: QCOM_send_command--int8_t QCOM_send_command(TIMA_handle_t, void*, uint32_t, void*, uint32_t, uint32_t)
D/        (  870): rsp_len = 1008 rcvd_data_len = 1040, self_calculate_len=1040
D/        (  870): TIMA: QCOM_send_command result--0
D/        (  870): TIMA_PKM_measure_kernel returns with resp..ret=512!
D/        (  870): TAL: TIMA_PKM_measure_kernel--int8_t TIMA_PKM_measure_kernel(TIMA_handle_t, void*, uint32_t, void*, uint32_t, uint32_t)
D/        (  870): TIMA: QCOM_send_command--int8_t QCOM_send_command(TIMA_handle_t, void*, uint32_t, void*, uint32_t, uint32_t)
D/        (  870): rsp_len = 1008 rcvd_data_len = 1040, self_calculate_len=1040
D/        (  870): TIMA: QCOM_send_command result--0
D/        (  870): TIMA_PKM_measure_kernel returns with resp..ret=512!
D/        (  870): TAL: TIMA_PKM_measure_kernel--int8_t TIMA_PKM_measure_kernel(TIMA_handle_t, void*, uint32_t, void*, uint32_t, uint32_t)
D/        (  870): TIMA: QCOM_send_command--int8_t QCOM_send_command(TIMA_handle_t, void*, uint32_t, void*, uint32_t, uint32_t)
D/        (  870): rsp_len = 1008 rcvd_data_len = 1040, self_calculate_len=1040
D/        (  870): TIMA: QCOM_send_command result--0
D/        (  870): TIMA_PKM_measure_kernel returns with resp..ret=512!
D/        (  870): TAL: TIMA_PKM_measure_kernel--int8_t TIMA_PKM_measure_kernel(TIMA_handle_t, void*, uint32_t, void*, uint32_t, uint32_t)
D/RemoteActivity( 8856): Setting the bitmap
D/        (  870): TIMA: QCOM_send_command--int8_t QCOM_send_command(TIMA_handle_t, void*, uint32_t, void*, uint32_t, uint32_t)
D/        (  870): rsp_len = 1008 rcvd_data_len = 1040, self_calculate_len=1040
D/RemoteActivity( 8856): Bitmap is not null
D/        (  870): TIMA: QCOM_send_command result--0
D/        (  870): TIMA_PKM_measure_kernel returns with resp..ret=512!
D/        (  870): TAL: TIMA_PKM_measure_kernel--int8_t TIMA_PKM_measure_kernel(TIMA_handle_t, void*, uint32_t, void*, uint32_t, uint32_t)
D/        (  870): TIMA: QCOM_send_command--int8_t QCOM_send_command(TIMA_handle_t, void*, uint32_t, void*, uint32_t, uint32_t)
D/        (  870): rsp_len = 1008 rcvd_data_len = 1040, self_calculate_len=1040
D/        (  870): TIMA: QCOM_send_command result--0
D/        (  870): TIMA_PKM_measure_kernel returns with resp..ret=512!
D/        (  870): TAL: TIMA_PKM_measure_kernel--int8_t TIMA_PKM_measure_kernel(TIMA_handle_t, void*, uint32_t, void*, uint32_t, uint32_t)
D/        (  870): TIMA: QCOM_send_command--int8_t QCOM_send_command(TIMA_handle_t, void*, uint32_t, void*, uint32_t, uint32_t)
D/        (  870): rsp_len = 1008 rcvd_data_len = 1040, self_calculate_len=1040
D/        (  870): TIMA: QCOM_send_command result--0
D/        (  870): TIMA_PKM_measure_kernel returns with resp..ret=512!
D/        (  870): TAL: TIMA_PKM_measure_kernel--int8_t TIMA_PKM_measure_kernel(TIMA_handle_t, void*, uint32_t, void*, uint32_t, uint32_t)
D/        (  870): TIMA: QCOM_send_command--int8_t QCOM_send_command(TIMA_handle_t, void*, uint32_t, void*, uint32_t, uint32_t)
D/        (  870): rsp_len = 1008 rcvd_data_len = 1040, self_calculate_len=1040
D/        (  870): TIMA: QCOM_send_command result--0
D/        (  870): TIMA_PKM_measure_kernel returns with resp..ret=512!
D/        (  870): TAL: TIMA_PKM_measure_kernel--int8_t TIMA_PKM_measure_kernel(TIMA_handle_t, void*, uint32_t, void*, uint32_t, uint32_t)
D/        (  870): TIMA: QCOM_send_command--int8_t QCOM_send_command(TIMA_handle_t, void*, uint32_t, void*, uint32_t, uint32_t)
D/        (  870): rsp_len = 1008 rcvd_data_len = 1040, self_calculate_len=1040
D/        (  870): TIMA: QCOM_send_command result--0
D/        (  870): TIMA_PKM_measure_kernel returns with resp..ret=512!
D/        (  870): TAL: TIMA_PKM_measure_kernel--int8_t TIMA_PKM_measure_kernel(TIMA_handle_t, void*, uint32_t, void*, uint32_t, uint32_t)
D/        (  870): TIMA: QCOM_send_command--int8_t QCOM_send_command(TIMA_handle_t, void*, uint32_t, void*, uint32_t, uint32_t)
D/        (  870): rsp_len = 1008 rcvd_data_len = 1040, self_calculate_len=1040
D/        (  870): TIMA: QCOM_send_command result--0
D/        (  870): TIMA_PKM_measure_kernel returns with resp..ret=512!
D/        (  870): TAL: TIMA_PKM_measure_kernel--int8_t TIMA_PKM_measure_kernel(TIMA_handle_t, void*, uint32_t, void*, uint32_t, uint32_t)
D/        (  870): TIMA: QCOM_send_command--int8_t QCOM_send_command(TIMA_handle_t, void*, uint32_t, void*, uint32_t, uint32_t)
D/        (  870): rsp_len = 1008 rcvd_data_len = 1040, self_calculate_len=1040
D/        (  870): TIMA: QCOM_send_command result--0
D/        (  870): TIMA_PKM_measure_kernel returns with resp..ret=512!
D/        (  870): TAL: TIMA_PKM_measure_kernel--int8_t TIMA_PKM_measure_kernel(TIMA_handle_t, void*, uint32_t, void*, uint32_t, uint32_t)
D/        (  870): TIMA: QCOM_send_command--int8_t QCOM_send_command(TIMA_handle_t, void*, uint32_t, void*, uint32_t, uint32_t)
D/        (  870): rsp_len = 1008 rcvd_data_len = 1040, self_calculate_len=1040
D/        (  870): TIMA: QCOM_send_command result--0
D/        (  870): TIMA_PKM_measure_kernel returns with resp..ret=512!
D/        (  870): TAL: TIMA_PKM_measure_kernel--int8_t TIMA_PKM_measure_kernel(TIMA_handle_t, void*, uint32_t, void*, uint32_t, uint32_t)
D/        (  870): TIMA: QCOM_send_command--int8_t QCOM_send_command(TIMA_handle_t, void*, uint32_t, void*, uint32_t, uint32_t)
D/        (  870): rsp_len = 1008 rcvd_data_len = 1040, self_calculate_len=1040
D/SurfaceFlinger(  272): FPS : 3.65
W/SurfaceFlinger(  272): Fail to Open /sys/devices/platform/gpusysfs/fps
D/        (  870): TIMA: QCOM_send_command result--0
D/        (  870): TIMA_PKM_measure_kernel returns with resp..ret=512!
D/        (  870): TAL: TIMA_PKM_measure_kernel--int8_t TIMA_PKM_measure_kernel(TIMA_handle_t, void*, uint32_t, void*, uint32_t, uint32_t)
D/        (  870): TIMA: QCOM_send_command--int8_t QCOM_send_command(TIMA_handle_t, void*, uint32_t, void*, uint32_t, uint32_t)
D/        (  870): rsp_len = 1008 rcvd_data_len = 1040, self_calculate_len=1040
D/        (  870): TIMA: QCOM_send_command result--0
D/        (  870): TIMA_PKM_measure_kernel returns with resp..ret=512!
D/        (  870): TAL: TIMA_PKM_measure_kernel--int8_t TIMA_PKM_measure_kernel(TIMA_handle_t, void*, uint32_t, void*, uint32_t, uint32_t)
D/        (  870): TIMA: QCOM_send_command--int8_t QCOM_send_command(TIMA_handle_t, void*, uint32_t, void*, uint32_t, uint32_t)
D/        (  870): rsp_len = 1008 rcvd_data_len = 1040, self_calculate_len=1040
D/BTChatServiceRemote( 8856): Receiving type of 0
D/RemoteActivity( 8856): Frame516 received
D/BTChatServiceRemote( 8856): The frame size is 80630
D/        (  870): TIMA: QCOM_send_command result--0
D/        (  870): TIMA_PKM_measure_kernel returns with resp..ret=512!
D/        (  870): TAL: TIMA_PKM_measure_kernel--int8_t TIMA_PKM_measure_kernel(TIMA_handle_t, void*, uint32_t, void*, uint32_t, uint32_t)
D/        (  870): TIMA: QCOM_send_command--int8_t QCOM_send_command(TIMA_handle_t, void*, uint32_t, void*, uint32_t, uint32_t)
D/        (  870): rsp_len = 1008 rcvd_data_len = 1040, self_calculate_len=1040
D/        (  870): TIMA: QCOM_send_command result--0
D/        (  870): TIMA_PKM_measure_kernel returns with resp..ret=512!
D/        (  870): TAL: TIMA_PKM_measure_kernel--int8_t TIMA_PKM_measure_kernel(TIMA_handle_t, void*, uint32_t, void*, uint32_t, uint32_t)
D/        (  870): TIMA: QCOM_send_command--int8_t QCOM_send_command(TIMA_handle_t, void*, uint32_t, void*, uint32_t, uint32_t)
D/        (  870): rsp_len = 1008 rcvd_data_len = 1040, self_calculate_len=1040
D/        (  870): TIMA: QCOM_send_command result--0
D/        (  870): TIMA_PKM_measure_kernel returns with resp..ret=512!
D/        (  870): TAL: TIMA_PKM_measure_kernel--int8_t TIMA_PKM_measure_kernel(TIMA_handle_t, void*, uint32_t, void*, uint32_t, uint32_t)
D/        (  870): TIMA: QCOM_send_command--int8_t QCOM_send_command(TIMA_handle_t, void*, uint32_t, void*, uint32_t, uint32_t)
D/        (  870): rsp_len = 1008 rcvd_data_len = 1040, self_calculate_len=1040
D/        (  870): TIMA: QCOM_send_command result--0
D/        (  870): TIMA_PKM_measure_kernel returns with resp..ret=512!
D/        (  870): TAL: TIMA_PKM_measure_kernel--int8_t TIMA_PKM_measure_kernel(TIMA_handle_t, void*, uint32_t, void*, uint32_t, uint32_t)
D/        (  870): TIMA: QCOM_send_command--int8_t QCOM_send_command(TIMA_handle_t, void*, uint32_t, void*, uint32_t, uint32_t)
D/        (  870): rsp_len = 1008 rcvd_data_len = 1040, self_calculate_len=1040
D/RemoteActivity( 8856): Setting the bitmap
D/RemoteActivity( 8856): Bitmap is not null
D/        (  870): TIMA: QCOM_send_command result--0
D/        (  870): TIMA_PKM_measure_kernel returns with resp..ret=512!
D/        (  870): TAL: TIMA_PKM_measure_kernel--int8_t TIMA_PKM_measure_kernel(TIMA_handle_t, void*, uint32_t, void*, uint32_t, uint32_t)
D/        (  870): TIMA: QCOM_send_command--int8_t QCOM_send_command(TIMA_handle_t, void*, uint32_t, void*, uint32_t, uint32_t)
D/        (  870): rsp_len = 1008 rcvd_data_len = 1040, self_calculate_len=1040
D/        (  870): TIMA: QCOM_send_command result--0
D/        (  870): TIMA_PKM_measure_kernel returns with resp..ret=512!
D/        (  870): TAL: TIMA_PKM_measure_kernel--int8_t TIMA_PKM_measure_kernel(TIMA_handle_t, void*, uint32_t, void*, uint32_t, uint32_t)
D/        (  870): TIMA: QCOM_send_command--int8_t QCOM_send_command(TIMA_handle_t, void*, uint32_t, void*, uint32_t, uint32_t)
D/        (  870): rsp_len = 1008 rcvd_data_len = 1040, self_calculate_len=1040
D/        (  870): TIMA: QCOM_send_command result--0
D/        (  870): TIMA_PKM_measure_kernel returns with resp..ret=512!
D/        (  870): TAL: TIMA_PKM_measure_kernel--int8_t TIMA_PKM_measure_kernel(TIMA_handle_t, void*, uint32_t, void*, uint32_t, uint32_t)
D/        (  870): TIMA: QCOM_send_command--int8_t QCOM_send_command(TIMA_handle_t, void*, uint32_t, void*, uint32_t, uint32_t)
D/        (  870): rsp_len = 1008 rcvd_data_len = 1040, self_calculate_len=1040
D/SurfaceFlinger(  272): FPS : 3.65
W/SurfaceFlinger(  272): Fail to Open /sys/devices/platform/gpusysfs/fps
D/        (  870): TIMA: QCOM_send_command result--0
D/        (  870): TIMA_PKM_measure_kernel returns with resp..ret=512!
D/        (  870): TAL: TIMA_PKM_measure_kernel--int8_t TIMA_PKM_measure_kernel(TIMA_handle_t, void*, uint32_t, void*, uint32_t, uint32_t)
D/        (  870): TIMA: QCOM_send_command--int8_t QCOM_send_command(TIMA_handle_t, void*, uint32_t, void*, uint32_t, uint32_t)
D/        (  870): rsp_len = 1008 rcvd_data_len = 1040, self_calculate_len=1040
D/        (  870): TIMA: QCOM_send_command result--0
D/        (  870): TIMA_PKM_measure_kernel returns with resp..ret=512!
D/        (  870): TAL: TIMA_PKM_measure_kernel--int8_t TIMA_PKM_measure_kernel(TIMA_handle_t, void*, uint32_t, void*, uint32_t, uint32_t)
D/        (  870): TIMA: QCOM_send_command--int8_t QCOM_send_command(TIMA_handle_t, void*, uint32_t, void*, uint32_t, uint32_t)
D/        (  870): rsp_len = 1008 rcvd_data_len = 1040, self_calculate_len=1040
D/        (  870): TIMA: QCOM_send_command result--0
D/        (  870): TIMA_PKM_measure_kernel returns with resp..ret=512!
D/        (  870): TAL: TIMA_PKM_measure_kernel--int8_t TIMA_PKM_measure_kernel(TIMA_handle_t, void*, uint32_t, void*, uint32_t, uint32_t)
D/        (  870): TIMA: QCOM_send_command--int8_t QCOM_send_command(TIMA_handle_t, void*, uint32_t, void*, uint32_t, uint32_t)
D/        (  870): rsp_len = 1008 rcvd_data_len = 1040, self_calculate_len=1040
D/        (  870): TIMA: QCOM_send_command result--0
D/        (  870): TIMA_PKM_measure_kernel returns with resp..ret=512!
D/        (  870): TAL: TIMA_PKM_measure_kernel--int8_t TIMA_PKM_measure_kernel(TIMA_handle_t, void*, uint32_t, void*, uint32_t, uint32_t)
D/        (  870): TIMA: QCOM_send_command--int8_t QCOM_send_command(TIMA_handle_t, void*, uint32_t, void*, uint32_t, uint32_t)
D/        (  870): rsp_len = 1008 rcvd_data_len = 1040, self_calculate_len=1040
D/        (  870): TIMA: QCOM_send_command result--0
D/        (  870): TIMA_PKM_measure_kernel returns with resp..ret=512!
D/        (  870): TAL: TIMA_PKM_measure_kernel--int8_t TIMA_PKM_measure_kernel(TIMA_handle_t, void*, uint32_t, void*, uint32_t, uint32_t)
D/        (  870): TIMA: QCOM_send_command--int8_t QCOM_send_command(TIMA_handle_t, void*, uint32_t, void*, uint32_t, uint32_t)
D/        (  870): rsp_len = 1008 rcvd_data_len = 1040, self_calculate_len=1040
D/        (  870): TIMA: QCOM_send_command result--0
D/        (  870): TIMA_PKM_measure_kernel returns with resp..ret=512!
D/        (  870): TAL: TIMA_PKM_measure_kernel--int8_t TIMA_PKM_measure_kernel(TIMA_handle_t, void*, uint32_t, void*, uint32_t, uint32_t)
D/        (  870): TIMA: QCOM_send_command--int8_t QCOM_send_command(TIMA_handle_t, void*, uint32_t, void*, uint32_t, uint32_t)
D/        (  870): rsp_len = 1008 rcvd_data_len = 1040, self_calculate_len=1040
D/        (  870): TIMA: QCOM_send_command result--0
D/        (  870): TIMA_PKM_measure_kernel returns with resp..ret=512!
D/        (  870): TAL: TIMA_PKM_measure_kernel--int8_t TIMA_PKM_measure_kernel(TIMA_handle_t, void*, uint32_t, void*, uint32_t, uint32_t)
D/        (  870): TIMA: QCOM_send_command--int8_t QCOM_send_command(TIMA_handle_t, void*, uint32_t, void*, uint32_t, uint32_t)
D/        (  870): rsp_len = 1008 rcvd_data_len = 1040, self_calculate_len=1040
D/        (  870): TIMA: QCOM_send_command result--0
D/        (  870): TIMA_PKM_measure_kernel returns with resp..ret=512!
D/        (  870): TAL: TIMA_PKM_measure_kernel--int8_t TIMA_PKM_measure_kernel(TIMA_handle_t, void*, uint32_t, void*, uint32_t, uint32_t)
D/        (  870): TIMA: QCOM_send_command--int8_t QCOM_send_command(TIMA_handle_t, void*, uint32_t, void*, uint32_t, uint32_t)
D/        (  870): rsp_len = 1008 rcvd_data_len = 1040, self_calculate_len=1040
D/        (  870): TIMA: QCOM_send_command result--0
D/        (  870): TIMA_PKM_measure_kernel returns with resp..ret=512!
D/        (  870): TAL: TIMA_PKM_measure_kernel--int8_t TIMA_PKM_measure_kernel(TIMA_handle_t, void*, uint32_t, void*, uint32_t, uint32_t)
D/        (  870): TIMA: QCOM_send_command--int8_t QCOM_send_command(TIMA_handle_t, void*, uint32_t, void*, uint32_t, uint32_t)
D/        (  870): rsp_len = 1008 rcvd_data_len = 1040, self_calculate_len=1040
D/        (  870): TIMA: QCOM_send_command result--0
D/        (  870): TIMA_PKM_measure_kernel returns with resp..ret=512!
D/        (  870): TAL: TIMA_PKM_measure_kernel--int8_t TIMA_PKM_measure_kernel(TIMA_handle_t, void*, uint32_t, void*, uint32_t, uint32_t)
D/        (  870): TIMA: QCOM_send_command--int8_t QCOM_send_command(TIMA_handle_t, void*, uint32_t, void*, uint32_t, uint32_t)
D/        (  870): rsp_len = 1008 rcvd_data_len = 1040, self_calculate_len=1040
D/        (  870): TIMA: QCOM_send_command result--0
D/        (  870): TIMA_PKM_measure_kernel returns with resp..ret=512!
D/        (  870): TAL: TIMA_PKM_measure_kernel--int8_t TIMA_PKM_measure_kernel(TIMA_handle_t, void*, uint32_t, void*, uint32_t, uint32_t)
D/        (  870): TIMA: QCOM_send_command--int8_t QCOM_send_command(TIMA_handle_t, void*, uint32_t, void*, uint32_t, uint32_t)
D/        (  870): rsp_len = 1008 rcvd_data_len = 1040, self_calculate_len=1040
D/        (  870): TIMA: QCOM_send_command result--0
D/        (  870): TIMA_PKM_measure_kernel returns with resp..ret=512!
D/        (  870): TAL: TIMA_PKM_measure_kernel--int8_t TIMA_PKM_measure_kernel(TIMA_handle_t, void*, uint32_t, void*, uint32_t, uint32_t)
D/        (  870): TIMA: QCOM_send_command--int8_t QCOM_send_command(TIMA_handle_t, void*, uint32_t, void*, uint32_t, uint32_t)
D/        (  870): rsp_len = 1008 rcvd_data_len = 1040, self_calculate_len=1040
D/        (  870): TIMA: QCOM_send_command result--0
D/        (  870): TIMA_PKM_measure_kernel returns with resp..ret=512!
D/        (  870): TAL: TIMA_PKM_measure_kernel--int8_t TIMA_PKM_measure_kernel(TIMA_handle_t, void*, uint32_t, void*, uint32_t, uint32_t)
D/        (  870): TIMA: QCOM_send_command--int8_t QCOM_send_command(TIMA_handle_t, void*, uint32_t, void*, uint32_t, uint32_t)
D/        (  870): rsp_len = 1008 rcvd_data_len = 1040, self_calculate_len=1040
D/BTChatServiceRemote( 8856): Receiving type of 0
D/RemoteActivity( 8856): Frame517 received
D/BTChatServiceRemote( 8856): The frame size is 49836
D/        (  870): TIMA: QCOM_send_command result--0
D/        (  870): TIMA_PKM_measure_kernel returns with resp..ret=512!
D/        (  870): TAL: TIMA_PKM_measure_kernel--int8_t TIMA_PKM_measure_kernel(TIMA_handle_t, void*, uint32_t, void*, uint32_t, uint32_t)
D/        (  870): TIMA: QCOM_send_command--int8_t QCOM_send_command(TIMA_handle_t, void*, uint32_t, void*, uint32_t, uint32_t)
D/        (  870): rsp_len = 1008 rcvd_data_len = 1040, self_calculate_len=1040
D/        (  870): TIMA: QCOM_send_command result--0
D/        (  870): TIMA_PKM_measure_kernel returns with resp..ret=512!
D/        (  870): TAL: TIMA_PKM_measure_kernel--int8_t TIMA_PKM_measure_kernel(TIMA_handle_t, void*, uint32_t, void*, uint32_t, uint32_t)
D/        (  870): TIMA: QCOM_send_command--int8_t QCOM_send_command(TIMA_handle_t, void*, uint32_t, void*, uint32_t, uint32_t)
D/        (  870): rsp_len = 1008 rcvd_data_len = 1040, self_calculate_len=1040
D/        (  870): TIMA: QCOM_send_command result--0
D/        (  870): TIMA_PKM_measure_kernel returns with resp..ret=0!
D/        (  870): TIMA: final string =TIMA_STATUS=0;MSG=Kernel Verification Success;!
D/TimaService(  870): TIMA MEASUREMENT Result: TIMA_STATUS=0;MSG=Kernel Verification Success;
D/TimaService(  870): TIMA MEASUREMENT success status: TIMA_STATUS=0;MSG=Kernel Verification Success;
D/RemoteActivity( 8856): Setting the bitmap
D/RemoteActivity( 8856): Bitmap is not null
D/SurfaceFlinger(  272): FPS : 3.75
W/SurfaceFlinger(  272): Fail to Open /sys/devices/platform/gpusysfs/fps
D/RemoteActivity( 8856): Frame518 received
D/BTChatServiceRemote( 8856): Receiving type of 0
D/BTChatServiceRemote( 8856): The frame size is 41421
D/RemoteActivity( 8856): Setting the bitmap
D/RemoteActivity( 8856): Bitmap is not null
D/SurfaceFlinger(  272): FPS : 3.75
W/SurfaceFlinger(  272): Fail to Open /sys/devices/platform/gpusysfs/fps
D/RemoteActivity( 8856): Frame519 received
D/BTChatServiceRemote( 8856): Receiving type of 0
D/BTChatServiceRemote( 8856): The frame size is 42197
D/RemoteActivity( 8856): Setting the bitmap
D/RemoteActivity( 8856): Bitmap is not null
V/AlarmManager(  870): waitForAlarm result :8
D/KeyguardUpdateMonitor( 1265): received broadcast android.intent.action.TIME_TICK
D/KeyguardUpdateMonitor( 1265): handleTimeUpdate
D/SecKeyguardClockView( 1265): onTimeChanged() : mShouldShowDualClock - false, isDualClockSet() -false
D/SecKeyguardClockView( 1265): setAutoHomeTimezone() - autoHomeTimeZoneId: America/New_York
D/SurfaceFlinger(  272): FPS : 5.23
W/SurfaceFlinger(  272): Fail to Open /sys/devices/platform/gpusysfs/fps
D/BTChatServiceRemote( 8856): Receiving type of 0
D/BTChatServiceRemote( 8856): The frame size is 43946
D/RemoteActivity( 8856): Frame520 received
D/DateView( 1265): regionalDateFormat = 11/22/3333 isRTLlanguage = false returnDateFormat = E, MMMM d
D/DateView( 1265): regionalDateFormat = 11/22/3333 isRTLlanguage = false returnDateFormat = E, MMMM d
D/RemoteActivity( 8856): Setting the bitmap
D/RemoteActivity( 8856): Bitmap is not null
W/ResourceType( 1537): Failure getting entry for 0x7f020036 (t=1 e=54) (error -75)
W/ImageView( 1537): Unable to find resource: 2130837558
W/ImageView( 1537): android.content.res.Resources$NotFoundException: Resource ID #0x7f020036
W/ImageView( 1537): 	at android.content.res.Resources.getValue(Resources.java:2345)
W/ImageView( 1537): 	at android.content.res.Resources.getDrawable(Resources.java:1850)
W/ImageView( 1537): 	at android.content.Context.getDrawable(Context.java:408)
W/ImageView( 1537): 	at android.widget.ImageView.resolveUri(ImageView.java:752)
W/ImageView( 1537): 	at android.widget.ImageView.setImageResource(ImageView.java:408)
W/ImageView( 1537): 	at java.lang.reflect.Method.invoke(Native Method)
W/ImageView( 1537): 	at java.lang.reflect.Method.invoke(Method.java:372)
W/ImageView( 1537): 	at android.widget.RemoteViews$ReflectionAction.apply(RemoteViews.java:1416)
W/ImageView( 1537): 	at android.widget.RemoteViews.performApply(RemoteViews.java:3180)
W/ImageView( 1537): 	at android.widget.RemoteViews.reapply(RemoteViews.java:3171)
W/ImageView( 1537): 	at android.appwidget.AppWidgetHostView.updateAppWidget(AppWidgetHostView.java:383)
W/ImageView( 1537): 	at com.android.launcher3.cp.updateAppWidget(LauncherAppWidgetHostView.java:67)
W/ImageView( 1537): 	at android.appwidget.AppWidgetHost.updateAppWidgetView(AppWidgetHost.java:379)
W/ImageView( 1537): 	at android.appwidget.AppWidgetHost$UpdateHandler.handleMessage(AppWidgetHost.java:104)
W/ImageView( 1537): 	at android.os.Handler.dispatchMessage(Handler.java:102)
W/ImageView( 1537): 	at android.os.Looper.loop(Looper.java:145)
W/ImageView( 1537): 	at android.app.ActivityThread.main(ActivityThread.java:5942)
W/ImageView( 1537): 	at java.lang.reflect.Method.invoke(Native Method)
W/ImageView( 1537): 	at java.lang.reflect.Method.invoke(Method.java:372)
W/ImageView( 1537): 	at com.android.internal.os.ZygoteInit$MethodAndArgsCaller.run(ZygoteInit.java:1399)
W/ImageView( 1537): 	at com.android.internal.os.ZygoteInit.main(ZygoteInit.java:1194)
D/KeyguardEffectViewController( 1265): onReceive action : android.intent.action.TIME_TICK
I/KeyguardEffectViewController( 1265): *** don't update sliding image ***
D/SurfaceFlinger(  272): FPS : 5.23
W/SurfaceFlinger(  272): Fail to Open /sys/devices/platform/gpusysfs/fps
D/RemoteActivity( 8856): Frame521 received
D/BTChatServiceRemote( 8856): Receiving type of 0
D/BTChatServiceRemote( 8856): The frame size is 43242
D/RemoteActivity( 8856): Setting the bitmap
D/RemoteActivity( 8856): Bitmap is not null
D/SurfaceFlinger(  272): FPS : 7.09
W/SurfaceFlinger(  272): Fail to Open /sys/devices/platform/gpusysfs/fps
E/Diag_Lib(15530):  Diag_LSM_Init: Failed to open handle to diag driver, error = 2
D/SSRM:n  (  870): SIOP:: AP = 410, CUR = 460
D/RemoteActivity( 8856): Frame522 received
D/BTChatServiceRemote( 8856): Receiving type of 0
D/BTChatServiceRemote( 8856): The frame size is 43585
D/RemoteActivity( 8856): Setting the bitmap
D/RemoteActivity( 8856): Bitmap is not null
D/SurfaceFlinger(  272): FPS : 7.09
W/SurfaceFlinger(  272): Fail to Open /sys/devices/platform/gpusysfs/fps
D/RemoteActivity( 8856): Frame523 received
D/BTChatServiceRemote( 8856): Receiving type of 0
D/BTChatServiceRemote( 8856): The frame size is 39587
W/art     ( 8856): Suspending all threads took: 17.425ms
D/RemoteActivity( 8856): Setting the bitmap
D/RemoteActivity( 8856): Bitmap is not null
D/RemoteActivity( 8856): Frame524 received
D/BTChatServiceRemote( 8856): Receiving type of 0
D/BTChatServiceRemote( 8856): The frame size is 37411
D/SurfaceFlinger(  272): FPS : 4.46
W/SurfaceFlinger(  272): Fail to Open /sys/devices/platform/gpusysfs/fps
D/RemoteActivity( 8856): Setting the bitmap
D/RemoteActivity( 8856): Bitmap is not null
D/SurfaceFlinger(  272): FPS : 4.46
W/SurfaceFlinger(  272): Fail to Open /sys/devices/platform/gpusysfs/fps
D/BTChatServiceRemote( 8856): Receiving type of 0
D/BTChatServiceRemote( 8856): The frame size is 37116
D/RemoteActivity( 8856): Frame525 received
D/RemoteActivity( 8856): Setting the bitmap
D/RemoteActivity( 8856): Bitmap is not null
D/RemoteActivity( 8856): Frame526 received
D/SurfaceFlinger(  272): FPS : 7.52
W/SurfaceFlinger(  272): Fail to Open /sys/devices/platform/gpusysfs/fps
D/RemoteActivity( 8856): Setting the bitmap
D/RemoteActivity( 8856): Bitmap is not null
D/SurfaceFlinger(  272): FPS : 7.52
W/SurfaceFlinger(  272): Fail to Open /sys/devices/platform/gpusysfs/fps
