E/ActivityThread( 9842): android.app.IntentReceiverLeaked: Activity com.sec.android.gallery3d.app.Gallery has leaked IntentReceiver com.sec.android.gallery3d.app.GalleryCoverMode$2@3783a05a that was originally registered here. Are you missing a call to unregisterReceiver()?
E/ActivityThread( 9842): 	at android.app.LoadedApk$ReceiverDispatcher.<init>(LoadedApk.java:960)
E/ActivityThread( 9842): 	at android.app.LoadedApk.getReceiverDispatcher(LoadedApk.java:761)
E/ActivityThread( 9842): 	at android.app.ContextImpl.registerReceiverInternal(ContextImpl.java:2015)
E/ActivityThread( 9842): 	at android.app.ContextImpl.registerReceiver(ContextImpl.java:1995)
E/ActivityThread( 9842): 	at android.app.ContextImpl.registerReceiver(ContextImpl.java:1989)
E/ActivityThread( 9842): 	at android.content.ContextWrapper.registerReceiver(ContextWrapper.java:503)
E/ActivityThread( 9842): 	at com.sec.android.gallery3d.app.GalleryCoverMode.registerReceiverGlobal(GalleryCoverMode.java:263)
E/ActivityThread( 9842): 	at com.sec.android.gallery3d.app.GalleryCoverMode.setCoverMode(GalleryCoverMode.java:70)
E/ActivityThread( 9842): 	at com.sec.android.gallery3d.app.GalleryCoverMode.<init>(GalleryCoverMode.java:66)
E/ActivityThread( 9842): 	at com.sec.android.gallery3d.app.Gallery.onCreate(Gallery.java:269)
E/ActivityThread( 9842): 	at android.app.Activity.performCreate(Activity.java:6289)
E/ActivityThread( 9842): 	at android.app.Instrumentation.callActivityOnCreate(Instrumentation.java:1119)
E/ActivityThread( 9842): 	at android.app.ActivityThread.performLaunchActivity(ActivityThread.java:2646)
E/ActivityThread( 9842): 	at android.app.ActivityThread.handleLaunchActivity(ActivityThread.java:2758)
E/ActivityThread( 9842): 	at android.app.ActivityThread.access$900(ActivityThread.java:177)
E/ActivityThread( 9842): 	at android.app.ActivityThread$H.handleMessage(ActivityThread.java:1448)
E/ActivityThread( 9842): 	at android.os.Handler.dispatchMessage(Handler.java:102)
E/ActivityThread( 9842): 	at android.os.Looper.loop(Looper.java:145)
E/ActivityThread( 9842): 	at android.app.ActivityThread.main(ActivityThread.java:5942)
E/ActivityThread( 9842): 	at java.lang.reflect.Method.invoke(Native Method)
E/ActivityThread( 9842): 	at java.lang.reflect.Method.invoke(Method.java:372)
E/ActivityThread( 9842): 	at com.android.internal.os.ZygoteInit$MethodAndArgsCaller.run(ZygoteInit.java:1399)
E/ActivityThread( 9842): 	at com.android.internal.os.ZygoteInit.main(ZygoteInit.java:1194)
D/SurfaceFlinger(  272): FPS : 37.87
W/SurfaceFlinger(  272): Fail to Open /sys/devices/platform/gpusysfs/fps
D/SurfaceFlinger(  272): FPS : 37.87
W/SurfaceFlinger(  272): Fail to Open /sys/devices/platform/gpusysfs/fps
D/SurfaceFlinger(  272): FPS : 37.87
W/SurfaceFlinger(  272): Fail to Open /sys/devices/platform/gpusysfs/fps
D/SurfaceFlinger(  272): FPS : 37.87
W/SurfaceFlinger(  272): Fail to Open /sys/devices/platform/gpusysfs/fps
D/SurfaceFlinger(  272): FPS : 37.87
W/SurfaceFlinger(  272): Fail to Open /sys/devices/platform/gpusysfs/fps
D/SurfaceFlinger(  272): FPS : 37.87
W/SurfaceFlinger(  272): Fail to Open /sys/devices/platform/gpusysfs/fps
D/SurfaceFlinger(  272): FPS : 37.87
W/SurfaceFlinger(  272): Fail to Open /sys/devices/platform/gpusysfs/fps
D/SurfaceFlinger(  272): FPS : 37.87
W/SurfaceFlinger(  272): Fail to Open /sys/devices/platform/gpusysfs/fps
D/SurfaceFlinger(  272): FPS : 37.87
W/SurfaceFlinger(  272): Fail to Open /sys/devices/platform/gpusysfs/fps
D/SurfaceFlinger(  272): FPS : 37.87
W/SurfaceFlinger(  272): Fail to Open /sys/devices/platform/gpusysfs/fps
D/SurfaceFlinger(  272): FPS : 37.87
W/SurfaceFlinger(  272): Fail to Open /sys/devices/platform/gpusysfs/fps
D/SurfaceFlinger(  272): FPS : 59.81
W/SurfaceFlinger(  272): Fail to Open /sys/devices/platform/gpusysfs/fps
D/SurfaceFlinger(  272): FPS : 59.81
W/SurfaceFlinger(  272): Fail to Open /sys/devices/platform/gpusysfs/fps
D/SurfaceFlinger(  272): FPS : 59.81
W/SurfaceFlinger(  272): Fail to Open /sys/devices/platform/gpusysfs/fps
D/SurfaceFlinger(  272): FPS : 59.81
W/SurfaceFlinger(  272): Fail to Open /sys/devices/platform/gpusysfs/fps
D/SurfaceFlinger(  272): FPS : 59.81
W/SurfaceFlinger(  272): Fail to Open /sys/devices/platform/gpusysfs/fps
D/SurfaceFlinger(  272): FPS : 59.81
W/SurfaceFlinger(  272): Fail to Open /sys/devices/platform/gpusysfs/fps
D/SurfaceFlinger(  272): FPS : 59.81
W/SurfaceFlinger(  272): Fail to Open /sys/devices/platform/gpusysfs/fps
D/SurfaceFlinger(  272): FPS : 59.81
W/SurfaceFlinger(  272): Fail to Open /sys/devices/platform/gpusysfs/fps
D/SurfaceFlinger(  272): FPS : 59.81
W/SurfaceFlinger(  272): Fail to Open /sys/devices/platform/gpusysfs/fps
D/SurfaceFlinger(  272): FPS : 59.81
W/SurfaceFlinger(  272): Fail to Open /sys/devices/platform/gpusysfs/fps
D/SurfaceFlinger(  272): FPS : 59.81
W/SurfaceFlinger(  272): Fail to Open /sys/devices/platform/gpusysfs/fps
D/SurfaceFlinger(  272): FPS : 59.81
W/SurfaceFlinger(  272): Fail to Open /sys/devices/platform/gpusysfs/fps
V/WindowOrientationListener(  870): mSContextAutoRotationListener.getProposedRotation, mbResultFaceDectection: false
V/WindowOrientationListener(  870): mSContextAutoRotationListener.getProposedRotation, Rotation: 0
V/WindowOrientationListener(  870): mSContextAutoRotationListener.getProposedRotation, mbResultFaceDectection: false
V/WindowOrientationListener(  870): mSContextAutoRotationListener.getProposedRotation, Rotation: 0
V/WindowManager(  870): rotationForOrientationLw(orient=0, last=1); user=0 USER_ROTATION_LOCKED sensorRotation=0 mLidState=-1 mDockMode=0 mHdmiPlugged=false
D/SurfaceFlinger(  272): FPS : 59.81
W/SurfaceFlinger(  272): Fail to Open /sys/devices/platform/gpusysfs/fps
D/BTChatServiceRemote( 8856): Receiving type of 0
D/BTChatServiceRemote( 8856): The frame size is 44164
D/KeyguardUpdateMonitor( 1265): received broadcast android.intent.action.BATTERY_CHANGED
D/BatteryService(  870): !@BatteryListener : batteryPropertiesChanged!
D/BatteryService(  870): level:95, scale:100, status:2, health:2, present:true, voltage: 4198, temperature: 296, technology: Li-ion, AC powered:false, USB powered:true, Wireless powered:false, icon:17303687, invalid charger:0
D/BatteryService(  870): online:4, current avg:460, charge type:1, power sharing:false, high voltage charger:false, capacity:280000, current_now:460
D/BatteryService(  870): Sending ACTION_BATTERY_CHANGED.
I/MotionRecognitionService(  870): Plugged
I/MotionRecognitionService(  870): setPowerConnected  = true
V/HeadsetService( 3326): HeadsetService - Received Intent.ACTION_BATTERY_CHANGED
D/HeadsetStateMachine( 3326): Disconnected process message: 10
D/KeyguardUpdateMonitor( 1265): handleBatteryUpdate
D/STATUSBAR-PhoneStatusBar( 1265):  mBrightnessEnablebySettings = true mBrightnessEnablebyBattery = true mBrightnessEnablebyDisableFlag = true mPmsBrightnessEnablebySettings = true
D/BatteryMeterView( 1265): ACTION_BATTERY_CHANGED : level:95 status:2 health:2
D/BatteryMeterView( 1265): ACTION_BATTERY_CHANGED : level:95 status:2 health:2
D/BatteryMeterView( 1265): ACTION_BATTERY_CHANGED : level:95 status:2 health:2
D/SurfaceFlinger(  272): FPS : 35.71
W/SurfaceFlinger(  272): Fail to Open /sys/devices/platform/gpusysfs/fps
D/BTChatServiceRemote( 8856): Receiving type of 0
D/RemoteActivity( 8856): Frame338 received
D/BTChatServiceRemote( 8856): The frame size is 42142
D/RemoteActivity( 8856): Setting the bitmap
D/RemoteActivity( 8856): Bitmap is not null
D/SurfaceFlinger(  272): FPS : 35.71
W/SurfaceFlinger(  272): Fail to Open /sys/devices/platform/gpusysfs/fps
D/RemoteActivity( 8856): Frame339 received
D/BTChatServiceRemote( 8856): Receiving type of 0
D/BTChatServiceRemote( 8856): The frame size is 42668
D/RemoteActivity( 8856): Setting the bitmap
D/RemoteActivity( 8856): Bitmap is not null
D/SurfaceFlinger(  272): FPS : 5.73
W/SurfaceFlinger(  272): Fail to Open /sys/devices/platform/gpusysfs/fps
D/RemoteActivity( 8856): Frame340 received
D/BTChatServiceRemote( 8856): Receiving type of 0
D/BTChatServiceRemote( 8856): The frame size is 43430
D/RemoteActivity( 8856): Setting the bitmap
D/RemoteActivity( 8856): Bitmap is not null
D/SurfaceFlinger(  272): FPS : 5.73
W/SurfaceFlinger(  272): Fail to Open /sys/devices/platform/gpusysfs/fps
D/RemoteActivity( 8856): Frame341 received
D/BTChatServiceRemote( 8856): Receiving type of 0
D/BTChatServiceRemote( 8856): The frame size is 65529
D/RemoteActivity( 8856): Setting the bitmap
D/RemoteActivity( 8856): Bitmap is not null
D/SurfaceFlinger(  272): FPS : 5.23
W/SurfaceFlinger(  272): Fail to Open /sys/devices/platform/gpusysfs/fps
D/RemoteActivity( 8856): Frame342 received
D/BTChatServiceRemote( 8856): Receiving type of 0
D/RemoteActivity( 8856): Setting the bitmap
D/BTChatServiceRemote( 8856): The frame size is 76600
D/RemoteActivity( 8856): Bitmap is not null
D/SurfaceFlinger(  272): FPS : 3.54
W/SurfaceFlinger(  272): Fail to Open /sys/devices/platform/gpusysfs/fps
D/RemoteActivity( 8856): Frame343 received
D/BTChatServiceRemote( 8856): Receiving type of 0
D/BTChatServiceRemote( 8856): The frame size is 45421
D/RemoteActivity( 8856): Setting the bitmap
D/RemoteActivity( 8856): Bitmap is not null
D/SurfaceFlinger(  272): FPS : 2.41
W/SurfaceFlinger(  272): Fail to Open /sys/devices/platform/gpusysfs/fps
D/BTChatServiceRemote( 8856): Receiving type of 0
D/RemoteActivity( 8856): Frame344 received
D/BTChatServiceRemote( 8856): The frame size is 40295
D/RemoteActivity( 8856): Setting the bitmap
D/RemoteActivity( 8856): Bitmap is not null
D/SurfaceFlinger(  272): FPS : 2.41
W/SurfaceFlinger(  272): Fail to Open /sys/devices/platform/gpusysfs/fps
I/art     (  870): Explicit concurrent mark sweep GC freed 6571(331KB) AllocSpace objects, 4(254KB) LOS objects, 24% free, 48MB/64MB, paused 3.234ms total 211.761ms
I/art     (  870): WaitForGcToComplete blocked for 163.482ms for cause HeapTrim
D/RemoteActivity( 8856): Frame345 received
D/BTChatServiceRemote( 8856): Receiving type of 0
D/BTChatServiceRemote( 8856): The frame size is 42968
D/RemoteActivity( 8856): Setting the bitmap
D/RemoteActivity( 8856): Bitmap is not null
D/SurfaceFlinger(  272): FPS : 5.46
W/SurfaceFlinger(  272): Fail to Open /sys/devices/platform/gpusysfs/fps
D/BTChatServiceRemote( 8856): Receiving type of 0
D/RemoteActivity( 8856): Frame346 received
D/BTChatServiceRemote( 8856): The frame size is 42528
D/RemoteActivity( 8856): Setting the bitmap
D/RemoteActivity( 8856): Bitmap is not null
D/SurfaceFlinger(  272): FPS : 5.46
W/SurfaceFlinger(  272): Fail to Open /sys/devices/platform/gpusysfs/fps
D/ALSADevice(  303): standby: handle 0xb3e57700 h 0x0
V/ALSADevice(  303): standby handle h 0xb3e79c00
D/RemoteActivity( 8856): Frame347 received
D/BTChatServiceRemote( 8856): Receiving type of 0
D/BTChatServiceRemote( 8856): The frame size is 40702
D/RemoteActivity( 8856): Setting the bitmap
D/RemoteActivity( 8856): Bitmap is not null
D/alsa_ucm(  303): snd_use_case_set(): uc_mgr 0xb3e18510 identifier _dismod value Play Music
D/alsa_ucm(  303): Set mixer controls for Play Music enable 0
D/alsa_ucm(  303): Setting mixer control: SLIMBUS_0_RX Audio Mixer MultiMedia1, value: 0
D/SurfaceFlinger(  272): FPS : 5.73
W/SurfaceFlinger(  272): Fail to Open /sys/devices/platform/gpusysfs/fps
V/ALSADevice(  303): use case is HiFi Rec
V/ALSADevice(  303): Number of modifiers 0
V/ALSADevice(  303): usecase_type is 2
D/alsa_ucm(  303): snd_use_case_set(): uc_mgr 0xb3e18510 identifier _disdev value Speaker
D/alsa_ucm(  303): Set mixer controls for Speaker enable 0
D/alsa_ucm(  303): Setting mixer control: RX5 MIX1 INP1, value: ZERO
D/alsa_ucm(  303): Setting mixer control: RX5 MIX1 INP2, value: ZERO
D/alsa_ucm(  303): Setting mixer control: LINEOUT2 Volume, value: 0
D/alsa_ucm(  303): Setting mixer control: LINEOUT4 Volume, value: 0
D/alsa_ucm(  303): Setting mixer control: RX5 Digital Volume, value: 0
D/RemoteActivity( 8856): Frame348 received
D/RemoteActivity( 8856): Setting the bitmap
D/RemoteActivity( 8856): Bitmap is not null
D/BTChatServiceRemote( 8856): Receiving type of 0
D/BTChatServiceRemote( 8856): The frame size is 42657
D/SurfaceFlinger(  272): FPS : 5.73
W/SurfaceFlinger(  272): Fail to Open /sys/devices/platform/gpusysfs/fps
E/Diag_Lib(14875):  Diag_LSM_Init: Failed to open handle to diag driver, error = 2
D/SSRM:n  (  870): SIOP:: AP = 430, CUR = 460
D/RemoteActivity( 8856): Frame349 received
D/RemoteActivity( 8856): Setting the bitmap
D/BTChatServiceRemote( 8856): Receiving type of 0
D/BTChatServiceRemote( 8856): The frame size is 74334
D/RemoteActivity( 8856): Bitmap is not null
I/art     ( 8856): Background partial concurrent mark sweep GC freed 29(21KB) AllocSpace objects, 5(15MB) LOS objects, 32% free, 33MB/49MB, paused 579us total 132.110ms
D/SurfaceFlinger(  272): FPS : 4.02
W/SurfaceFlinger(  272): Fail to Open /sys/devices/platform/gpusysfs/fps
D/RemoteActivity( 8856): Frame350 received
D/BTChatServiceRemote( 8856): Receiving type of 0
D/BTChatServiceRemote( 8856): The frame size is 48715
D/RemoteActivity( 8856): Setting the bitmap
D/RemoteActivity( 8856): Bitmap is not null
D/SurfaceFlinger(  272): FPS : 4.02
W/SurfaceFlinger(  272): Fail to Open /sys/devices/platform/gpusysfs/fps
D/BTChatServiceRemote( 8856): Receiving type of 0
D/RemoteActivity( 8856): Frame351 received
D/BTChatServiceRemote( 8856): The frame size is 42010
D/RemoteActivity( 8856): Setting the bitmap
D/RemoteActivity( 8856): Bitmap is not null
D/SurfaceFlinger(  272): FPS : 4.30
W/SurfaceFlinger(  272): Fail to Open /sys/devices/platform/gpusysfs/fps
D/BTChatServiceRemote( 8856): Receiving type of 0
D/RemoteActivity( 8856): Frame352 received
D/BTChatServiceRemote( 8856): The frame size is 43891
D/RemoteActivity( 8856): Setting the bitmap
D/RemoteActivity( 8856): Bitmap is not null
D/SurfaceFlinger(  272): FPS : 4.30
W/SurfaceFlinger(  272): Fail to Open /sys/devices/platform/gpusysfs/fps
D/RemoteActivity( 8856): Frame353 received
D/BTChatServiceRemote( 8856): Receiving type of 0
D/BTChatServiceRemote( 8856): The frame size is 50884
D/RemoteActivity( 8856): Setting the bitmap
D/RemoteActivity( 8856): Bitmap is not null
D/SurfaceFlinger(  272): FPS : 5.73
W/SurfaceFlinger(  272): Fail to Open /sys/devices/platform/gpusysfs/fps
D/RemoteActivity( 8856): Frame354 received
D/BTChatServiceRemote( 8856): Receiving type of 0
D/BTChatServiceRemote( 8856): The frame size is 47126
D/RemoteActivity( 8856): Setting the bitmap
D/RemoteActivity( 8856): Bitmap is not null
D/SurfaceFlinger(  272): FPS : 3.34
W/SurfaceFlinger(  272): Fail to Open /sys/devices/platform/gpusysfs/fps
D/RemoteActivity( 8856): Frame355 received
D/RemoteActivity( 8856): Setting the bitmap
D/RemoteActivity( 8856): Bitmap is not null
D/BTChatServiceRemote( 8856): Receiving type of 0
D/BTChatServiceRemote( 8856): The frame size is 44739
D/SurfaceFlinger(  272): FPS : 3.34
W/SurfaceFlinger(  272): Fail to Open /sys/devices/platform/gpusysfs/fps
D/RemoteActivity( 8856): Frame356 received
D/BTChatServiceRemote( 8856): Receiving type of 0
D/BTChatServiceRemote( 8856): The frame size is 38271
D/RemoteActivity( 8856): Setting the bitmap
D/RemoteActivity( 8856): Bitmap is not null
D/SurfaceFlinger(  272): FPS : 5.01
W/SurfaceFlinger(  272): Fail to Open /sys/devices/platform/gpusysfs/fps
D/RemoteActivity( 8856): Frame357 received
D/BTChatServiceRemote( 8856): Receiving type of 0
D/BTChatServiceRemote( 8856): The frame size is 39071
D/RemoteActivity( 8856): Setting the bitmap
D/RemoteActivity( 8856): Bitmap is not null
D/SurfaceFlinger(  272): FPS : 3.76
W/SurfaceFlinger(  272): Fail to Open /sys/devices/platform/gpusysfs/fps
D/RemoteActivity( 8856): Frame358 received
D/BTChatServiceRemote( 8856): Receiving type of 0
D/BTChatServiceRemote( 8856): The frame size is 39705
D/RemoteActivity( 8856): Setting the bitmap
D/RemoteActivity( 8856): Bitmap is not null
D/SurfaceFlinger(  272): FPS : 3.76
W/SurfaceFlinger(  272): Fail to Open /sys/devices/platform/gpusysfs/fps
D/RemoteActivity( 8856): Frame359 received
D/BTChatServiceRemote( 8856): Receiving type of 0
D/BTChatServiceRemote( 8856): The frame size is 40215
D/RemoteActivity( 8856): Setting the bitmap
D/RemoteActivity( 8856): Bitmap is not null
D/SurfaceFlinger(  272): FPS : 6.02
W/SurfaceFlinger(  272): Fail to Open /sys/devices/platform/gpusysfs/fps
D/lights  (  870): button : 0 +
D/lights  (  870): button : 0 -
D/RemoteActivity( 8856): Frame360 received
D/PowerManagerService(  870): [input device light] handleInputDeviceLightOff
D/RemoteActivity( 8856): Setting the bitmap
D/RemoteActivity( 8856): Bitmap is not null
D/BTChatServiceRemote( 8856): Receiving type of 0
D/BTChatServiceRemote( 8856): The frame size is 41688
D/SurfaceFlinger(  272): FPS : 6.02
W/SurfaceFlinger(  272): Fail to Open /sys/devices/platform/gpusysfs/fps
D/BTChatServiceRemote( 8856): Receiving type of 0
D/RemoteActivity( 8856): Frame361 received
D/BTChatServiceRemote( 8856): The frame size is 42161
D/RemoteActivity( 8856): Setting the bitmap
D/RemoteActivity( 8856): Bitmap is not null
D/SurfaceFlinger(  272): FPS : 4.81
W/SurfaceFlinger(  272): Fail to Open /sys/devices/platform/gpusysfs/fps
D/Gallery_Performance( 9842): cleanFileInfoHashMap End spent time[6158   msec ] before size : 812 After Size : 812
D/BTChatServiceRemote( 8856): Receiving type of 0
D/RemoteActivity( 8856): Frame362 received
D/BTChatServiceRemote( 8856): The frame size is 42589
D/RemoteActivity( 8856): Setting the bitmap
D/RemoteActivity( 8856): Bitmap is not null
D/SurfaceFlinger(  272): FPS : 4.81
W/SurfaceFlinger(  272): Fail to Open /sys/devices/platform/gpusysfs/fps
D/BTChatServiceRemote( 8856): Receiving type of 0
D/RemoteActivity( 8856): Frame363 received
D/BTChatServiceRemote( 8856): The frame size is 41206
D/RemoteActivity( 8856): Setting the bitmap
D/RemoteActivity( 8856): Bitmap is not null
D/SurfaceFlinger(  272): FPS : 5.47
W/SurfaceFlinger(  272): Fail to Open /sys/devices/platform/gpusysfs/fps
D/RemoteActivity( 8856): Frame364 received
D/BTChatServiceRemote( 8856): Receiving type of 0
D/BTChatServiceRemote( 8856): The frame size is 39525
D/RemoteActivity( 8856): Setting the bitmap
D/RemoteActivity( 8856): Bitmap is not null
D/SurfaceFlinger(  272): FPS : 5.47
W/SurfaceFlinger(  272): Fail to Open /sys/devices/platform/gpusysfs/fps
D/RemoteActivity( 8856): Frame365 received
D/BTChatServiceRemote( 8856): Receiving type of 0
D/BTChatServiceRemote( 8856): The frame size is 39151
D/RemoteActivity( 8856): Setting the bitmap
D/RemoteActivity( 8856): Bitmap is not null
D/SurfaceFlinger(  272): FPS : 5.23
W/SurfaceFlinger(  272): Fail to Open /sys/devices/platform/gpusysfs/fps
D/RemoteActivity( 8856): Frame366 received
D/RemoteActivity( 8856): Setting the bitmap
D/RemoteActivity( 8856): Bitmap is not null
D/BTChatServiceRemote( 8856): Receiving type of 0
D/BTChatServiceRemote( 8856): The frame size is 38892
D/SurfaceFlinger(  272): FPS : 5.23
W/SurfaceFlinger(  272): Fail to Open /sys/devices/platform/gpusysfs/fps
D/RemoteActivity( 8856): Frame367 received
D/RemoteActivity( 8856): Setting the bitmap
D/RemoteActivity( 8856): Bitmap is not null
D/BTChatServiceRemote( 8856): Receiving type of 0
D/BTChatServiceRemote( 8856): The frame size is 38786
D/SurfaceFlinger(  272): FPS : 5.47
W/SurfaceFlinger(  272): Fail to Open /sys/devices/platform/gpusysfs/fps
D/RemoteActivity( 8856): Frame368 received
D/BTChatServiceRemote( 8856): Receiving type of 0
D/BTChatServiceRemote( 8856): The frame size is 38891
D/RemoteActivity( 8856): Setting the bitmap
D/RemoteActivity( 8856): Bitmap is not null
D/SurfaceFlinger(  272): FPS : 3.01
W/SurfaceFlinger(  272): Fail to Open /sys/devices/platform/gpusysfs/fps
D/RemoteActivity( 8856): Frame369 received
D/RemoteActivity( 8856): Setting the bitmap
D/RemoteActivity( 8856): Bitmap is not null
D/BTChatServiceRemote( 8856): Receiving type of 0
D/BTChatServiceRemote( 8856): The frame size is 39863
D/SurfaceFlinger(  272): FPS : 3.01
W/SurfaceFlinger(  272): Fail to Open /sys/devices/platform/gpusysfs/fps
D/RemoteActivity( 8856): Frame370 received
D/BTChatServiceRemote( 8856): Receiving type of 0
D/BTChatServiceRemote( 8856): The frame size is 40551
D/RemoteActivity( 8856): Setting the bitmap
D/RemoteActivity( 8856): Bitmap is not null
D/SurfaceFlinger(  272): FPS : 5.01
W/SurfaceFlinger(  272): Fail to Open /sys/devices/platform/gpusysfs/fps
D/RemoteActivity( 8856): Frame371 received
D/RemoteActivity( 8856): Setting the bitmap
D/RemoteActivity( 8856): Bitmap is not null
D/BTChatServiceRemote( 8856): Receiving type of 0
D/BTChatServiceRemote( 8856): The frame size is 46302
D/SurfaceFlinger(  272): FPS : 5.01
W/SurfaceFlinger(  272): Fail to Open /sys/devices/platform/gpusysfs/fps
D/RemoteActivity( 8856): Frame372 received
D/BTChatServiceRemote( 8856): Receiving type of 0
D/BTChatServiceRemote( 8856): The frame size is 44511
E/Diag_Lib(14926):  Diag_LSM_Init: Failed to open handle to diag driver, error = 2
D/RemoteActivity( 8856): Setting the bitmap
D/RemoteActivity( 8856): Bitmap is not null
D/SurfaceFlinger(  272): FPS : 4.63
W/SurfaceFlinger(  272): Fail to Open /sys/devices/platform/gpusysfs/fps
D/RemoteActivity( 8856): Frame373 received
D/RemoteActivity( 8856): Setting the bitmap
D/RemoteActivity( 8856): Bitmap is not null
D/BTChatServiceRemote( 8856): Receiving type of 0
D/BTChatServiceRemote( 8856): The frame size is 45547
D/SurfaceFlinger(  272): FPS : 4.63
W/SurfaceFlinger(  272): Fail to Open /sys/devices/platform/gpusysfs/fps
D/RemoteActivity( 8856): Frame374 received
D/RemoteActivity( 8856): Setting the bitmap
D/BTChatServiceRemote( 8856): Receiving type of 0
D/RemoteActivity( 8856): Bitmap is not null
D/BTChatServiceRemote( 8856): The frame size is 71994
D/SurfaceFlinger(  272): FPS : 4.15
W/SurfaceFlinger(  272): Fail to Open /sys/devices/platform/gpusysfs/fps
D/RemoteActivity( 8856): Frame375 received
D/BTChatServiceRemote( 8856): Receiving type of 0
D/BTChatServiceRemote( 8856): The frame size is 36373
D/RemoteActivity( 8856): Setting the bitmap
D/RemoteActivity( 8856): Bitmap is not null
D/SurfaceFlinger(  272): FPS : 2.87
W/SurfaceFlinger(  272): Fail to Open /sys/devices/platform/gpusysfs/fps
D/BTChatServiceRemote( 8856): Receiving type of 0
D/RemoteActivity( 8856): Frame376 received
D/BTChatServiceRemote( 8856): The frame size is 38089
D/RemoteActivity( 8856): Setting the bitmap
D/RemoteActivity( 8856): Bitmap is not null
D/SurfaceFlinger(  272): FPS : 2.87
W/SurfaceFlinger(  272): Fail to Open /sys/devices/platform/gpusysfs/fps
D/RemoteActivity( 8856): Frame377 received
D/RemoteActivity( 8856): Setting the bitmap
D/RemoteActivity( 8856): Bitmap is not null
D/SurfaceFlinger(  272): FPS : 7.08
W/SurfaceFlinger(  272): Fail to Open /sys/devices/platform/gpusysfs/fps
D/BTChatServiceRemote( 8856): Receiving type of 0
D/BTChatServiceRemote( 8856): The frame size is 39631
D/RemoteActivity( 8856): Frame378 received
D/RemoteActivity( 8856): Setting the bitmap
D/RemoteActivity( 8856): Bitmap is not null
D/BTChatServiceRemote( 8856): Receiving type of 0
D/BTChatServiceRemote( 8856): The frame size is 41337
D/SurfaceFlinger(  272): FPS : 3.54
W/SurfaceFlinger(  272): Fail to Open /sys/devices/platform/gpusysfs/fps
D/RemoteActivity( 8856): Frame379 received
D/RemoteActivity( 8856): Setting the bitmap
D/RemoteActivity( 8856): Bitmap is not null
D/SurfaceFlinger(  272): FPS : 3.54
W/SurfaceFlinger(  272): Fail to Open /sys/devices/platform/gpusysfs/fps
D/BTChatServiceRemote( 8856): Receiving type of 0
D/BTChatServiceRemote( 8856): The frame size is 42066
D/RemoteActivity( 8856): Frame380 received
D/RemoteActivity( 8856): Setting the bitmap
D/BTChatServiceRemote( 8856): Receiving type of 0
D/BTChatServiceRemote( 8856): The frame size is 40853
D/RemoteActivity( 8856): Bitmap is not null
D/SurfaceFlinger(  272): FPS : 3.65
W/SurfaceFlinger(  272): Fail to Open /sys/devices/platform/gpusysfs/fps
D/BTChatServiceRemote( 8856): Receiving type of 0
D/RemoteActivity( 8856): Frame381 received
D/BTChatServiceRemote( 8856): The frame size is 40607
D/RemoteActivity( 8856): Setting the bitmap
D/RemoteActivity( 8856): Bitmap is not null
D/SurfaceFlinger(  272): FPS : 3.54
W/SurfaceFlinger(  272): Fail to Open /sys/devices/platform/gpusysfs/fps
D/RemoteActivity( 8856): Frame382 received
D/BTChatServiceRemote( 8856): Receiving type of 0
D/BTChatServiceRemote( 8856): The frame size is 52949
D/RemoteActivity( 8856): Setting the bitmap
D/RemoteActivity( 8856): Bitmap is not null
D/SurfaceFlinger(  272): FPS : 3.54
W/SurfaceFlinger(  272): Fail to Open /sys/devices/platform/gpusysfs/fps
D/RemoteActivity( 8856): Frame383 received
D/BTChatServiceRemote( 8856): Receiving type of 0
D/BTChatServiceRemote( 8856): The frame size is 44625
D/BatteryService(  870): !@BatteryListener : batteryPropertiesChanged!
D/BatteryService(  870): level:95, scale:100, status:2, health:2, present:true, voltage: 4218, temperature: 297, technology: Li-ion, AC powered:false, USB powered:true, Wireless powered:false, icon:17303687, invalid charger:0
D/BatteryService(  870): online:4, current avg:460, charge type:1, power sharing:false, high voltage charger:false, capacity:280000, current_now:460
D/BatteryService(  870): Sending ACTION_BATTERY_CHANGED.
V/HeadsetService( 3326): HeadsetService - Received Intent.ACTION_BATTERY_CHANGED
D/HeadsetStateMachine( 3326): Disconnected process message: 10
D/KeyguardUpdateMonitor( 1265): received broadcast android.intent.action.BATTERY_CHANGED
I/MotionRecognitionService(  870): Plugged
I/MotionRecognitionService(  870): setPowerConnected  = true
D/KeyguardUpdateMonitor( 1265): handleBatteryUpdate
D/STATUSBAR-PhoneStatusBar( 1265):  mBrightnessEnablebySettings = true mBrightnessEnablebyBattery = true mBrightnessEnablebyDisableFlag = true mPmsBrightnessEnablebySettings = true
D/BatteryMeterView( 1265): ACTION_BATTERY_CHANGED : level:95 status:2 health:2
D/BatteryMeterView( 1265): ACTION_BATTERY_CHANGED : level:95 status:2 health:2
D/BatteryMeterView( 1265): ACTION_BATTERY_CHANGED : level:95 status:2 health:2
D/RemoteActivity( 8856): Setting the bitmap
D/RemoteActivity( 8856): Bitmap is not null
D/SurfaceFlinger(  272): FPS : 5.22
W/SurfaceFlinger(  272): Fail to Open /sys/devices/platform/gpusysfs/fps
D/SurfaceFlinger(  272): FPS : 5.22
W/SurfaceFlinger(  272): Fail to Open /sys/devices/platform/gpusysfs/fps
D/BTChatServiceRemote( 8856): Receiving type of 0
D/BTChatServiceRemote( 8856): The frame size is 57585
D/RemoteActivity( 8856): Frame384 received
D/RemoteActivity( 8856): Setting the bitmap
D/RemoteActivity( 8856): Bitmap is not null
D/SurfaceFlinger(  272): FPS : 5.22
W/SurfaceFlinger(  272): Fail to Open /sys/devices/platform/gpusysfs/fps
W/ContentResolver( 1319): Failed to get type for: content://media/external/faces (Unknown URL : content://media/external/faces)
D/FaceScanner( 1319): 6 files has done Face Scanning.
D/FaceScanner( 1319): scan groupData.size():0
W/ContentResolver( 1319): Failed to get type for: content://media/external/faces (Unknown URL : content://media/external/faces)
W/ContentResolver( 1319): Failed to get type for: content://media/external/faces (Unknown URL : content://media/external/faces)
D/RemoteActivity( 8856): Frame385 received
D/BTChatServiceRemote( 8856): Receiving type of 0
D/BTChatServiceRemote( 8856): The frame size is 68761
D/RemoteActivity( 8856): Setting the bitmap
D/RemoteActivity( 8856): Bitmap is not null
D/SurfaceFlinger(  272): FPS : 7.24
W/SurfaceFlinger(  272): Fail to Open /sys/devices/platform/gpusysfs/fps
D/RemoteActivity( 8856): Frame386 received
D/BTChatServiceRemote( 8856): Receiving type of 0
D/BTChatServiceRemote( 8856): The frame size is 64961
D/RemoteActivity( 8856): Setting the bitmap
D/RemoteActivity( 8856): Bitmap is not null
D/SurfaceFlinger(  272): FPS : 3.01
W/SurfaceFlinger(  272): Fail to Open /sys/devices/platform/gpusysfs/fps
D/RemoteActivity( 8856): Frame387 received
D/BTChatServiceRemote( 8856): Receiving type of 0
D/BTChatServiceRemote( 8856): The frame size is 60630
D/RemoteActivity( 8856): Setting the bitmap
D/RemoteActivity( 8856): Bitmap is not null
D/SurfaceFlinger(  272): FPS : 3.01
W/SurfaceFlinger(  272): Fail to Open /sys/devices/platform/gpusysfs/fps
D/BTChatServiceRemote( 8856): Receiving type of 0
D/RemoteActivity( 8856): Frame388 received
D/BTChatServiceRemote( 8856): The frame size is 49914
D/RemoteActivity( 8856): Setting the bitmap
D/RemoteActivity( 8856): Bitmap is not null
D/SurfaceFlinger(  272): FPS : 3.01
W/SurfaceFlinger(  272): Fail to Open /sys/devices/platform/gpusysfs/fps
D/BTChatServiceRemote( 8856): Receiving type of 0
D/BTChatServiceRemote( 8856): The frame size is 49200
D/RemoteActivity( 8856): Frame389 received
D/RemoteActivity( 8856): Setting the bitmap
D/RemoteActivity( 8856): Bitmap is not null
D/SurfaceFlinger(  272): FPS : 5.01
W/SurfaceFlinger(  272): Fail to Open /sys/devices/platform/gpusysfs/fps
D/BTChatServiceRemote( 8856): Receiving type of 0
D/RemoteActivity( 8856): Frame390 received
D/BTChatServiceRemote( 8856): The frame size is 57738
D/RemoteActivity( 8856): Setting the bitmap
D/RemoteActivity( 8856): Bitmap is not null
D/SurfaceFlinger(  272): FPS : 5.01
W/SurfaceFlinger(  272): Fail to Open /sys/devices/platform/gpusysfs/fps
D/BTChatServiceRemote( 8856): Receiving type of 0
D/RemoteActivity( 8856): Frame391 received
D/BTChatServiceRemote( 8856): The frame size is 41117
D/RemoteActivity( 8856): Setting the bitmap
D/RemoteActivity( 8856): Bitmap is not null
D/SurfaceFlinger(  272): FPS : 4.30
W/SurfaceFlinger(  272): Fail to Open /sys/devices/platform/gpusysfs/fps
D/RemoteActivity( 8856): Frame392 received
D/BTChatServiceRemote( 8856): Receiving type of 0
D/BTChatServiceRemote( 8856): The frame size is 39066
D/RemoteActivity( 8856): Setting the bitmap
D/RemoteActivity( 8856): Bitmap is not null
D/SurfaceFlinger(  272): FPS : 4.30
W/SurfaceFlinger(  272): Fail to Open /sys/devices/platform/gpusysfs/fps
D/RemoteActivity( 8856): Frame393 received
D/BTChatServiceRemote( 8856): Receiving type of 0
D/BTChatServiceRemote( 8856): The frame size is 41552
W/art     ( 8856): Suspending all threads took: 7.568ms
D/RemoteActivity( 8856): Setting the bitmap
D/RemoteActivity( 8856): Bitmap is not null
D/RemoteActivity( 8856): Frame394 received
D/SurfaceFlinger(  272): FPS : 5.72
W/SurfaceFlinger(  272): Fail to Open /sys/devices/platform/gpusysfs/fps
D/SSRM:n  (  870): SIOP:: AP = 430, CUR = 460
E/Diag_Lib(15003):  Diag_LSM_Init: Failed to open handle to diag driver, error = 2
D/RemoteActivity( 8856): Setting the bitmap
D/RemoteActivity( 8856): Bitmap is not null
D/BTChatServiceRemote( 8856): Receiving type of 0
D/BTChatServiceRemote( 8856): The frame size is 50705
D/SurfaceFlinger(  272): FPS : 5.72
W/SurfaceFlinger(  272): Fail to Open /sys/devices/platform/gpusysfs/fps
D/RemoteActivity( 8856): Frame395 received
D/BTChatServiceRemote( 8856): Receiving type of 0
D/BTChatServiceRemote( 8856): The frame size is 51856
D/RemoteActivity( 8856): Setting the bitmap
D/RemoteActivity( 8856): Bitmap is not null
D/SurfaceFlinger(  272): FPS : 4.63
W/SurfaceFlinger(  272): Fail to Open /sys/devices/platform/gpusysfs/fps
D/RemoteActivity( 8856): Frame396 received
D/BTChatServiceRemote( 8856): Receiving type of 0
D/BTChatServiceRemote( 8856): The frame size is 50741
D/RemoteActivity( 8856): Setting the bitmap
D/RemoteActivity( 8856): Bitmap is not null
D/SurfaceFlinger(  272): FPS : 4.63
W/SurfaceFlinger(  272): Fail to Open /sys/devices/platform/gpusysfs/fps
D/BTChatServiceRemote( 8856): Receiving type of 0
D/RemoteActivity( 8856): Frame397 received
D/BTChatServiceRemote( 8856): The frame size is 55109
D/RemoteActivity( 8856): Setting the bitmap
D/RemoteActivity( 8856): Bitmap is not null
D/SurfaceFlinger(  272): FPS : 4.15
W/SurfaceFlinger(  272): Fail to Open /sys/devices/platform/gpusysfs/fps
D/RemoteActivity( 8856): Frame398 received
D/BTChatServiceRemote( 8856): Receiving type of 0
D/BTChatServiceRemote( 8856): The frame size is 49566
D/RemoteActivity( 8856): Setting the bitmap
D/RemoteActivity( 8856): Bitmap is not null
D/SurfaceFlinger(  272): FPS : 3.76
W/SurfaceFlinger(  272): Fail to Open /sys/devices/platform/gpusysfs/fps
D/BTChatServiceRemote( 8856): Receiving type of 0
D/RemoteActivity( 8856): Frame399 received
D/BTChatServiceRemote( 8856): The frame size is 55607
D/RemoteActivity( 8856): Setting the bitmap
D/RemoteActivity( 8856): Bitmap is not null
D/SurfaceFlinger(  272): FPS : 3.76
W/SurfaceFlinger(  272): Fail to Open /sys/devices/platform/gpusysfs/fps
D/RemoteActivity( 8856): Frame400 received
D/BTChatServiceRemote( 8856): Receiving type of 0
D/BTChatServiceRemote( 8856): The frame size is 58790
D/RemoteActivity( 8856): Setting the bitmap
D/RemoteActivity( 8856): Bitmap is not null
D/SurfaceFlinger(  272): FPS : 5.22
W/SurfaceFlinger(  272): Fail to Open /sys/devices/platform/gpusysfs/fps
D/BTChatServiceRemote( 8856): Receiving type of 0
D/RemoteActivity( 8856): Frame401 received
D/BTChatServiceRemote( 8856): The frame size is 50186
D/RemoteActivity( 8856): Setting the bitmap
D/RemoteActivity( 8856): Bitmap is not null
D/SurfaceFlinger(  272): FPS : 3.54
W/SurfaceFlinger(  272): Fail to Open /sys/devices/platform/gpusysfs/fps
D/BTChatServiceRemote( 8856): Receiving type of 0
D/RemoteActivity( 8856): Frame402 received
D/BTChatServiceRemote( 8856): The frame size is 45939
D/RemoteActivity( 8856): Setting the bitmap
D/RemoteActivity( 8856): Bitmap is not null
D/SurfaceFlinger(  272): FPS : 3.54
W/SurfaceFlinger(  272): Fail to Open /sys/devices/platform/gpusysfs/fps
D/BTChatServiceRemote( 8856): Receiving type of 0
D/RemoteActivity( 8856): Frame403 received
D/BTChatServiceRemote( 8856): The frame size is 41824
D/RemoteActivity( 8856): Setting the bitmap
D/RemoteActivity( 8856): Bitmap is not null
D/SurfaceFlinger(  272): FPS : 5.24
W/SurfaceFlinger(  272): Fail to Open /sys/devices/platform/gpusysfs/fps
D/BTChatServiceRemote( 8856): Receiving type of 0
D/RemoteActivity( 8856): Frame404 received
D/BTChatServiceRemote( 8856): The frame size is 44251
D/RemoteActivity( 8856): Setting the bitmap
D/RemoteActivity( 8856): Bitmap is not null
D/SurfaceFlinger(  272): FPS : 5.24
W/SurfaceFlinger(  272): Fail to Open /sys/devices/platform/gpusysfs/fps
D/RemoteActivity( 8856): Frame405 received
D/BTChatServiceRemote( 8856): Receiving type of 0
D/BTChatServiceRemote( 8856): The frame size is 43761
E/Watchdog(  870): !@Sync 29
D/RemoteActivity( 8856): Setting the bitmap
D/RemoteActivity( 8856): Bitmap is not null
D/SurfaceFlinger(  272): FPS : 5.47
W/SurfaceFlinger(  272): Fail to Open /sys/devices/platform/gpusysfs/fps
D/RemoteActivity( 8856): Frame406 received
D/BTChatServiceRemote( 8856): Receiving type of 0
D/BTChatServiceRemote( 8856): The frame size is 47322
D/RemoteActivity( 8856): Setting the bitmap
D/RemoteActivity( 8856): Bitmap is not null
D/SurfaceFlinger(  272): FPS : 5.47
W/SurfaceFlinger(  272): Fail to Open /sys/devices/platform/gpusysfs/fps
D/BTChatServiceRemote( 8856): Receiving type of 0
D/BTChatServiceRemote( 8856): The frame size is 52285
D/RemoteActivity( 8856): Frame407 received
D/RemoteActivity( 8856): Setting the bitmap
D/RemoteActivity( 8856): Bitmap is not null
D/SurfaceFlinger(  272): FPS : 4.30
W/SurfaceFlinger(  272): Fail to Open /sys/devices/platform/gpusysfs/fps
D/RemoteActivity( 8856): Frame408 received
D/BTChatServiceRemote( 8856): Receiving type of 0
D/BTChatServiceRemote( 8856): The frame size is 91577
D/RemoteActivity( 8856): Setting the bitmap
D/RemoteActivity( 8856): Bitmap is not null
D/SurfaceFlinger(  272): FPS : 4.30
W/SurfaceFlinger(  272): Fail to Open /sys/devices/platform/gpusysfs/fps
D/RemoteActivity( 8856): Frame409 received
D/BTChatServiceRemote( 8856): Receiving type of 0
D/BTChatServiceRemote( 8856): The frame size is 140225
I/art     ( 8856): Background sticky concurrent mark sweep GC freed 43(37KB) AllocSpace objects, 5(264KB) LOS objects, 0% free, 49MB/49MB, paused 6.072ms total 61.004ms
D/RemoteActivity( 8856): Setting the bitmap
D/RemoteActivity( 8856): Bitmap is not null
D/SurfaceFlinger(  272): FPS : 2.93
W/SurfaceFlinger(  272): Fail to Open /sys/devices/platform/gpusysfs/fps
D/BTChatServiceRemote( 8856): Receiving type of 0
D/RemoteActivity( 8856): Frame410 received
D/BTChatServiceRemote( 8856): The frame size is 55558
D/RemoteActivity( 8856): Setting the bitmap
D/RemoteActivity( 8856): Bitmap is not null
D/SurfaceFlinger(  272): FPS : 2.07
W/SurfaceFlinger(  272): Fail to Open /sys/devices/platform/gpusysfs/fps
D/BTChatServiceRemote( 8856): Receiving type of 0
D/RemoteActivity( 8856): Frame411 received
D/BTChatServiceRemote( 8856): The frame size is 42811
D/RemoteActivity( 8856): Setting the bitmap
D/RemoteActivity( 8856): Bitmap is not null
D/SurfaceFlinger(  272): FPS : 2.07
D/RemoteActivity( 8856): Frame412 received
W/SurfaceFlinger(  272): Fail to Open /sys/devices/platform/gpusysfs/fps
D/BTChatServiceRemote( 8856): Receiving type of 0
D/BTChatServiceRemote( 8856): The frame size is 44504
D/RemoteActivity( 8856): Setting the bitmap
D/RemoteActivity( 8856): Bitmap is not null
D/SurfaceFlinger(  272): FPS : 6.01
W/SurfaceFlinger(  272): Fail to Open /sys/devices/platform/gpusysfs/fps
D/RemoteActivity( 8856): Frame413 received
D/BTChatServiceRemote( 8856): Receiving type of 0
D/BTChatServiceRemote( 8856): The frame size is 62691
D/RemoteActivity( 8856): Setting the bitmap
D/RemoteActivity( 8856): Bitmap is not null
D/SurfaceFlinger(  272): FPS : 3.54
W/SurfaceFlinger(  272): Fail to Open /sys/devices/platform/gpusysfs/fps
D/RemoteActivity( 8856): Frame414 received
D/BTChatServiceRemote( 8856): Receiving type of 0
D/BTChatServiceRemote( 8856): The frame size is 66623
E/Diag_Lib(15071):  Diag_LSM_Init: Failed to open handle to diag driver, error = 2
D/RemoteActivity( 8856): Setting the bitmap
D/RemoteActivity( 8856): Bitmap is not null
D/SurfaceFlinger(  272): FPS : 3.76
W/SurfaceFlinger(  272): Fail to Open /sys/devices/platform/gpusysfs/fps
D/RemoteActivity( 8856): Frame415 received
D/BTChatServiceRemote( 8856): Receiving type of 0
D/BTChatServiceRemote( 8856): The frame size is 51240
D/RemoteActivity( 8856): Setting the bitmap
D/RemoteActivity( 8856): Bitmap is not null
D/SurfaceFlinger(  272): FPS : 4.00
W/SurfaceFlinger(  272): Fail to Open /sys/devices/platform/gpusysfs/fps
D/BTChatServiceRemote( 8856): Receiving type of 0
D/BTChatServiceRemote( 8856): The frame size is 49962
D/RemoteActivity( 8856): Frame416 received
D/RemoteActivity( 8856): Setting the bitmap
D/RemoteActivity( 8856): Bitmap is not null
D/SurfaceFlinger(  272): FPS : 3.53
W/SurfaceFlinger(  272): Fail to Open /sys/devices/platform/gpusysfs/fps
D/RemoteActivity( 8856): Frame417 received
D/RemoteActivity( 8856): Setting the bitmap
D/RemoteActivity( 8856): Bitmap is not null
D/BTChatServiceRemote( 8856): Receiving type of 0
D/BTChatServiceRemote( 8856): The frame size is 40564
D/SurfaceFlinger(  272): FPS : 3.53
W/SurfaceFlinger(  272): Fail to Open /sys/devices/platform/gpusysfs/fps
D/RemoteActivity( 8856): Frame418 received
D/BTChatServiceRemote( 8856): Receiving type of 0
D/BTChatServiceRemote( 8856): The frame size is 38965
D/RemoteActivity( 8856): Setting the bitmap
D/RemoteActivity( 8856): Bitmap is not null
D/SurfaceFlinger(  272): FPS : 4.02
W/SurfaceFlinger(  272): Fail to Open /sys/devices/platform/gpusysfs/fps
D/RemoteActivity( 8856): Frame419 received
D/RemoteActivity( 8856): Setting the bitmap
D/RemoteActivity( 8856): Bitmap is not null
D/SurfaceFlinger(  272): FPS : 4.02
W/SurfaceFlinger(  272): Fail to Open /sys/devices/platform/gpusysfs/fps
D/BTChatServiceRemote( 8856): Receiving type of 0
D/BTChatServiceRemote( 8856): The frame size is 68432
D/BTChatServiceRemote( 8856): Receiving type of 0
D/RemoteActivity( 8856): Frame420 received
D/BTChatServiceRemote( 8856): The frame size is 51796
D/RemoteActivity( 8856): Setting the bitmap
D/RemoteActivity( 8856): Bitmap is not null
D/RemoteActivity( 8856): Frame421 received
D/BTChatServiceRemote( 8856): Receiving type of 0
D/BTChatServiceRemote( 8856): The frame size is 42457
D/SurfaceFlinger(  272): FPS : 3.25
W/SurfaceFlinger(  272): Fail to Open /sys/devices/platform/gpusysfs/fps
D/RemoteActivity( 8856): Setting the bitmap
D/RemoteActivity( 8856): Bitmap is not null
D/SurfaceFlinger(  272): FPS : 3.25
W/SurfaceFlinger(  272): Fail to Open /sys/devices/platform/gpusysfs/fps
D/RemoteActivity( 8856): Frame422 received
D/BTChatServiceRemote( 8856): Receiving type of 0
D/BTChatServiceRemote( 8856): The frame size is 37418
D/RemoteActivity( 8856): Setting the bitmap
D/RemoteActivity( 8856): Bitmap is not null
D/SurfaceFlinger(  272): FPS : 7.52
W/SurfaceFlinger(  272): Fail to Open /sys/devices/platform/gpusysfs/fps
D/RemoteActivity( 8856): Frame423 received
D/BTChatServiceRemote( 8856): Receiving type of 0
D/BTChatServiceRemote( 8856): The frame size is 42958
D/RemoteActivity( 8856): Setting the bitmap
D/RemoteActivity( 8856): Bitmap is not null
D/SurfaceFlinger(  272): FPS : 7.52
W/SurfaceFlinger(  272): Fail to Open /sys/devices/platform/gpusysfs/fps
D/RemoteActivity( 8856): Frame424 received
D/BTChatServiceRemote( 8856): Receiving type of 0
D/BTChatServiceRemote( 8856): The frame size is 43906
D/RemoteActivity( 8856): Setting the bitmap
D/RemoteActivity( 8856): Bitmap is not null
D/SurfaceFlinger(  272): FPS : 4.29
W/SurfaceFlinger(  272): Fail to Open /sys/devices/platform/gpusysfs/fps
D/RemoteActivity( 8856): Frame425 received
D/BTChatServiceRemote( 8856): Receiving type of 0
D/BTChatServiceRemote( 8856): The frame size is 42320
D/RemoteActivity( 8856): Setting the bitmap
D/RemoteActivity( 8856): Bitmap is not null
D/SurfaceFlinger(  272): FPS : 4.29
W/SurfaceFlinger(  272): Fail to Open /sys/devices/platform/gpusysfs/fps
D/KeyguardUpdateMonitor( 1265): received broadcast android.intent.action.BATTERY_CHANGED
D/KeyguardUpdateMonitor( 1265): handleBatteryUpdate
D/BatteryService(  870): !@BatteryListener : batteryPropertiesChanged!
D/BatteryService(  870): level:95, scale:100, status:2, health:2, present:true, voltage: 4226, temperature: 298, technology: Li-ion, AC powered:false, USB powered:true, Wireless powered:false, icon:17303687, invalid charger:0
D/BatteryService(  870): online:4, current avg:460, charge type:1, power sharing:false, high voltage charger:false, capacity:280000, current_now:460
D/BatteryService(  870): Sending ACTION_BATTERY_CHANGED.
I/MotionRecognitionService(  870): Plugged
I/MotionRecognitionService(  870): setPowerConnected  = true
D/RemoteActivity( 8856): Frame426 received
V/HeadsetService( 3326): HeadsetService - Received Intent.ACTION_BATTERY_CHANGED
D/HeadsetStateMachine( 3326): Disconnected process message: 10
D/STATUSBAR-PhoneStatusBar( 1265):  mBrightnessEnablebySettings = true mBrightnessEnablebyBattery = true mBrightnessEnablebyDisableFlag = true mPmsBrightnessEnablebySettings = true
D/BatteryMeterView( 1265): ACTION_BATTERY_CHANGED : level:95 status:2 health:2
D/SurfaceFlinger(  272): FPS : 7.95
W/SurfaceFlinger(  272): Fail to Open /sys/devices/platform/gpusysfs/fps
D/BatteryMeterView( 1265): ACTION_BATTERY_CHANGED : level:95 status:2 health:2
D/BatteryMeterView( 1265): ACTION_BATTERY_CHANGED : level:95 status:2 health:2
D/BTChatServiceRemote( 8856): Receiving type of 0
D/BTChatServiceRemote( 8856): The frame size is 45759
D/RemoteActivity( 8856): Setting the bitmap
D/RemoteActivity( 8856): Bitmap is not null
D/SurfaceFlinger(  272): FPS : 7.95
W/SurfaceFlinger(  272): Fail to Open /sys/devices/platform/gpusysfs/fps
D/RemoteActivity( 8856): Frame427 received
D/BTChatServiceRemote( 8856): Receiving type of 0
D/BTChatServiceRemote( 8856): The frame size is 46145
D/RemoteActivity( 8856): Setting the bitmap
D/RemoteActivity( 8856): Bitmap is not null
D/SurfaceFlinger(  272): FPS : 6.06
W/SurfaceFlinger(  272): Fail to Open /sys/devices/platform/gpusysfs/fps
D/RemoteActivity( 8856): Frame428 received
D/BTChatServiceRemote( 8856): Receiving type of 0
D/BTChatServiceRemote( 8856): The frame size is 41274
D/RemoteActivity( 8856): Setting the bitmap
D/RemoteActivity( 8856): Bitmap is not null
D/SurfaceFlinger(  272): FPS : 6.06
W/SurfaceFlinger(  272): Fail to Open /sys/devices/platform/gpusysfs/fps
D/BTChatServiceRemote( 8856): Receiving type of 0
D/BTChatServiceRemote( 8856): The frame size is 40910
D/RemoteActivity( 8856): Frame429 received
D/RemoteActivity( 8856): Setting the bitmap
D/RemoteActivity( 8856): Bitmap is not null
D/SurfaceFlinger(  272): FPS : 3.88
W/SurfaceFlinger(  272): Fail to Open /sys/devices/platform/gpusysfs/fps
D/RemoteActivity( 8856): Frame430 received
D/BTChatServiceRemote( 8856): Receiving type of 0
D/BTChatServiceRemote( 8856): The frame size is 47106
D/RemoteActivity( 8856): Setting the bitmap
D/RemoteActivity( 8856): Bitmap is not null
D/SurfaceFlinger(  272): FPS : 3.88
W/SurfaceFlinger(  272): Fail to Open /sys/devices/platform/gpusysfs/fps
D/BTChatServiceRemote( 8856): Receiving type of 0
D/BTChatServiceRemote( 8856): The frame size is 55531
D/RemoteActivity( 8856): Frame431 received
D/RemoteActivity( 8856): Setting the bitmap
D/RemoteActivity( 8856): Bitmap is not null
D/SurfaceFlinger(  272): FPS : 6.34
W/SurfaceFlinger(  272): Fail to Open /sys/devices/platform/gpusysfs/fps
D/RemoteActivity( 8856): Frame432 received
D/BTChatServiceRemote( 8856): Receiving type of 0
D/BTChatServiceRemote( 8856): The frame size is 64029
D/RemoteActivity( 8856): Setting the bitmap
D/RemoteActivity( 8856): Bitmap is not null
D/SurfaceFlinger(  272): FPS : 3.34
W/SurfaceFlinger(  272): Fail to Open /sys/devices/platform/gpusysfs/fps
D/BTChatServiceRemote( 8856): Receiving type of 0
D/RemoteActivity( 8856): Frame433 received
D/BTChatServiceRemote( 8856): The frame size is 66424
D/RemoteActivity( 8856): Setting the bitmap
D/RemoteActivity( 8856): Bitmap is not null
D/SurfaceFlinger(  272): FPS : 3.74
W/SurfaceFlinger(  272): Fail to Open /sys/devices/platform/gpusysfs/fps
D/BTChatServiceRemote( 8856): Receiving type of 0
D/RemoteActivity( 8856): Frame434 received
D/BTChatServiceRemote( 8856): The frame size is 66262
D/RemoteActivity( 8856): Setting the bitmap
D/RemoteActivity( 8856): Bitmap is not null
D/SurfaceFlinger(  272): FPS : 2.74
W/SurfaceFlinger(  272): Fail to Open /sys/devices/platform/gpusysfs/fps
D/RemoteActivity( 8856): Frame435 received
D/RemoteActivity( 8856): Setting the bitmap
D/RemoteActivity( 8856): Bitmap is not null
D/BTChatServiceRemote( 8856): Receiving type of 0
D/BTChatServiceRemote( 8856): The frame size is 66779
D/SurfaceFlinger(  272): FPS : 2.74
W/SurfaceFlinger(  272): Fail to Open /sys/devices/platform/gpusysfs/fps
D/SSRM:n  (  870): SIOP:: AP = 410, CUR = 460
E/Diag_Lib(15145):  Diag_LSM_Init: Failed to open handle to diag driver, error = 2
D/RemoteActivity( 8856): Frame436 received
D/BTChatServiceRemote( 8856): Receiving type of 0
D/BTChatServiceRemote( 8856): The frame size is 44660
D/RemoteActivity( 8856): Setting the bitmap
D/RemoteActivity( 8856): Bitmap is not null
D/RemoteActivity( 8856): Frame437 received
D/BTChatServiceRemote( 8856): Receiving type of 0
D/BTChatServiceRemote( 8856): The frame size is 40305
D/SurfaceFlinger(  272): FPS : 3.16
W/SurfaceFlinger(  272): Fail to Open /sys/devices/platform/gpusysfs/fps
D/RemoteActivity( 8856): Setting the bitmap
D/RemoteActivity( 8856): Bitmap is not null
D/SurfaceFlinger(  272): FPS : 3.16
W/SurfaceFlinger(  272): Fail to Open /sys/devices/platform/gpusysfs/fps
D/BTChatServiceRemote( 8856): Receiving type of 0
D/RemoteActivity( 8856): Frame438 received
D/BTChatServiceRemote( 8856): The frame size is 53431
D/RemoteActivity( 8856): Setting the bitmap
D/RemoteActivity( 8856): Bitmap is not null
D/SurfaceFlinger(  272): FPS : 3.16
W/SurfaceFlinger(  272): Fail to Open /sys/devices/platform/gpusysfs/fps
D/RemoteActivity( 8856): Frame439 received
D/BTChatServiceRemote( 8856): Receiving type of 0
D/BTChatServiceRemote( 8856): The frame size is 49790
D/RemoteActivity( 8856): Setting the bitmap
D/RemoteActivity( 8856): Bitmap is not null
D/SurfaceFlinger(  272): FPS : 6.23
W/SurfaceFlinger(  272): Fail to Open /sys/devices/platform/gpusysfs/fps
D/BTChatServiceRemote( 8856): Receiving type of 0
D/RemoteActivity( 8856): Frame440 received
D/BTChatServiceRemote( 8856): The frame size is 66447
D/RemoteActivity( 8856): Setting the bitmap
D/RemoteActivity( 8856): Bitmap is not null
D/SurfaceFlinger(  272): FPS : 6.23
W/SurfaceFlinger(  272): Fail to Open /sys/devices/platform/gpusysfs/fps
D/RemoteActivity( 8856): Frame441 received
D/BTChatServiceRemote( 8856): Receiving type of 0
D/BTChatServiceRemote( 8856): The frame size is 80141
D/RemoteActivity( 8856): Setting the bitmap
D/RemoteActivity( 8856): Bitmap is not null
D/SurfaceFlinger(  272): FPS : 3.44
W/SurfaceFlinger(  272): Fail to Open /sys/devices/platform/gpusysfs/fps
D/BTChatServiceRemote( 8856): Receiving type of 0
D/RemoteActivity( 8856): Frame442 received
D/BTChatServiceRemote( 8856): The frame size is 85522
I/art     ( 8856): Background sticky concurrent mark sweep GC freed 44(29KB) AllocSpace objects, 6(318KB) LOS objects, 0% free, 49MB/49MB, paused 5.310ms total 61.004ms
D/RemoteActivity( 8856): Setting the bitmap
D/RemoteActivity( 8856): Bitmap is not null
D/SurfaceFlinger(  272): FPS : 2.86
W/SurfaceFlinger(  272): Fail to Open /sys/devices/platform/gpusysfs/fps
D/RemoteActivity( 8856): Frame443 received
D/BTChatServiceRemote( 8856): Receiving type of 0
D/BTChatServiceRemote( 8856): The frame size is 43334
D/RemoteActivity( 8856): Setting the bitmap
D/RemoteActivity( 8856): Bitmap is not null
D/SurfaceFlinger(  272): FPS : 2.86
W/SurfaceFlinger(  272): Fail to Open /sys/devices/platform/gpusysfs/fps
D/RemoteActivity( 8856): Frame444 received
D/RemoteActivity( 8856): Setting the bitmap
D/RemoteActivity( 8856): Bitmap is not null
D/SurfaceFlinger(  272): FPS : 5.02
W/SurfaceFlinger(  272): Fail to Open /sys/devices/platform/gpusysfs/fps
D/BTChatServiceRemote( 8856): Receiving type of 0
D/BTChatServiceRemote( 8856): The frame size is 40797
