D/PointerIcon(  870): setHoveringSpenIconStyle1 pointerType: 10001iconType:1 flag:0
D/PointerIcon(  870): setHoveringSpenCustomIcon IconType is same.1
I/Adreno-EGL( 9842): <qeglDrvAPI_eglInitialize:410>: EGL 1.4 QUALCOMM build:  ()
I/Adreno-EGL( 9842): OpenGL ES Shader Compiler Version: E031.25.03.06
I/Adreno-EGL( 9842): Build Date: 01/24/15 Sat
I/Adreno-EGL( 9842): Local Branch: AF11_RB1_AU15
I/Adreno-EGL( 9842): Remote Branch: 
I/Adreno-EGL( 9842): Local Patches: 
I/Adreno-EGL( 9842): Reconstruct Branch: 
I/OpenGLRenderer( 9842): Initialized EGL, version 1.4
E/NFC     ( 9842): isAndroidBeamAllowed - Begin
I/NFC     ( 9842): showMsg is false
D/SecContentProvider(  870): uri = 15 selection = isAndroidBeamAllowed
D/SurfaceFlinger(  272): FPS : 33.13
W/SurfaceFlinger(  272): Fail to Open /sys/devices/platform/gpusysfs/fps
D/SensorService(  870): [SO] 0.444 -0.062 9.812
D/SensorService(  870): [SO] [100 -> 255]
W/ContentResolver( 1319): Failed to get type for: content://media/external/faces (Unknown URL : content://media/external/faces)
V/MotionRecognitionService(  870):  .updateOrientation : 28
E/QURAM   ( 9842): ParseQdioFile :: qdio_info NULL
D/OpenGLRenderer( 9842): Enabling debug mode 0
E/QURAM   ( 9842): ParseQdioFile :: qdio_info NULL
D/ResourcesManager(14709): creating new AssetManager and set to /system/priv-app/SecContacts_Phone_OSup_FLAGSHIP_USA/SecContacts_Phone_OSup_FLAGSHIP_USA.apk
E/QURAM   ( 9842): ParseQdioFile :: qdio_info NULL
W/ResourcesManager(14709): Asset path '/system/framework/smatlib.jar' does not exist or contains no resources.
W/ResourcesManager(14709): Asset path '/system/framework/twframework.jar' does not exist or contains no resources.
W/ResourcesManager(14709): Asset path '/system/framework/imsmanager.jar' does not exist or contains no resources.
E/QURAM   ( 9842): ParseQdioFile :: qdio_info NULL
E/QURAM   ( 9842): ParseQdioFile :: qdio_info NULL
D/ResourcesManager(14709): creating new AssetManager and set to /system/app/SPlanner_LEGACY/SPlanner_LEGACY.apk
W/ResourcesManager(14709): Asset path '/system/framework/sechardware.jar' does not exist or contains no resources.
W/ResourcesManager(14709): Asset path '/system/framework/com.google.android.maps.jar' does not exist or contains no resources.
W/ResourcesManager(14709): Asset path '/system/framework/twframework.jar' does not exist or contains no resources.
D/ResourcesManager(14709): creating new AssetManager and set to /system/app/LegacyInCallUI/LegacyInCallUI.apk
D/SurfaceFlinger(  272): FPS : 33.13
W/SurfaceFlinger(  272): Fail to Open /sys/devices/platform/gpusysfs/fps
I/GlRootView( 9842): surfaceChanged
I/GalleryEGLConfigChooser( 9842): Config chosen: R8 G8 B8 A8 D24 S8 ID7 CAVEAT12344 
D/SurfaceFlinger(  272): FPS : 33.13
W/SurfaceFlinger(  272): Fail to Open /sys/devices/platform/gpusysfs/fps
D/GlRootView( 9842): initializeGL = false
I/GlRootView( 9842): finalizeView layer = null, content = com.sec.samsung.gallery.view.detailview.DetailViewState$8@5e7f261, GlAvala
W/ResourcesManager(14709): Asset path '/system/framework/multiwindow.jar' does not exist or contains no resources.
D/GlRootView( 9842): initializeGL = true
I/GlRootView( 9842): renderLogic is changed : 0 -> 1
I/GlRootView( 9842): procSurfaceChanged = 1080, height = 1920
D/SurfaceFlinger(  272): FPS : 33.13
W/SurfaceFlinger(  272): Fail to Open /sys/devices/platform/gpusysfs/fps
I/ActivityManager(  870): Displayed Component not be shown by security: +1s800ms (total +1m4s584ms)
I/Timeline(  870): Timeline: Activity_windows_visible id: ActivityRecord{1cbda909 u0 com.sec.android.gallery3d/.app.Gallery t88} time:879380
D/RCPManagerService(  870): exchangeData() failure , invalid userId
D/RCPManagerService(  870): exchangeData() failure , invalid userId
W/ActivityManager(  870): mDVFSHelper.release()
I/WindowManager(  870): Screen frozen for +558ms due to Window{e14651e u0 com.sec.android.gallery3d/com.sec.android.gallery3d.app.Gallery}
D/SurfaceFlinger(  272): FPS : 15.90
W/SurfaceFlinger(  272): Fail to Open /sys/devices/platform/gpusysfs/fps
D/InputDispatcher(  870): setInputDispatchMode: enabled=1, frozen=0
D/RCPManagerService(  870): exchangeData() failure , invalid userId
D/RCPManagerService(  870): exchangeData() failure , invalid userId
D/SurfaceFlinger(  272): FPS : 15.90
W/SurfaceFlinger(  272): Fail to Open /sys/devices/platform/gpusysfs/fps
D/WifiDisplayAdapter(  870): getWifiDisplayStatusLocked: result=WifiDisplayStatus{featureState=1, scanState=0, activeDisplayState=0, activeDisplay=null, displays=[], sessionInfo=WifiDisplaySessionInfo: Client/Owner: Client GroupId:  Passphrase:  SessionId: 0 IP Address: , connectedState=-1, networkQoS=0}
D/NearbyUtils( 9842): set change player visible : false
I/GlAirMotionDetector( 9842): GlAirMotionDetector setting : disabled
D/EnhancedAssistantMenu( 9842): Register the EAM Receiver mRegistered : false
D/InputMethodManagerService(  870): windowGainedFocus mCurrentFocusedUserId - 0 and mSecureKeypadEnabled-false
W/ContextImpl(  870): Calling a method in the system process without a qualified user: android.app.ContextImpl.sendBroadcast:1699 com.android.server.InputMethodManagerService$6.run:2734 java.lang.Thread.run:818 <bottom of call stack> <bottom of call stack> 
D/SurfaceFlinger(  272): FPS : 15.90
W/SurfaceFlinger(  272): Fail to Open /sys/devices/platform/gpusysfs/fps
D/SurfaceFlinger(  272): FPS : 15.90
W/SurfaceFlinger(  272): Fail to Open /sys/devices/platform/gpusysfs/fps
D/SurfaceFlinger(  272): FPS : 15.90
W/SurfaceFlinger(  272): Fail to Open /sys/devices/platform/gpusysfs/fps
D/SurfaceFlinger(  272): FPS : 15.90
W/SurfaceFlinger(  272): Fail to Open /sys/devices/platform/gpusysfs/fps
D/SurfaceFlinger(  272): FPS : 15.90
W/SurfaceFlinger(  272): Fail to Open /sys/devices/platform/gpusysfs/fps
D/SurfaceFlinger(  272): FPS : 15.90
W/SurfaceFlinger(  272): Fail to Open /sys/devices/platform/gpusysfs/fps
D/SurfaceFlinger(  272): FPS : 15.90
W/SurfaceFlinger(  272): Fail to Open /sys/devices/platform/gpusysfs/fps
D/SurfaceFlinger(  272): FPS : 35.64
W/SurfaceFlinger(  272): Fail to Open /sys/devices/platform/gpusysfs/fps
D/SurfaceFlinger(  272): FPS : 35.64
W/SurfaceFlinger(  272): Fail to Open /sys/devices/platform/gpusysfs/fps
D/SurfaceFlinger(  272): FPS : 35.64
W/SurfaceFlinger(  272): Fail to Open /sys/devices/platform/gpusysfs/fps
D/SurfaceFlinger(  272): FPS : 35.64
W/SurfaceFlinger(  272): Fail to Open /sys/devices/platform/gpusysfs/fps
D/SurfaceFlinger(  272): FPS : 35.64
W/SurfaceFlinger(  272): Fail to Open /sys/devices/platform/gpusysfs/fps
D/SurfaceFlinger(  272): FPS : 35.64
W/SurfaceFlinger(  272): Fail to Open /sys/devices/platform/gpusysfs/fps
D/SurfaceFlinger(  272): FPS : 35.64
W/SurfaceFlinger(  272): Fail to Open /sys/devices/platform/gpusysfs/fps
D/SurfaceFlinger(  272): FPS : 35.64
W/SurfaceFlinger(  272): Fail to Open /sys/devices/platform/gpusysfs/fps
D/SurfaceFlinger(  272): FPS : 35.64
W/SurfaceFlinger(  272): Fail to Open /sys/devices/platform/gpusysfs/fps
D/SurfaceFlinger(  272): FPS : 35.64
W/SurfaceFlinger(  272): Fail to Open /sys/devices/platform/gpusysfs/fps
D/SurfaceFlinger(  272): FPS : 35.64
W/SurfaceFlinger(  272): Fail to Open /sys/devices/platform/gpusysfs/fps
D/SurfaceFlinger(  272): FPS : 35.64
W/SurfaceFlinger(  272): Fail to Open /sys/devices/platform/gpusysfs/fps
D/SurfaceFlinger(  272): FPS : 35.64
W/SurfaceFlinger(  272): Fail to Open /sys/devices/platform/gpusysfs/fps
V/WindowOrientationListener(  870): mSContextAutoRotationListener.getProposedRotation, mbResultFaceDectection: false
V/WindowOrientationListener(  870): mSContextAutoRotationListener.getProposedRotation, Rotation: 0
V/WindowOrientationListener(  870): mSContextAutoRotationListener.getProposedRotation, mbResultFaceDectection: false
V/WindowOrientationListener(  870): mSContextAutoRotationListener.getProposedRotation, Rotation: 0
V/WindowManager(  870): rotationForOrientationLw(orient=-1, last=0); user=0 USER_ROTATION_LOCKED sensorRotation=0 mLidState=-1 mDockMode=0 mHdmiPlugged=false
D/SurfaceFlinger(  272): FPS : 35.64
W/SurfaceFlinger(  272): Fail to Open /sys/devices/platform/gpusysfs/fps
I/art     (  870): Explicit concurrent mark sweep GC freed 30783(2MB) AllocSpace objects, 45(3MB) LOS objects, 24% free, 49MB/65MB, paused 3.570ms total 413.818ms
W/IInputConnectionWrapper( 8856): showStatusIcon on inactive InputConnection
D/SetDnieModeCmd( 9842): setmDNIeUIMode(6)
I/Timeline( 9842): Timeline: Activity_idle id: android.os.BinderProxy@29939cb0 time:879926
D/SurfaceFlinger(  272): FPS : 47.43
W/SurfaceFlinger(  272): Fail to Open /sys/devices/platform/gpusysfs/fps
V/ActivityThread( 8856): updateVisibility : ActivityRecord{2a6c64d7 token=android.os.BinderProxy@9496d00 {com.example.mif2019.CamRemote/com.example.mif2019.CamRemote.RemoteActivity}} show : false
D/SurfaceFlinger(  272): FPS : 47.43
W/SurfaceFlinger(  272): Fail to Open /sys/devices/platform/gpusysfs/fps
D/SurfaceFlinger(  272): FPS : 47.43
W/SurfaceFlinger(  272): Fail to Open /sys/devices/platform/gpusysfs/fps
D/SurfaceFlinger(  272): FPS : 47.43
W/SurfaceFlinger(  272): Fail to Open /sys/devices/platform/gpusysfs/fps
D/SurfaceFlinger(  272): FPS : 47.43
W/SurfaceFlinger(  272): Fail to Open /sys/devices/platform/gpusysfs/fps
D/RCPManagerService(  870): exchangeData() failure , invalid userId
D/RCPManagerService(  870): exchangeData() failure , invalid userId
D/RCPManagerService(  870): exchangeData() failure , invalid userId
D/RCPManagerService(  870): exchangeData() failure , invalid userId
W/ContextImpl( 9842): Failed to ensure directory: /storage/extSdCard/Android/data/com.sec.android.gallery3d/cache
D/NearbyUtils( 9842): set change player visible : true
D/WifiDisplayAdapter(  870): getWifiDisplayStatusLocked: result=WifiDisplayStatus{featureState=1, scanState=0, activeDisplayState=0, activeDisplay=null, displays=[], sessionInfo=WifiDisplaySessionInfo: Client/Owner: Client GroupId:  Passphrase:  SessionId: 0 IP Address: , connectedState=-1, networkQoS=0}
E/Vold    (  271): Failed to find mounted volume for /storage/extSdCard/Android/data/com.sec.android.gallery3d/cache/
W/Vold    (  271): Returning OperationFailed - no handler for errno 0
D/RCPManagerService(  870): exchangeData() failure , invalid userId
D/RCPManagerService(  870): exchangeData() failure , invalid userId
D/NearbyClient( 9842): playPendedPlayer
D/RCPManagerService(  870): exchangeData() failure , invalid userId
D/RCPManagerService(  870): exchangeData() failure , invalid userId
D/SurfaceFlinger(  272): FPS : 47.43
W/SurfaceFlinger(  272): Fail to Open /sys/devices/platform/gpusysfs/fps
W/System.err( 9842): android.content.pm.PackageManager$NameNotFoundException: com.dama.paperartist
D/SurfaceFlinger(  272): FPS : 47.43
W/SurfaceFlinger(  272): Fail to Open /sys/devices/platform/gpusysfs/fps
W/System.err( 9842): 	at android.app.ApplicationPackageManager.getPackageInfo(ApplicationPackageManager.java:137)
W/System.err( 9842): 	at com.sec.samsung.gallery.controller.ShareAppUtil.getPaperArtistClassName(ShareAppUtil.java:452)
W/System.err( 9842): 	at com.sec.samsung.gallery.controller.ShareAppUtil.createFilterList(ShareAppUtil.java:251)
W/System.err( 9842): 	at com.sec.samsung.gallery.controller.ShareAppUtil.getFilteredShareList(ShareAppUtil.java:395)
W/System.err( 9842): 	at com.sec.samsung.gallery.controller.LastShareAppCmd.getResolveInfo(LastShareAppCmd.java:293)
W/System.err( 9842): 	at com.sec.samsung.gallery.controller.LastShareAppCmd.getResolveInfo(LastShareAppCmd.java:273)
W/System.err( 9842): 	at com.sec.samsung.gallery.view.utils.MenuHelper.checkLastShareAppSupport(MenuHelper.java:395)
W/System.err( 9842): 	at com.sec.samsung.gallery.view.utils.MenuHelper.checkLastShareAppSupport(MenuHelper.java:368)
W/System.err( 9842): 	at com.sec.samsung.gallery.view.detailview.DetailActionBarForNormal.updateMenuOperations(DetailActionBarForNormal.java:514)
W/System.err( 9842): 	at com.sec.samsung.gallery.view.detailview.DetailActionBarForNormal.onPrepareOptionsMenu(DetailActionBarForNormal.java:162)
W/System.err( 9842): 	at com.sec.samsung.gallery.view.ActionBarManager.onPrepareOptionsMenu(ActionBarManager.java:88)
W/System.err( 9842): 	at com.sec.samsung.gallery.view.detailview.DetailViewState.onPrepareOptionMenu(DetailViewState.java:4370)
W/System.err( 9842): 	at com.sec.samsung.gallery.model.ViewStateProxy.oPrepareOptionMenu(ViewStateProxy.java:324)
W/System.err( 9842): 	at com.sec.samsung.gallery.controller.PrepareOptionMenuCmd.execute(PrepareOptionMenuCmd.java:25)
W/System.err( 9842): 	at org.puremvc.java.core.Controller.executeCommand(Controller.java:138)
W/System.err( 9842): 	at org.puremvc.java.core.Controller$1.onNotification(Controller.java:174)
W/System.err( 9842): 	at org.puremvc.java.patterns.observer.Observer.notifyObserver(Observer.java:87)
W/System.err( 9842): 	at org.puremvc.java.core.View.notifyObservers(View.java:134)
W/System.err( 9842): 	at org.puremvc.java.patterns.facade.Facade.notifyObservers(Facade.java:376)
W/System.err( 9842): 	at org.puremvc.java.patterns.facade.Facade.sendNotification(Facade.java:336)
W/System.err( 9842): 	at org.puremvc.java.patterns.facade.Facade.sendNotification(Facade.java:350)
W/System.err( 9842): 	at com.sec.android.gallery3d.app.Gallery.onPrepareOptionsMenu(Gallery.java:858)
W/System.err( 9842): 	at android.app.Activity.onPreparePanel(Activity.java:2970)
W/System.err( 9842): 	at com.android.internal.policy.impl.PhoneWindow.preparePanel(PhoneWindow.java:634)
W/System.err( 9842): 	at com.android.internal.policy.impl.PhoneWindow.doInvalidatePanelMenu(PhoneWindow.java:980)
W/System.err( 9842): 	at com.android.internal.policy.impl.PhoneWindow$1.run(PhoneWindow.java:308)
W/System.err( 9842): 	at android.view.Choreographer$CallbackRecord.run(Choreographer.java:777)
W/System.err( 9842): 	at android.view.Choreographer.doCallbacks(Choreographer.java:590)
W/System.err( 9842): 	at android.view.Choreographer.doFrame(Choreographer.java:559)
W/System.err( 9842): 	at android.view.Choreographer$FrameDisplayEventReceiver.run(Choreographer.java:763)
W/System.err( 9842): 	at android.os.Handler.handleCallback(Handler.java:739)
W/System.err( 9842): 	at android.os.Handler.dispatchMessage(Handler.java:95)
W/System.err( 9842): 	at android.os.Looper.loop(Looper.java:145)
W/System.err( 9842): 	at android.app.ActivityThread.main(ActivityThread.java:5942)
W/System.err( 9842): 	at java.lang.reflect.Method.invoke(Native Method)
W/System.err( 9842): 	at java.lang.reflect.Method.invoke(Method.java:372)
W/System.err( 9842): 	at com.android.internal.os.ZygoteInit$MethodAndArgsCaller.run(ZygoteInit.java:1399)
W/System.err( 9842): 	at com.android.internal.os.ZygoteInit.main(ZygoteInit.java:1194)
D/ResourcesManager( 9842): creating new AssetManager and set to /data/app/jp.naver.linecamera.android-2.apk
D/SurfaceFlinger(  272): FPS : 47.43
W/SurfaceFlinger(  272): Fail to Open /sys/devices/platform/gpusysfs/fps
D/SurfaceFlinger(  272): FPS : 47.43
W/SurfaceFlinger(  272): Fail to Open /sys/devices/platform/gpusysfs/fps
W/ResourceType( 9842): No package identifier when getting value for resource number 0x00000000
W/PackageManager( 9842): Failure retrieving resources for jp.naver.linecamera.android: Resource ID #0x0
D/SurfaceFlinger(  272): FPS : 34.05
W/SurfaceFlinger(  272): Fail to Open /sys/devices/platform/gpusysfs/fps
D/RCPManagerService(  870): exchangeData() failure , invalid userId
D/RCPManagerService(  870): exchangeData() failure , invalid userId
D/NearbyUtils( 9842): set change player visible : true
D/RCPManagerService(  870): exchangeData() failure , invalid userId
D/RCPManagerService(  870): exchangeData() failure , invalid userId
D/SurfaceFlinger(  272): FPS : 34.05
W/SurfaceFlinger(  272): Fail to Open /sys/devices/platform/gpusysfs/fps
D/RCPManagerService(  870): exchangeData() failure , invalid userId
D/RCPManagerService(  870): exchangeData() failure , invalid userId
D/SurfaceFlinger(  272): FPS : 34.05
W/SurfaceFlinger(  272): Fail to Open /sys/devices/platform/gpusysfs/fps
D/RCPManagerService(  870): exchangeData() failure , invalid userId
D/RCPManagerService(  870): exchangeData() failure , invalid userId
D/RCPManagerService(  870): exchangeData() failure , invalid userId
D/SurfaceFlinger(  272): FPS : 34.05
W/SurfaceFlinger(  272): Fail to Open /sys/devices/platform/gpusysfs/fps
D/RCPManagerService(  870): exchangeData() failure , invalid userId
D/RCPManagerService(  870): exchangeData() failure , invalid userId
D/RCPManagerService(  870): exchangeData() failure , invalid userId
D/RCPManagerService(  870): exchangeData() failure , invalid userId
D/NearbyUtils( 9842): set change player visible : true
D/RCPManagerService(  870): exchangeData() failure , invalid userId
D/RCPManagerService(  870): exchangeData() failure , invalid userId
D/WifiDisplayAdapter(  870): getWifiDisplayStatusLocked: result=WifiDisplayStatus{featureState=1, scanState=0, activeDisplayState=0, activeDisplay=null, displays=[], sessionInfo=WifiDisplaySessionInfo: Client/Owner: Client GroupId:  Passphrase:  SessionId: 0 IP Address: , connectedState=-1, networkQoS=0}
D/SurfaceFlinger(  272): FPS : 34.05
W/SurfaceFlinger(  272): Fail to Open /sys/devices/platform/gpusysfs/fps
D/SurfaceFlinger(  272): FPS : 34.05
W/SurfaceFlinger(  272): Fail to Open /sys/devices/platform/gpusysfs/fps
D/SurfaceFlinger(  272): FPS : 34.05
W/SurfaceFlinger(  272): Fail to Open /sys/devices/platform/gpusysfs/fps
D/SurfaceFlinger(  272): FPS : 34.05
W/SurfaceFlinger(  272): Fail to Open /sys/devices/platform/gpusysfs/fps
D/SurfaceFlinger(  272): FPS : 34.05
W/SurfaceFlinger(  272): Fail to Open /sys/devices/platform/gpusysfs/fps
D/SurfaceFlinger(  272): FPS : 34.05
W/SurfaceFlinger(  272): Fail to Open /sys/devices/platform/gpusysfs/fps
D/SurfaceFlinger(  272): FPS : 34.05
W/SurfaceFlinger(  272): Fail to Open /sys/devices/platform/gpusysfs/fps
D/SurfaceFlinger(  272): FPS : 34.05
W/SurfaceFlinger(  272): Fail to Open /sys/devices/platform/gpusysfs/fps
W/art     ( 9842): Suspending all threads took: 9.338ms
I/art     ( 9842): Background partial concurrent mark sweep GC freed 1882(121KB) AllocSpace objects, 7(8MB) LOS objects, 23% free, 51MB/67MB, paused 17.333ms total 84.960ms
E/ActivityManager(  870): checkUser: useridlist=null, currentuser=0
E/ActivityManager(  870): checkUser: useridlist=null, currentuser=0
E/ActivityManager(  870): checkUser: useridlist=null, currentuser=0
E/ActivityManager(  870): checkUser: useridlist=null, currentuser=0
E/Zygote  (14783): MountEmulatedStorage()
E/Zygote  (14783): v2
I/SELinux (14783): Function: selinux_compare_spd_ram, SPD-policy is existed. and_ver=SEPF_SAMSUNG-SGH-I337_5.0.1 ver=38
I/libpersona(14783): KNOX_SDCARD checking this for 10048
I/libpersona(14783): KNOX_SDCARD not a persona
I/SELinux (14783): Function: selinux_compare_spd_ram , priority [1] , priority version is VE=SEPF_SAMSUNG-SGH-I337_5.0.1_0038
E/SELinux (14783): [DEBUG] get_category: variable seinfo: release sensitivity: NULL, cateogry: NULL
I/ActivityManager(  870): Start proc com.sec.android.app.myfiles for preferred application com.sec.android.app.myfiles: pid=14783 uid=10048 gids={50048, 9997, 1028, 1015, 1023} abi=armeabi-v7a
D/SurfaceFlinger(  272): FPS : 42.45
W/SurfaceFlinger(  272): Fail to Open /sys/devices/platform/gpusysfs/fps
D/ResourcesManager(14783): creating new AssetManager and set to /system/priv-app/SecNoteMyFiles/SecNoteMyFiles.apk
D/PreDisplayScreen( 9842): PreDisplayScreen hideScreenNail
W/ResourcesManager(14783): Asset path '/system/framework/twframework.jar' does not exist or contains no resources.
W/ResourcesManager(14783): Asset path '/system/framework/sec_feature.jar' does not exist or contains no resources.
W/ResourcesManager(14783): Asset path '/system/framework/secvision.jar' does not exist or contains no resources.
D/SurfaceFlinger(  272): FPS : 42.45
W/SurfaceFlinger(  272): Fail to Open /sys/devices/platform/gpusysfs/fps
D/SurfaceFlinger(  272): FPS : 42.45
W/SurfaceFlinger(  272): Fail to Open /sys/devices/platform/gpusysfs/fps
D/SurfaceFlinger(  272): FPS : 42.45
W/SurfaceFlinger(  272): Fail to Open /sys/devices/platform/gpusysfs/fps
D/PreDisplayScreen( 9842): PreDisplayScreen hideScreenNail
D/SurfaceFlinger(  272): FPS : 42.45
W/SurfaceFlinger(  272): Fail to Open /sys/devices/platform/gpusysfs/fps
D/SurfaceFlinger(  272): FPS : 42.45
W/SurfaceFlinger(  272): Fail to Open /sys/devices/platform/gpusysfs/fps
D/ALSADevice(  303): standby: handle 0xb3e57700 h 0x0
V/ALSADevice(  303): standby handle h 0xb3e79c00
D/SurfaceFlinger(  272): FPS : 42.45
W/SurfaceFlinger(  272): Fail to Open /sys/devices/platform/gpusysfs/fps
D/SurfaceFlinger(  272): FPS : 42.45
W/SurfaceFlinger(  272): Fail to Open /sys/devices/platform/gpusysfs/fps
D/SurfaceFlinger(  272): FPS : 42.45
W/SurfaceFlinger(  272): Fail to Open /sys/devices/platform/gpusysfs/fps
D/SurfaceFlinger(  272): FPS : 42.45
W/SurfaceFlinger(  272): Fail to Open /sys/devices/platform/gpusysfs/fps
D/SurfaceFlinger(  272): FPS : 42.45
W/SurfaceFlinger(  272): Fail to Open /sys/devices/platform/gpusysfs/fps
D/SurfaceFlinger(  272): FPS : 42.45
W/SurfaceFlinger(  272): Fail to Open /sys/devices/platform/gpusysfs/fps
D/SurfaceFlinger(  272): FPS : 45.00
W/SurfaceFlinger(  272): Fail to Open /sys/devices/platform/gpusysfs/fps
D/SurfaceFlinger(  272): FPS : 45.00
W/SurfaceFlinger(  272): Fail to Open /sys/devices/platform/gpusysfs/fps
D/SurfaceFlinger(  272): FPS : 45.00
W/SurfaceFlinger(  272): Fail to Open /sys/devices/platform/gpusysfs/fps
D/alsa_ucm(  303): snd_use_case_set(): uc_mgr 0xb3e18510 identifier _dismod value Play Music
D/alsa_ucm(  303): Set mixer controls for Play Music enable 0
D/alsa_ucm(  303): Setting mixer control: SLIMBUS_0_RX Audio Mixer MultiMedia1, value: 0
V/ALSADevice(  303): use case is HiFi Rec
V/ALSADevice(  303): Number of modifiers 0
V/ALSADevice(  303): usecase_type is 2
D/alsa_ucm(  303): snd_use_case_set(): uc_mgr 0xb3e18510 identifier _disdev value Speaker
D/alsa_ucm(  303): Set mixer controls for Speaker enable 0
D/alsa_ucm(  303): Setting mixer control: RX5 MIX1 INP1, value: ZERO
D/SurfaceFlinger(  272): FPS : 45.00
W/SurfaceFlinger(  272): Fail to Open /sys/devices/platform/gpusysfs/fps
D/alsa_ucm(  303): Setting mixer control: RX5 MIX1 INP2, value: ZERO
D/alsa_ucm(  303): Setting mixer control: LINEOUT2 Volume, value: 0
D/alsa_ucm(  303): Setting mixer control: LINEOUT4 Volume, value: 0
D/alsa_ucm(  303): Setting mixer control: RX5 Digital Volume, value: 0
D/SurfaceFlinger(  272): FPS : 45.00
W/SurfaceFlinger(  272): Fail to Open /sys/devices/platform/gpusysfs/fps
D/SurfaceFlinger(  272): FPS : 45.00
W/SurfaceFlinger(  272): Fail to Open /sys/devices/platform/gpusysfs/fps
D/SurfaceFlinger(  272): FPS : 45.00
W/SurfaceFlinger(  272): Fail to Open /sys/devices/platform/gpusysfs/fps
D/SurfaceFlinger(  272): FPS : 45.00
W/SurfaceFlinger(  272): Fail to Open /sys/devices/platform/gpusysfs/fps
D/SurfaceFlinger(  272): FPS : 45.00
W/SurfaceFlinger(  272): Fail to Open /sys/devices/platform/gpusysfs/fps
E/Diag_Lib(14802):  Diag_LSM_Init: Failed to open handle to diag driver, error = 2
D/SurfaceFlinger(  272): FPS : 45.00
W/SurfaceFlinger(  272): Fail to Open /sys/devices/platform/gpusysfs/fps
W/ExifParser( 9842): Number of component is larger then MAX_COMPONENT_COUNT : 4104
D/SurfaceFlinger(  272): FPS : 45.00
W/SurfaceFlinger(  272): Fail to Open /sys/devices/platform/gpusysfs/fps
W/ExifParser( 9842): Number of component is larger then MAX_COMPONENT_COUNT : 4104
D/SurfaceFlinger(  272): FPS : 45.00
W/SurfaceFlinger(  272): Fail to Open /sys/devices/platform/gpusysfs/fps
D/SurfaceFlinger(  272): FPS : 45.00
W/SurfaceFlinger(  272): Fail to Open /sys/devices/platform/gpusysfs/fps
W/ExifParser( 9842): Number of component is larger then MAX_COMPONENT_COUNT : 4104
D/SurfaceFlinger(  272): FPS : 45.00
W/SurfaceFlinger(  272): Fail to Open /sys/devices/platform/gpusysfs/fps
W/ExifParser( 9842): Number of component is larger then MAX_COMPONENT_COUNT : 4104
D/SurfaceFlinger(  272): FPS : 45.00
W/SurfaceFlinger(  272): Fail to Open /sys/devices/platform/gpusysfs/fps
D/SurfaceFlinger(  272): FPS : 56.50
W/SurfaceFlinger(  272): Fail to Open /sys/devices/platform/gpusysfs/fps
W/ExifParser( 9842): Number of component is larger then MAX_COMPONENT_COUNT : 4104
D/SurfaceFlinger(  272): FPS : 56.50
W/SurfaceFlinger(  272): Fail to Open /sys/devices/platform/gpusysfs/fps
W/ExifParser( 9842): Number of component is larger then MAX_COMPONENT_COUNT : 4104
D/SurfaceFlinger(  272): FPS : 56.50
W/SurfaceFlinger(  272): Fail to Open /sys/devices/platform/gpusysfs/fps
W/ExifParser( 9842): Number of component is larger then MAX_COMPONENT_COUNT : 4104
D/SurfaceFlinger(  272): FPS : 56.50
W/SurfaceFlinger(  272): Fail to Open /sys/devices/platform/gpusysfs/fps
D/SurfaceFlinger(  272): FPS : 56.50
W/SurfaceFlinger(  272): Fail to Open /sys/devices/platform/gpusysfs/fps
D/SurfaceFlinger(  272): FPS : 56.50
W/SurfaceFlinger(  272): Fail to Open /sys/devices/platform/gpusysfs/fps
D/SurfaceFlinger(  272): FPS : 56.50
W/SurfaceFlinger(  272): Fail to Open /sys/devices/platform/gpusysfs/fps
D/SurfaceFlinger(  272): FPS : 56.50
W/SurfaceFlinger(  272): Fail to Open /sys/devices/platform/gpusysfs/fps
W/ExifParser( 9842): Number of component is larger then MAX_COMPONENT_COUNT : 4104
D/SurfaceFlinger(  272): FPS : 56.50
W/SurfaceFlinger(  272): Fail to Open /sys/devices/platform/gpusysfs/fps
D/GalleryStartAnimationChecker( 9842): setStop() : true
D/GalleryStartAnimationChecker( 9842): setStop() : true
I/art     (  870): Explicit concurrent mark sweep GC freed 7891(462KB) AllocSpace objects, 1(16KB) LOS objects, 24% free, 48MB/64MB, paused 2.380ms total 218.963ms
D/InputReader(  870): Input event: value=1
V/Vibrator(  870): Called vibrateImmVibe(int, MagnitudeType) API - PUID: 1000, PackageName: android
V/Vibrator(  870): vibrateImmVibe - PUID: 1000, PackageName: android, type: 14, mag: 6000
I/AudioPolicyManager_legacy(  303): getAudioPolicyConfig: situation=1;device=0
I/AudioPolicyManager_legacy(  303): getSituationVolume: isBTConnected:0 isHeadConnected:0
V/AudioPolicyManager_legacy(  303): deviceInt = 0, situationInt = 1, situationVolume = 0.800000
V/VibratorService(  870): hasVibrator - useVibetonz: true
D/VibratorService(  870): Turning vibrator off - ImmVibe.
V/VibratorService(  870): vibrateImmVibe - package: android, type: 14, magnitude: 6000
D/PowerManagerService(  870): [input device light] setInputDeviceLightOn is called : 1
D/PowerManagerService(  870): [input device light] handleInputDeviceLightOn
V/AudioPolicyManager_legacy(  303): getOutput() device 2, stream 1, samplingRate 0, format 0, channelMask 0, flags 3
V/AudioPolicyManager_legacy(  303): getOutputsForDevice device 0002 -> 0002
V/AudioPolicyManager_legacy(  303): getOutput() returns output 2
V/AudioPolicyManager_legacy(  303): getOutput() device 2, stream 1, samplingRate 0, format 0, channelMask 0, flags 3
V/AudioPolicyManager_legacy(  303): getOutputsForDevice device 0002 -> 0002
V/AudioPolicyManager_legacy(  303): getOutput() returns output 2
V/AudioPolicyManager_legacy(  303): getOutputForAttr() usage=13, content=4, tag= flags=00000000
V/AudioPolicyManager_legacy(  303): getOutputForAttr() device 2, samplingRate 48000, format 1, channelMask 1, flags 4
V/AudioPolicyManager_legacy(  303): getOutputsForDevice device 0002 -> 0002
V/AudioPolicyManager_legacy(  303): getOutput() returns output 2
I/InputDispatcher(  870): Delivering key to (9842): action: 0x0 (0)
E/AudioTrack(  870): AudioTrack::set : Exit
V/AudioPolicyManager_legacy(  303): startOutput() output 2, stream 1, session 60
V/AudioPolicyManager_legacy(  303): changeRefCount() stream 1, count 1
V/AudioPolicyManager_legacy(  303): getNewOutputDevice() selected device 2
V/AudioPolicyManager_legacy(  303): setOutputDevice() output 2 device 0002 delayMs 0
V/AudioPolicyManager_legacy(  303): setOutputDevice() prevDevice 0002
V/AudioPolicyManager_legacy(  303): setOutputDevice() setting same device 0002 or null device for output 2
D/ALSADevice(  303): route: devices 0x2 in mode 0
V/ALSADevice(  303): switchDevice: device 0x2 mode:0
V/ALSADevice(  303): getUCMDevice for output device: devices:2 is input device:0
V/ALSADevice(  303): getUCMDevice for input device: devices:0 is input device:1
D/ALSADevice(  303): No valid input device: 0
V/ALSADevice(  303): switchDevice,rxDev:Speaker, txDev:(null), curRxDev:Speaker, curTxDev:VR Main Mic
D/alsa_ucm(  303): snd_use_case_set(): uc_mgr 0xb3e18510 identifier _enadev value Speaker
D/ALSADevice(  303): switchDevice: mCurTxUCMDevivce VR Main Mic mCurRxDevDevice Speaker inCallDevSwitch = 0
V/ALSADevice(  303): switchDevice Done
D/alsa_ucm(  303): snd_use_case_set(): uc_mgr 0xb3e18510 identifier _enamod value Play Music
D/alsa_ucm(  303): Set mixer controls for Speaker enable 1
D/alsa_ucm(  303): acdb_id 15 cap 1 enable 1
D/ACDB-LOADER(  303): ACDB -> send_audio_cal, acdb_id = 15, path =  0
D/ACDB-LOADER(  303): ACDB -> send_adm_topology
D/ACDB-LOADER(  303): ACDB -> ACDB_CMD_GET_AUDPROC_COMMON_TOPOLOGY_ID
D/ACDB-LOADER(  303): ACDB -> send_asm_topology
D/ACDB-LOADER(  303): ACDB -> ACDB_CMD_GET_AUDPROC_STREAM_TOPOLOGY_ID
D/ACDB-LOADER(  303): ACDB -> send_audtable
D/ACDB-LOADER(  303): ACDB -> ACDB_CMD_GET_AUDPROC_COMMON_TABLE
D/ACDB-LOADER(  303): ACDB -> AUDIO_SET_AUDPROC_CAL
D/ACDB-LOADER(  303): ACDB -> send_audvoltable
D/ACDB-LOADER(  303): ACDB -> ACDB_CMD_GET_AUDPROC_GAIN_DEP_VOLTBL_STEP_COPP
E/ACDB-LOADER(  303): Error: ACDB AudProc vol returned = -8
D/ACDB-LOADER(  303): ACDB -> AUDIO_SET_AUDPROC_VOL_CAL
D/ACDB-LOADER(  303): ACDB -> send_afe_cal
D/ACDB-LOADER(  303): ACDB -> ACDB_CMD_GET_AFE_COMMON_TABLE
D/ACDB-LOADER(  303): ACDB -> AUDIO_SET_AFE_CAL
D/ACDB-LOADER(  303): ACDB -> send_hw_delay : acdb_id = 15 path = 0
D/ACDB-LOADER(  303): ACDB -> ACDB_CMD_GET_DEVICE_PROPERTY_SIZE
D/ACDB-LOADER(  303): ACDB -> ACDB_AVSYNC_INFO: ACDB_CMD_GET_DEVICE_PROPERTY
D/ACDB-LOADER(  303): send_hw_delay id = 15 delay_num_entries = 1 result = 0
D/alsa_ucm(  303): Setting mixer control: SLIM_0_RX Channels, value: Two
D/alsa_ucm(  303): Setting mixer control: RX5 MIX1 INP1, value: RX1
V/AudioPolicyManager_legacy(  303): releaseOutput() 2
D/alsa_ucm(  303): Setting mixer control: RX5 MIX1 INP2, value: RX2
D/alsa_ucm(  303): Setting mixer control: RX6 DSM MUX, value: DSM_INV
D/alsa_ucm(  303): Setting multi value: LINEOUT2 Volume
D/alsa_ucm(  303): Setting multi value: LINEOUT4 Volume
D/alsa_ucm(  303): Setting multi value: RX5 Digital Volume
D/alsa_ucm(  303): Set mixer controls for Play Music enable 1
D/alsa_ucm(  303): Setting mixer control: SLIMBUS_0_RX Audio Mixer MultiMedia1, value: 1
D/ALSADevice(  303): close: handle 0xb3e57700 h 0x0
D/ALSADevice(  303): open: handle 0xb3e57700, format 0x2
V/ALSADevice(  303): Music case
D/ALSADevice(  303): Device value returned is hw:0,0
V/ALSADevice(  303): flags 0, devName hw:0,0
V/ALSADevice(  303): pcm_open returned fd 36
D/ALSADevice(  303): handle->format: 0x2
D/ALSADevice(  303): setHardwareParams: reqBuffSize 2048 channels 2 sampleRate 48000
D/ALSADevice(  303): setHardwareParams: buffer_size 16384, period_size 2048, period_cnt 8
D/Gallery ( 9842): onKeyDown isBackPressed = true
D/InputReader(  870): Input event: value=0
I/InputDispatcher(  870): Delivering key to (9842): action: 0x1 (0)
D/RCPManagerService(  870): exchangeData() failure , invalid userId
D/RCPManagerService(  870): exchangeData() failure , invalid userId
D/Gallery ( 9842): onBackPressed Verification Log
D/SoundSceneCmd( 9842): cmdType : STOP_PLAY_SOUND
D/MotionRecognitionManager( 9842): @ member 0 =  
E/MotionRecognitionService(  870): setMotionCMD 307
E/MotionRecognitionService(  870): disable_sensor 
E/MotionRecognitionService(  870): setMotionCMD 301
E/MotionRecognitionService(  870): setMotionCMD 303
E/MotionRecognitionService(  870): setMotionCMD 305
E/MotionRecognitionService(  870): setMotionCMD 309
D/MotionEngine(  870): [@@@SR Motion Engine @@@] finalize
D/SensorService(  870): [SO] activate (ident=0xad422280, enabled=0)
D/MotionRecognitionService(  870):  open api 0
D/MotionRecognitionService(  870):   .unregisterCallback : 0, client= 
D/SensorManager(  870): unregisterListener ::   
I/MotionRecognitionManager( 9842):   .unregisterListener : / listener count = 1->0,  
D/MotionRecognitionService(  870):   .finalizeMotionEngine
D/PointerIcon(  870): setHoveringSpenIconStyle1 pointerType: 10001iconType:1 flag:0
D/PointerIcon(  870): setHoveringSpenCustomIcon IconType is same.1
D/SetDnieModeCmd( 9842): setmDNIeUIMode(0)
D/AbstractViewBeam( 9842): unregister setting observer
D/SoundSceneCmd( 9842): cmdType : STOP_PLAY_SOUND
I/GlAirMotionDetector( 9842): GlAirMotionDetector unregister broadcast receiver
V/ViewStateProxy( 9842): no more state, finish activity
I/Gallery_Performance( 9842): Gallery onPause Start
D/GalleryStartAnimationChecker( 9842): setStop() : false
V/AudioPolicyManager_legacy(  303): stopOutput() output 2, stream 1, session 60
V/AudioPolicyManager_legacy(  303): changeRefCount() stream 1, count 0
V/AudioPolicyManager_legacy(  303): getNewOutputDevice() selected device 0
V/AudioPolicyManager_legacy(  303): setOutputDevice() output 2 device 0000 delayMs 192
V/AudioPolicyManager_legacy(  303): setOutputDevice() prevDevice 0002
V/AudioPolicyManager_legacy(  303): setOutputDevice() setting same device 0000 or null device for output 2
I/Gallery_Performance( 9842): Gallery onPause End
W/ActivityManager(  870): mDVFSHelper.acquire()
V/WindowOrientationListener(  870): mSContextAutoRotationListener.getProposedRotation, mbResultFaceDectection: false
V/WindowOrientationListener(  870): mSContextAutoRotationListener.getProposedRotation, Rotation: 0
V/WindowOrientationListener(  870): mSContextAutoRotationListener.getProposedRotation, mbResultFaceDectection: false
V/WindowOrientationListener(  870): mSContextAutoRotationListener.getProposedRotation, Rotation: 0
V/WindowManager(  870): rotationForOrientationLw(orient=0, last=0); user=0 USER_ROTATION_LOCKED sensorRotation=0 mLidState=-1 mDockMode=0 mHdmiPlugged=false
D/SamsungWindowManager(  870): setRotationLw() : rotation=1
D/InputDispatcher(  870): setInputDispatchMode: enabled=1, frozen=1
D/SurfaceFlinger(  272): FPS : 5.81
W/SurfaceFlinger(  272): Fail to Open /sys/devices/platform/gpusysfs/fps
D/PointerIcon(  870): setMouseIconStyle1 pointerType: 1001iconType:101 flag:0
D/SurfaceFlinger(  272): FPS : 5.81
D/PointerIcon(  870): setMouseCustomIcon IconType is same.101
W/SurfaceFlinger(  272): Fail to Open /sys/devices/platform/gpusysfs/fps
D/PointerIcon(  870): setHoveringSpenIconStyle1 pointerType: 10001iconType:1 flag:0
D/PointerIcon(  870): setHoveringSpenCustomIcon IconType is same.1
I/ActivityManager(  870): Config changes=480 {0 1.0 ?mcc?mnc en_US ldltr sw360dp w640dp h335dp 480dpi nrml long land finger -keyb/v/h -nav/h s.10}
V/ActivityManager(  870): Display changed displayId=0
I/InputReader(  870): Reconfiguring input devices.  changes=0x00000004
I/InputReader(  870): Device reconfigured: id=10, name='sec_touchscreen', size 1080x1920, orientation 1, mode 1, display id 0
D/SurfaceFlinger(  272): FPS : 5.81
W/SurfaceFlinger(  272): Fail to Open /sys/devices/platform/gpusysfs/fps
I/InputReader(  870): Reconfiguring input devices.  changes=0x00000004
D/SurfaceFlinger(  272): FPS : 5.81
W/SurfaceFlinger(  272): Fail to Open /sys/devices/platform/gpusysfs/fps
W/ContextImpl(  870): Calling a method in the system process without a qualified user: android.app.ContextImpl.sendBroadcast:1699 com.android.internal.policy.impl.PhoneWindowManager.notifyToSSRM:5606 com.android.internal.policy.impl.PhoneWindowManager.access$600:192 com.android.internal.policy.impl.PhoneWindowManager$PolicyHandler.handleMessage:806 android.os.Handler.dispatchMessage:102 
D/Recents_AlternateRecentsComponent( 1265): reloadHeaderBarLayout is getting called
D/VolumePanel( 1265): ===== Start onConfigurationChanged =====
D/VolumePanel( 1265): onConfigurationChanged : call updateLayout
D/VolumePanel( 1265): ===== Start updateLayout =====
D/VolumePanel( 1265): updateLayout : lp.width = 951, lp.y = 129
D/StatusBar-QSPanel( 1265): updateButtonInfo mButtonWidth : 234 mColumns:8 orien: 2 displayWidth:1872
D/Recents_TaskViewHeader( 1265): onFinishInflate
D/KeyguardUpdateMonitor( 1265): updateCMASText( show = false )
W/Settings( 1265): Setting airplane_mode_on has moved from android.provider.Settings.System to android.provider.Settings.Global, returning read-only value.
I/SamsungIME( 1815): [Before] hardKeyboardHidden(2) keyboardType(1)
I/SamsungIME( 1815):          mHwKeyboardShown [isHWKeyboardOpen()] = false --> false
E/SamsungIME( 1815):          isHWKeyboardConnected() = false --> false
I/SamsungIME( 1815): [hasToCallSuper] true
D/PanelView( 1265): There is/are notification(s) 
D/PanelView( 1265): onConfigurationChanged
D/PanelView( 1265): mQsDetailviewPanelHeight : 921
D/StatusBar-QSPanel( 1265): setSingleLine:true
D/StatusBar-QSPanel( 1265): updateButtonInfo mButtonWidth : 234 mColumns:8 orien: 2 displayWidth:1872
D/StatusBar-QSPanel( 1265): setSingleLine height:0
I/DrivingModeTile( 1265): handleUpdateState state :  MultiState[visible=true,iconId=2130838910,icon=null,label=Hands-free
I/DrivingModeTile( 1265): mode,contentDescription=Hands-free mode is off.,dualLabelContentDescription=null,alpha=1.0,imageAlpha=1.0,textAlpha=1.0,textTruncate=false,tintColor =-1,autoMirrorDrawable=true,value=2]
I/DrivingModeTile( 1265): handleUpdateState value :  2
D/BluetoothTile( 1265):  handleUpdatestate:false name:null
D/STATUSBAR-QSTileView( 1265): dynamicallyReduceTextSize: 206
D/STATUSBAR-QSTileView( 1265): dynamicallyReduceTextSize: 206
D/STATUSBAR-QSTileView( 1265): dynamicallyReduceTextSize: 206
D/STATUSBAR-QSTileView( 1265): dynamicallyReduceTextSize: 206
D/STATUSBAR-QSTileView( 1265): dynamicallyReduceTextSize: 206
D/STATUSBAR-QSTileView( 1265): dynamicallyReduceTextSize: 206
D/STATUSBAR-QSTileView( 1265): dynamicallyReduceTextSize: 206
D/STATUSBAR-QSTileView( 1265): dynamicallyReduceTextSize: 206
D/STATUSBAR-QSTileView( 1265): dynamicallyReduceTextSize: 206
D/STATUSBAR-QSTileView( 1265): dynamicallyReduceTextSize: 206
D/STATUSBAR-QSTileView( 1265): dynamicallyReduceTextSize: 0
D/STATUSBAR-QSTileView( 1265): dynamicallyReduceTextSize: 0
D/STATUSBAR-QSTileView( 1265): dynamicallyReduceTextSize: 0
D/STATUSBAR-QSTileView( 1265): dynamicallyReduceTextSize: 0
D/STATUSBAR-QSTileView( 1265): dynamicallyReduceTextSize: 0
D/STATUSBAR-QSTileView( 1265): dynamicallyReduceTextSize: 0
D/STATUSBAR-QSTileView( 1265): dynamicallyReduceTextSize: 0
D/STATUSBAR-QSTileView( 1265): dynamicallyReduceTextSize: 0
D/STATUSBAR-QSTileView( 1265): dynamicallyReduceTextSize: 0
D/ConnectivityService(  870): returning getNetworkInfo(networkType - 1) :[type: WIFI[] - WIFI, state: DISCONNECTED/DISCONNECTED, reason: (unspecified), extra: (none), roaming: false, failover: false, isAvailable: true, isConnectedToProvisioningNetwork: false]
D/SSRM:a  (  870): DeviceInfo:: 000000000000
D/SSRM:a  (  870): SettingsAirViewInfo:: 000000000
D/RemoteActivity( 8856): Activity onResume
D/RemoteActivity( 8856): Tell camera to start preview again after flush
D/RemoteActivity( 8856): Invoking sendMessage
D/BTChatServiceRemote( 8856): Sending message to Camera
D/ActivityManager(  870): post active user change for 0
D/KnoxTimeoutHandler(  870): postActiveUserChange for user 0
E/SmartFaceService(  870): onReceive: android.intent.action.CONFIGURATION_CHANGED
E/SmartFaceService(  870): mFolderCoverOpened: (true, true) -> true
E/Tethering(  870): No numeric data
D/AudioService(  870): cameraSoundForced : false mCameraSoundForced : false
D/KnoxTimeoutHandler(  870): handleActiveUserChange for user 0
D/PointerIcon(  870): setMouseIconStyle1 pointerType: 1001iconType:101 flag:0
D/PointerIcon(  870): setMouseCustomIcon IconType is same.101
D/PointerIcon(  870): setHoveringSpenIconStyle1 pointerType: 10001iconType:1 flag:0
D/PointerIcon(  870): setHoveringSpenCustomIcon IconType is same.1
D/StatusBarManagerService(  870): manageDisableList userId=0 what=0x0 pkg=WindowManager.LayoutParams
D/SSRM:a  (  870): DeviceInfo:: 000000000000
W/ContextImpl(  870): Calling a method in the system process without a qualified user: android.app.ContextImpl.sendBroadcast:1699 com.android.internal.policy.impl.PhoneWindowManager.notifyToSSRM:5606 com.android.internal.policy.impl.PhoneWindowManager.access$600:192 com.android.internal.policy.impl.PhoneWindowManager$PolicyHandler.handleMessage:806 android.os.Handler.dispatchMessage:102 
D/SSRM:a  (  870): SettingsAirViewInfo:: 000000000
D/SSRM:a  (  870): DeviceInfo:: 000000000000
D/SSRM:a  (  870): SettingsAirViewInfo:: 000000000
D/ConnectivityService(  870): returning getNetworkInfo(networkType - 1) :[type: WIFI[] - WIFI, state: DISCONNECTED/DISCONNECTED, reason: (unspecified), extra: (none), roaming: false, failover: false, isAvailable: true, isConnectedToProvisioningNetwork: false]
D/SurfaceFlinger(  272): FPS : 5.81
W/SurfaceFlinger(  272): Fail to Open /sys/devices/platform/gpusysfs/fps
I/GlRootView( 9842): surfaceDestroyed
I/GlRootView( 9842): finalizeView layer = null, content = null, GlAvala
W/ResourceType( 1537): Failure getting entry for 0x7f020036 (t=1 e=54) (error -75)
W/ImageView( 1537): Unable to find resource: 2130837558
W/ImageView( 1537): android.content.res.Resources$NotFoundException: Resource ID #0x7f020036
W/ImageView( 1537): 	at android.content.res.Resources.getValue(Resources.java:2345)
W/ImageView( 1537): 	at android.content.res.Resources.getDrawable(Resources.java:1850)
W/ImageView( 1537): 	at android.content.Context.getDrawable(Context.java:408)
W/ImageView( 1537): 	at android.widget.ImageView.resolveUri(ImageView.java:752)
W/ImageView( 1537): 	at android.widget.ImageView.setImageResource(ImageView.java:408)
W/ImageView( 1537): 	at java.lang.reflect.Method.invoke(Native Method)
W/ImageView( 1537): 	at java.lang.reflect.Method.invoke(Method.java:372)
W/ImageView( 1537): 	at android.widget.RemoteViews$ReflectionAction.apply(RemoteViews.java:1416)
W/ImageView( 1537): 	at android.widget.RemoteViews.performApply(RemoteViews.java:3180)
W/ImageView( 1537): 	at android.widget.RemoteViews.reapply(RemoteViews.java:3171)
W/ImageView( 1537): 	at android.appwidget.AppWidgetHostView.updateAppWidget(AppWidgetHostView.java:383)
W/ImageView( 1537): 	at com.android.launcher3.cp.updateAppWidget(LauncherAppWidgetHostView.java:67)
W/ImageView( 1537): 	at android.appwidget.AppWidgetHost.updateAppWidgetView(AppWidgetHost.java:379)
W/ImageView( 1537): 	at android.appwidget.AppWidgetHost$UpdateHandler.handleMessage(AppWidgetHost.java:104)
W/ImageView( 1537): 	at android.os.Handler.dispatchMessage(Handler.java:102)
W/ImageView( 1537): 	at android.os.Looper.loop(Looper.java:145)
W/ImageView( 1537): 	at android.app.ActivityThread.main(ActivityThread.java:5942)
W/ImageView( 1537): 	at java.lang.reflect.Method.invoke(Native Method)
W/ImageView( 1537): 	at java.lang.reflect.Method.invoke(Method.java:372)
W/ImageView( 1537): 	at com.android.internal.os.ZygoteInit$MethodAndArgsCaller.run(ZygoteInit.java:1399)
W/ImageView( 1537): 	at com.android.internal.os.ZygoteInit.main(ZygoteInit.java:1194)
D/SurfaceFlinger(  272): FPS : 5.81
W/SurfaceFlinger(  272): Fail to Open /sys/devices/platform/gpusysfs/fps
D/StatusBar.NetworkController( 1265): refreshViews connected={ } level=0 combinedSignalIconId=0x0/(null) mobileLabel= wifiLabel= emergencyOnly=false combinedLabel= mAirplaneMode=true mDataActivity=0 mPhoneSignalIconId=0x0/(null) mQSPhoneSignalIconId=0x0/(null) mDataDirectionIconId=0x0/(null) mDataSignalIconId=0x0/(null) mDataTypeIconId=0x0/(null) mQSDataTypeIconId=0x0/(null) mNoSimIconId=0x0/(null) mWifiIconId=0x0/(null) mQSWifiIconId=0x0/(null) mWifiActivityIconId=0x0/(null) mBluetoothTetherIconId=0x10808cc/android:drawable/stat_sys_tether_bluetooth
D/STATUSBAR-WifiQuickSettingButton( 1265): onWifiSignalChanged enabled=false enabledDesc:null
D/PanelView( 1265): mClearAll.setVisibility - mIsFullyOpened : false isShade : true mHasNotification : true mIsUpwardFling : false mQsFullyExpanded : false isShadeLocked : false mClearAllVisible : false
D/InputMethodManagerService(  870): windowGainedFocus mCurrentFocusedUserId - 0 and mSecureKeypadEnabled-false
D/SurfaceFlinger(  272): FPS : 5.81
W/SurfaceFlinger(  272): Fail to Open /sys/devices/platform/gpusysfs/fps
W/ContextImpl(  870): Calling a method in the system process without a qualified user: android.app.ContextImpl.sendBroadcast:1699 com.android.server.InputMethodManagerService$6.run:2734 java.lang.Thread.run:818 <bottom of call stack> <bottom of call stack> 
D/SurfaceFlinger(  272): FPS : 5.81
W/SurfaceFlinger(  272): Fail to Open /sys/devices/platform/gpusysfs/fps
I/Timeline( 8856): Timeline: Activity_idle id: android.os.BinderProxy@9496d00 time:882792
D/SurfaceFlinger(  272): FPS : 5.81
W/SurfaceFlinger(  272): Fail to Open /sys/devices/platform/gpusysfs/fps
D/SurfaceFlinger(  272): FPS : 5.81
W/SurfaceFlinger(  272): Fail to Open /sys/devices/platform/gpusysfs/fps
I/Timeline(  870): Timeline: Activity_windows_visible id: ActivityRecord{237c1998 u0 com.example.mif2019.CamRemote/.RemoteActivity t88} time:882817
W/ActivityManager(  870): mDVFSHelper.release()
I/WindowManager(  870): Screen frozen for +279ms due to Window{3926a962 u0 com.example.mif2019.CamRemote/com.example.mif2019.CamRemote.RemoteActivity}
D/InputDispatcher(  870): setInputDispatchMode: enabled=1, frozen=0
W/IInputConnectionWrapper( 9842): showStatusIcon on inactive InputConnection
I/VerificationLog( 9842): onDestroy
I/Gallery_Performance( 9842): Gallery onDestroy Start
D/GalleryActivityLifecycleCallback( 9842): destroyed : count 0
I/NearbyUtils( 9842): stop nearby framework
D/SurfaceFlinger(  272): FPS : 37.87
W/SurfaceFlinger(  272): Fail to Open /sys/devices/platform/gpusysfs/fps
W/System.err( 9842): java.lang.IllegalArgumentException: Receiver not registered: com.sec.samsung.gallery.controller.SecretModeReceiverCmd$1@14641ef7
W/System.err( 9842): 	at android.app.LoadedApk.forgetReceiverDispatcher(LoadedApk.java:822)
W/System.err( 9842): 	at android.app.ContextImpl.unregisterReceiver(ContextImpl.java:2038)
W/System.err( 9842): 	at android.content.ContextWrapper.unregisterReceiver(ContextWrapper.java:528)
W/System.err( 9842): 	at com.sec.samsung.gallery.controller.SecretModeReceiverCmd.unregisterReceiver(SecretModeReceiverCmd.java:75)
W/System.err( 9842): 	at com.sec.samsung.gallery.controller.SecretModeReceiverCmd.execute(SecretModeReceiverCmd.java:59)
W/System.err( 9842): 	at org.puremvc.java.core.Controller.executeCommand(Controller.java:138)
W/System.err( 9842): 	at org.puremvc.java.core.Controller$1.onNotification(Controller.java:174)
W/System.err( 9842): 	at org.puremvc.java.patterns.observer.Observer.notifyObserver(Observer.java:87)
W/System.err( 9842): 	at org.puremvc.java.core.View.notifyObservers(View.java:134)
W/System.err( 9842): 	at org.puremvc.java.patterns.facade.Facade.notifyObservers(Facade.java:376)
W/System.err( 9842): 	at org.puremvc.java.patterns.facade.Facade.sendNotification(Facade.java:336)
W/System.err( 9842): 	at org.puremvc.java.patterns.facade.Facade.sendNotification(Facade.java:350)
W/System.err( 9842): 	at com.sec.android.gallery3d.app.Gallery.unregisterSecretModeReceiver(Gallery.java:1292)
W/System.err( 9842): 	at com.sec.android.gallery3d.app.Gallery.onDestroy(Gallery.java:898)
W/System.err( 9842): 	at android.app.Activity.performDestroy(Activity.java:6525)
W/System.err( 9842): 	at android.app.Instrumentation.callActivityOnDestroy(Instrumentation.java:1154)
W/System.err( 9842): 	at android.app.ActivityThread.performDestroyActivity(ActivityThread.java:4177)
W/System.err( 9842): 	at android.app.ActivityThread.handleDestroyActivity(ActivityThread.java:4217)
W/System.err( 9842): 	at android.app.ActivityThread.access$1500(ActivityThread.java:177)
W/System.err( 9842): 	at android.app.ActivityThread$H.handleMessage(ActivityThread.java:1502)
W/System.err( 9842): 	at android.os.Handler.dispatchMessage(Handler.java:102)
W/System.err( 9842): 	at android.os.Looper.loop(Looper.java:145)
W/System.err( 9842): 	at android.app.ActivityThread.main(ActivityThread.java:5942)
W/System.err( 9842): 	at java.lang.reflect.Method.invoke(Native Method)
W/System.err( 9842): 	at java.lang.reflect.Method.invoke(Method.java:372)
W/System.err( 9842): 	at com.android.internal.os.ZygoteInit$MethodAndArgsCaller.run(ZygoteInit.java:1399)
W/System.err( 9842): 	at com.android.internal.os.ZygoteInit.main(ZygoteInit.java:1194)
D/SurfaceFlinger(  272): FPS : 37.87
W/SurfaceFlinger(  272): Fail to Open /sys/devices/platform/gpusysfs/fps
D/ThumbnailProxy( 9842): stop()
D/ThumbnailProxy( 9842): stop()
D/ThumbnailProxy( 9842): stop()
D/NearbyUtils( 9842): clear nearby caches
W/ContextImpl( 9842): Failed to ensure directory: /storage/extSdCard/Android/data/com.sec.android.gallery3d/cache
I/Gallery_Performance( 9842): Gallery onDestroy End
D/SurfaceFlinger(  272): FPS : 37.87
W/SurfaceFlinger(  272): Fail to Open /sys/devices/platform/gpusysfs/fps
E/Vold    (  271): Failed to find mounted volume for /storage/extSdCard/Android/data/com.sec.android.gallery3d/cache/
W/Vold    (  271): Returning OperationFailed - no handler for errno 0
D/MapViewPage( 9842): onDetachedFromWindow(): 
D/SurfaceFlinger(  272): FPS : 37.87
W/SurfaceFlinger(  272): Fail to Open /sys/devices/platform/gpusysfs/fps
E/ActivityThread( 9842): Activity com.sec.android.gallery3d.app.Gallery has leaked IntentReceiver com.sec.android.gallery3d.app.GalleryCoverMode$2@3783a05a that was originally registered here. Are you missing a call to unregisterReceiver()?
